Archive member included to satisfy reference by file (symbol)

/Applications/Simplicity Studio.app/Contents/Eclipse/developer/toolchains/gnu_arm/10.2_2020q4/bin/../lib/gcc/arm-none-eabi/10.2.1/../../../../arm-none-eabi/lib/thumb/v7e-m+fp/softfp/libc_nano.a(lib_a-exit.o)
                              /Applications/Simplicity Studio.app/Contents/Eclipse/developer/toolchains/gnu_arm/10.2_2020q4/bin/../lib/gcc/arm-none-eabi/10.2.1/../../../../arm-none-eabi/lib/thumb/v7e-m+fp/softfp/crt0.o (exit)
/Applications/Simplicity Studio.app/Contents/Eclipse/developer/toolchains/gnu_arm/10.2_2020q4/bin/../lib/gcc/arm-none-eabi/10.2.1/../../../../arm-none-eabi/lib/thumb/v7e-m+fp/softfp/libc_nano.a(lib_a-impure.o)
                              /Applications/Simplicity Studio.app/Contents/Eclipse/developer/toolchains/gnu_arm/10.2_2020q4/bin/../lib/gcc/arm-none-eabi/10.2.1/../../../../arm-none-eabi/lib/thumb/v7e-m+fp/softfp/libc_nano.a(lib_a-exit.o) (_global_impure_ptr)
/Applications/Simplicity Studio.app/Contents/Eclipse/developer/toolchains/gnu_arm/10.2_2020q4/bin/../lib/gcc/arm-none-eabi/10.2.1/../../../../arm-none-eabi/lib/thumb/v7e-m+fp/softfp/libc_nano.a(lib_a-init.o)
                              /Applications/Simplicity Studio.app/Contents/Eclipse/developer/toolchains/gnu_arm/10.2_2020q4/bin/../lib/gcc/arm-none-eabi/10.2.1/../../../../arm-none-eabi/lib/thumb/v7e-m+fp/softfp/crt0.o (__libc_init_array)
/Applications/Simplicity Studio.app/Contents/Eclipse/developer/toolchains/gnu_arm/10.2_2020q4/bin/../lib/gcc/arm-none-eabi/10.2.1/../../../../arm-none-eabi/lib/thumb/v7e-m+fp/softfp/libc_nano.a(lib_a-malloc.o)
                              ./src/main_pg12.o (malloc)
/Applications/Simplicity Studio.app/Contents/Eclipse/developer/toolchains/gnu_arm/10.2_2020q4/bin/../lib/gcc/arm-none-eabi/10.2.1/../../../../arm-none-eabi/lib/thumb/v7e-m+fp/softfp/libc_nano.a(lib_a-memset.o)
                              /Applications/Simplicity Studio.app/Contents/Eclipse/developer/toolchains/gnu_arm/10.2_2020q4/bin/../lib/gcc/arm-none-eabi/10.2.1/../../../../arm-none-eabi/lib/thumb/v7e-m+fp/softfp/crt0.o (memset)
/Applications/Simplicity Studio.app/Contents/Eclipse/developer/toolchains/gnu_arm/10.2_2020q4/bin/../lib/gcc/arm-none-eabi/10.2.1/../../../../arm-none-eabi/lib/thumb/v7e-m+fp/softfp/libc_nano.a(lib_a-nano-freer.o)
                              /Applications/Simplicity Studio.app/Contents/Eclipse/developer/toolchains/gnu_arm/10.2_2020q4/bin/../lib/gcc/arm-none-eabi/10.2.1/../../../../arm-none-eabi/lib/thumb/v7e-m+fp/softfp/libc_nano.a(lib_a-malloc.o) (_free_r)
/Applications/Simplicity Studio.app/Contents/Eclipse/developer/toolchains/gnu_arm/10.2_2020q4/bin/../lib/gcc/arm-none-eabi/10.2.1/../../../../arm-none-eabi/lib/thumb/v7e-m+fp/softfp/libc_nano.a(lib_a-nano-mallocr.o)
                              /Applications/Simplicity Studio.app/Contents/Eclipse/developer/toolchains/gnu_arm/10.2_2020q4/bin/../lib/gcc/arm-none-eabi/10.2.1/../../../../arm-none-eabi/lib/thumb/v7e-m+fp/softfp/libc_nano.a(lib_a-malloc.o) (_malloc_r)
/Applications/Simplicity Studio.app/Contents/Eclipse/developer/toolchains/gnu_arm/10.2_2020q4/bin/../lib/gcc/arm-none-eabi/10.2.1/../../../../arm-none-eabi/lib/thumb/v7e-m+fp/softfp/libc_nano.a(lib_a-printf.o)
                              ./src/main_pg12.o (printf)
/Applications/Simplicity Studio.app/Contents/Eclipse/developer/toolchains/gnu_arm/10.2_2020q4/bin/../lib/gcc/arm-none-eabi/10.2.1/../../../../arm-none-eabi/lib/thumb/v7e-m+fp/softfp/libc_nano.a(lib_a-sbrkr.o)
                              /Applications/Simplicity Studio.app/Contents/Eclipse/developer/toolchains/gnu_arm/10.2_2020q4/bin/../lib/gcc/arm-none-eabi/10.2.1/../../../../arm-none-eabi/lib/thumb/v7e-m+fp/softfp/libc_nano.a(lib_a-nano-mallocr.o) (_sbrk_r)
/Applications/Simplicity Studio.app/Contents/Eclipse/developer/toolchains/gnu_arm/10.2_2020q4/bin/../lib/gcc/arm-none-eabi/10.2.1/../../../../arm-none-eabi/lib/thumb/v7e-m+fp/softfp/libc_nano.a(lib_a-sprintf.o)
                              ./src/main_pg12.o (sprintf)
/Applications/Simplicity Studio.app/Contents/Eclipse/developer/toolchains/gnu_arm/10.2_2020q4/bin/../lib/gcc/arm-none-eabi/10.2.1/../../../../arm-none-eabi/lib/thumb/v7e-m+fp/softfp/libc_nano.a(lib_a-strcpy.o)
                              ./src/main_pg12.o (strcpy)
/Applications/Simplicity Studio.app/Contents/Eclipse/developer/toolchains/gnu_arm/10.2_2020q4/bin/../lib/gcc/arm-none-eabi/10.2.1/../../../../arm-none-eabi/lib/thumb/v7e-m+fp/softfp/libc_nano.a(lib_a-findfp.o)
                              /Applications/Simplicity Studio.app/Contents/Eclipse/developer/toolchains/gnu_arm/10.2_2020q4/bin/../lib/gcc/arm-none-eabi/10.2.1/../../../../arm-none-eabi/lib/thumb/v7e-m+fp/softfp/libc_nano.a(lib_a-printf.o) (__sinit)
/Applications/Simplicity Studio.app/Contents/Eclipse/developer/toolchains/gnu_arm/10.2_2020q4/bin/../lib/gcc/arm-none-eabi/10.2.1/../../../../arm-none-eabi/lib/thumb/v7e-m+fp/softfp/libc_nano.a(lib_a-fwalk.o)
[...]
Memory Configuration

Name             Origin             Length             Attributes
FLASH            0x0000000000000000 0x0000000000100000 xr
RAM              0x0000000020000000 0x0000000000040000 xrw
*default*        0x0000000000000000 0xffffffffffffffff

Linker script and memory map

LOAD /Applications/Simplicity Studio.app/Contents/Eclipse/developer/toolchains/gnu_arm/10.2_2020q4/bin/../lib/gcc/arm-none-eabi/10.2.1/thumb/v7e-m+fp/softfp/crti.o
LOAD /Applications/Simplicity Studio.app/Contents/Eclipse/developer/toolchains/gnu_arm/10.2_2020q4/bin/../lib/gcc/arm-none-eabi/10.2.1/thumb/v7e-m+fp/softfp/crtbegin.o
LOAD /Applications/Simplicity Studio.app/Contents/Eclipse/developer/toolchains/gnu_arm/10.2_2020q4/bin/../lib/gcc/arm-none-eabi/10.2.1/../../../../arm-none-eabi/lib/thumb/v7e-m+fp/softfp/crt0.o
LOAD ./CMSIS/EFM32PG12B/startup_efm32pg12b.o
LOAD ./CMSIS/EFM32PG12B/system_efm32pg12b.o
LOAD ./emlib/em_cmu.o
LOAD ./emlib/em_core.o
LOAD ./emlib/em_emu.o
LOAD ./emlib/em_gpio.o
LOAD ./emlib/em_leuart.o
LOAD ./emlib/em_system.o
LOAD ./src/main_pg12.o
START GROUP
LOAD /Applications/Simplicity Studio.app/Contents/Eclipse/developer/toolchains/gnu_arm/10.2_2020q4/bin/../lib/gcc/arm-none-eabi/10.2.1/thumb/v7e-m+fp/softfp/libgcc.a
LOAD /Applications/Simplicity Studio.app/Contents/Eclipse/developer/toolchains/gnu_arm/10.2_2020q4/bin/../lib/gcc/arm-none-eabi/10.2.1/../../../../arm-none-eabi/lib/thumb/v7e-m+fp/softfp/libc_nano.a
LOAD /Applications/Simplicity Studio.app/Contents/Eclipse/developer/toolchains/gnu_arm/10.2_2020q4/bin/../lib/gcc/arm-none-eabi/10.2.1/../../../../arm-none-eabi/lib/thumb/v7e-m+fp/softfp/libnosys.a
END GROUP
START GROUP
LOAD /Applications/Simplicity Studio.app/Contents/Eclipse/developer/toolchains/gnu_arm/10.2_2020q4/bin/../lib/gcc/arm-none-eabi/10.2.1/thumb/v7e-m+fp/softfp/libgcc.a
LOAD /Applications/Simplicity Studio.app/Contents/Eclipse/developer/toolchains/gnu_arm/10.2_2020q4/bin/../lib/gcc/arm-none-eabi/10.2.1/../../../../arm-none-eabi/lib/thumb/v7e-m+fp/softfp/libg_nano.a
LOAD /Applications/Simplicity Studio.app/Contents/Eclipse/developer/toolchains/gnu_arm/10.2_2020q4/bin/../lib/gcc/arm-none-eabi/10.2.1/../../../../arm-none-eabi/lib/thumb/v7e-m+fp/softfp/libc_nano.a
END GROUP
START GROUP
LOAD /Applications/Simplicity Studio.app/Contents/Eclipse/developer/toolchains/gnu_arm/10.2_2020q4/bin/../lib/gcc/arm-none-eabi/10.2.1/thumb/v7e-m+fp/softfp/libgcc.a
LOAD /Applications/Simplicity Studio.app/Contents/Eclipse/developer/toolchains/gnu_arm/10.2_2020q4/bin/../lib/gcc/arm-none-eabi/10.2.1/../../../../arm-none-eabi/lib/thumb/v7e-m+fp/softfp/libc_nano.a
END GROUP
LOAD /Applications/Simplicity Studio.app/Contents/Eclipse/developer/toolchains/gnu_arm/10.2_2020q4/bin/../lib/gcc/arm-none-eabi/10.2.1/thumb/v7e-m+fp/softfp/crtend.o
LOAD /Applications/Simplicity Studio.app/Contents/Eclipse/developer/toolchains/gnu_arm/10.2_2020q4/bin/../lib/gcc/arm-none-eabi/10.2.1/thumb/v7e-m+fp/softfp/crtn.o

.text           0x0000000000000000     0x4e44
 *(.vectors)
 .vectors       0x0000000000000000      0x10c ./CMSIS/EFM32PG12B/startup_efm32pg12b.o
                0x0000000000000000                __Vectors
                0x000000000000010c                __Vectors_End = .
                0x000000000000010c                __Vectors_Size = (__Vectors_End - __Vectors)
                0x0000000020000390                __end__ = .
 *(.text*)
 .text          0x000000000000010c       0x40 /Applications/Simplicity Studio.app/Contents/Eclipse/developer/toolchains/gnu_arm/10.2_2020q4/bin/../lib/gcc/arm-none-eabi/10.2.1/thumb/v7e-m+fp/softfp/crtbegin.o
 .text          0x000000000000014c       0x7c /Applications/Simplicity Studio.app/Contents/Eclipse/developer/toolchains/gnu_arm/10.2_2020q4/bin/../lib/gcc/arm-none-eabi/10.2.1/../../../../arm-none-eabi/lib/thumb/v7e-m+fp/softfp/crt0.o
                0x000000000000014c                _stack_init
                0x0000000000000154                _mainCRTStartup
                0x0000000000000154                _start
 .text          0x00000000000001c8       0x30 ./CMSIS/EFM32PG12B/startup_efm32pg12b.o
                0x00000000000001c8                Reset_Handler
                0x00000000000001f4                USART0_TX_IRQHandler
                0x00000000000001f4                I2C0_IRQHandler
                0x00000000000001f4                HardFault_Handler
                0x00000000000001f4                SysTick_Handler
                0x00000000000001f4                USART1_RX_IRQHandler
                0x00000000000001f4                PendSV_Handler
                0x00000000000001f4                NMI_Handler
                0x00000000000001f4                I2C1_IRQHandler
                0x00000000000001f4                WTIMER0_IRQHandler
                0x00000000000001f4                CRYPTO0_IRQHandler
                0x00000000000001f4                WDOG0_IRQHandler
                0x00000000000001f4                USART1_TX_IRQHandler
                0x00000000000001f4                SMU_IRQHandler
                0x00000000000001f4                MSC_IRQHandler
                0x00000000000001f4                ADC0_IRQHandler
                0x00000000000001f4                UsageFault_Handler
                0x00000000000001f4                WDOG1_IRQHandler
                0x00000000000001f4                FPUEH_IRQHandler
                0x00000000000001f4                WTIMER1_IRQHandler
                0x00000000000001f4                GPIO_EVEN_IRQHandler
                0x00000000000001f4                VDAC0_IRQHandler
                0x00000000000001f4                LDMA_IRQHandler
                0x00000000000001f4                CSEN_IRQHandler
                0x00000000000001f4                CRYPTO1_IRQHandler
                0x00000000000001f4                TIMER0_IRQHandler
                0x00000000000001f4                PCNT2_IRQHandler
                0x00000000000001f4                LETIMER0_IRQHandler
                0x00000000000001f4                TIMER1_IRQHandler
                0x00000000000001f4                TRNG0_IRQHandler
                0x00000000000001f4                USART2_RX_IRQHandler
                0x00000000000001f4                Default_Handler
                0x00000000000001f4                EMU_IRQHandler
                0x00000000000001f4                CRYOTIMER_IRQHandler
                0x00000000000001f4                PCNT0_IRQHandler
                0x00000000000001f4                sl_app_properties
                0x00000000000001f4                PCNT1_IRQHandler
                0x00000000000001f4                ACMP0_IRQHandler
                0x00000000000001f4                USART0_RX_IRQHandler
                0x00000000000001f4                MemManage_Handler
                0x00000000000001f4                SVC_Handler
                0x00000000000001f4                USART3_RX_IRQHandler
                0x00000000000001f4                RTCC_IRQHandler
                0x00000000000001f4                CMU_IRQHandler
                0x00000000000001f4                LESENSE_IRQHandler
                0x00000000000001f4                GPIO_ODD_IRQHandler
                0x00000000000001f4                USART3_TX_IRQHandler
                0x00000000000001f4                BusFault_Handler
                0x00000000000001f4                USART2_TX_IRQHandler
                0x00000000000001f4                DebugMon_Handler
                0x00000000000001f4                IDAC0_IRQHandler
 .text.SystemCoreClockGet
                0x00000000000001f8       0x40 ./CMSIS/EFM32PG12B/system_efm32pg12b.o
                0x00000000000001f8                SystemCoreClockGet
 .text.SystemMaxCoreClockGet
                0x0000000000000238       0x14 ./CMSIS/EFM32PG12B/system_efm32pg12b.o
                0x0000000000000238                SystemMaxCoreClockGet
 .text.SystemHFClockGet
                0x000000000000024c       0x88 ./CMSIS/EFM32PG12B/system_efm32pg12b.o
                0x000000000000024c                SystemHFClockGet
 .text.SystemHFXOClockGet
                0x00000000000002d4       0x18 ./CMSIS/EFM32PG12B/system_efm32pg12b.o
                0x00000000000002d4                SystemHFXOClockGet
 .text.SystemInit
                0x00000000000002ec       0x2c ./CMSIS/EFM32PG12B/system_efm32pg12b.o
                0x00000000000002ec                SystemInit
 .text.SystemLFRCOClockGet
                0x0000000000000318       0x12 ./CMSIS/EFM32PG12B/system_efm32pg12b.o
                0x0000000000000318                SystemLFRCOClockGet
 .text.SystemULFRCOClockGet
                0x000000000000032a       0x12 ./CMSIS/EFM32PG12B/system_efm32pg12b.o
                0x000000000000032a                SystemULFRCOClockGet
 .text.SystemLFXOClockGet
                0x000000000000033c       0x18 ./CMSIS/EFM32PG12B/system_efm32pg12b.o
                0x000000000000033c                SystemLFXOClockGet
 .text.SL_Log2ToDiv
                0x0000000000000354       0x1c ./emlib/em_cmu.o
 .text.BUS_RegBitWrite
                0x0000000000000370       0x32 ./emlib/em_cmu.o
 .text.BUS_RegBitRead
                0x00000000000003a2       0x2e ./emlib/em_cmu.o
 .text.CMU_DivToLog2
                0x00000000000003d0       0x32 ./emlib/em_cmu.o
 .text.CMU_PrescToLog2
                0x0000000000000402       0x28 ./emlib/em_cmu.o
 *fill*         0x000000000000042a        0x2 
 .text.EMU_LDOStatusGet
                0x000000000000042c       0x24 ./emlib/em_cmu.o
 .text.EMU_VScaleWait
                0x0000000000000450       0x30 ./emlib/em_cmu.o
 .text.EMU_VScaleGet
                0x0000000000000480       0x1c ./emlib/em_cmu.o
 .text.setHfLeConfig
                0x000000000000049c       0x64 ./emlib/em_cmu.o
 .text.auxClkGet
                0x0000000000000500       0x20 ./emlib/em_cmu.o
 .text.hfSrcClkGet
                0x0000000000000520       0x2c ./emlib/em_cmu.o
 .text.dbgClkGet
                0x000000000000054c       0x40 ./emlib/em_cmu.o
 .text.adcAsyncClkGet
                0x000000000000058c       0x80 ./emlib/em_cmu.o
 .text.flashWaitStateControl
                0x000000000000060c       0x8c ./emlib/em_cmu.o
 .text.flashWaitStateMax
                0x0000000000000698       0x44 ./emlib/em_cmu.o
 .text.CMU_UpdateWaitStates
                0x00000000000006dc       0x40 ./emlib/em_cmu.o
                0x00000000000006dc                CMU_UpdateWaitStates
 .text.getRegIshUpperVal
                0x000000000000071c       0x36 ./emlib/em_cmu.o
 *fill*         0x0000000000000752        0x2 
 .text.getHfxoTuningMode
                0x0000000000000754       0x1c ./emlib/em_cmu.o
 .text.setHfxoTuningMode
                0x0000000000000770       0x2c ./emlib/em_cmu.o
 .text.lfClkGet
                0x000000000000079c      0x110 ./emlib/em_cmu.o
 .text.syncReg  0x00000000000008ac       0x38 ./emlib/em_cmu.o
 .text.hfperClkSafePrescaler
                0x00000000000008e4        0xe ./emlib/em_cmu.o
 .text.hfperClkOptimizedPrescaler
                0x00000000000008f2        0xe ./emlib/em_cmu.o
 .text.CMU_ClockDivGet
                0x0000000000000900       0x1a ./emlib/em_cmu.o
                0x0000000000000900                CMU_ClockDivGet
 .text.CMU_ClockDivSet
                0x000000000000091a       0x1e ./emlib/em_cmu.o
                0x000000000000091a                CMU_ClockDivSet
 .text.CMU_ClockEnable
                0x0000000000000938       0xcc ./emlib/em_cmu.o
                0x0000000000000938                CMU_ClockEnable
 .text.CMU_ClockFreqGet
                0x0000000000000a04      0x284 ./emlib/em_cmu.o
                0x0000000000000a04                CMU_ClockFreqGet
 .text.CMU_ClockPrescGet
                0x0000000000000c88      0x198 ./emlib/em_cmu.o
                0x0000000000000c88                CMU_ClockPrescGet
 .text.CMU_ClockPrescSet
                0x0000000000000e20      0x26c ./emlib/em_cmu.o
                0x0000000000000e20                CMU_ClockPrescSet
 .text.CMU_ClockSelectGet
                0x000000000000108c      0x1d0 ./emlib/em_cmu.o
                0x000000000000108c                CMU_ClockSelectGet
 .text.CMU_ClockSelectSet
                0x000000000000125c      0x2ec ./emlib/em_cmu.o
                0x000000000000125c                CMU_ClockSelectSet
 .text.CMU_HFRCOBandGet
                0x0000000000001548       0x18 ./emlib/em_cmu.o
                0x0000000000001548                CMU_HFRCOBandGet
 .text.CMU_OscillatorEnable
                0x0000000000001560      0x1a0 ./emlib/em_cmu.o
                0x0000000000001560                CMU_OscillatorEnable
 .text.CMU_OscillatorTuningGet
                0x0000000000001700       0x74 ./emlib/em_cmu.o
                0x0000000000001700                CMU_OscillatorTuningGet
 .text.CMU_OscillatorTuningSet
                0x0000000000001774      0x100 ./emlib/em_cmu.o
                0x0000000000001774                CMU_OscillatorTuningSet
 .text.CMU_OscillatorTuningWait
                0x0000000000001874       0x98 ./emlib/em_cmu.o
                0x0000000000001874                CMU_OscillatorTuningWait
 .text.CMU_OscillatorTuningOptimize
                0x000000000000190c       0x58 ./emlib/em_cmu.o
                0x000000000000190c                CMU_OscillatorTuningOptimize
 .text.CORE_EnterCritical
                0x0000000000001964       0x22 ./emlib/em_core.o
                0x0000000000001964                CORE_EnterCritical
 .text.CORE_ExitCritical
                0x0000000000001986       0x1e ./emlib/em_core.o
                0x0000000000001986                CORE_ExitCritical
 .text.SystemCoreClockUpdate
                0x00000000000019a4        0xc ./emlib/em_emu.o
 .text.BUS_RegBitWrite
                0x00000000000019b0       0x32 ./emlib/em_emu.o
 .text.BUS_RegBitRead
                0x00000000000019e2       0x2e ./emlib/em_emu.o
 .text.EMU_LDOStatusGet
                0x0000000000001a10       0x24 ./emlib/em_emu.o
 .text.EMU_VScaleWait
                0x0000000000001a34       0x30 ./emlib/em_emu.o
 .text.EMU_VScaleGet
                0x0000000000001a64       0x1c ./emlib/em_emu.o
 .text.EMU_IntClear
                0x0000000000001a80       0x20 ./emlib/em_emu.o
 .text.EMU_IntGet
                0x0000000000001aa0       0x18 ./emlib/em_emu.o
 .text.EMU_PowerLock
                0x0000000000001ab8       0x18 ./emlib/em_emu.o
 .text.EMU_PowerUnlock
                0x0000000000001ad0       0x1c ./emlib/em_emu.o
 .text.CMU_Lock
                0x0000000000001aec       0x1c ./emlib/em_emu.o
 .text.CMU_Unlock
                0x0000000000001b08       0x1c ./emlib/em_emu.o
 .text.vScaleEM01Cmd
                0x0000000000001b24       0x22 ./emlib/em_emu.o
 *fill*         0x0000000000001b46        0x2 
 .text.emState  0x0000000000001b48      0x158 ./emlib/em_emu.o
 .text.vScaleDownEM23Setup
                0x0000000000001ca0       0x64 ./emlib/em_emu.o
 .text.vScaleAfterWakeup
                0x0000000000001d04       0x48 ./emlib/em_emu.o
 .text.EMU_EM23PresleepHook
                0x0000000000001d4c        0xe ./emlib/em_emu.o
                0x0000000000001d4c                EMU_EM23PresleepHook
 .text.EMU_EFPEM23PresleepHook
                0x0000000000001d5a        0xe ./emlib/em_emu.o
                0x0000000000001d5a                EMU_EFPEM23PresleepHook
 .text.EMU_EM23PostsleepHook
                0x0000000000001d68        0xe ./emlib/em_emu.o
                0x0000000000001d68                EMU_EM23PostsleepHook
 .text.EMU_EFPEM23PostsleepHook
                0x0000000000001d76        0xe ./emlib/em_emu.o
                0x0000000000001d76                EMU_EFPEM23PostsleepHook
 .text.EMU_EnterEM2
                0x0000000000001d84       0x98 ./emlib/em_emu.o
                0x0000000000001d84                EMU_EnterEM2
 .text.EMU_VScaleEM01ByClock
                0x0000000000001e1c       0x84 ./emlib/em_emu.o
                0x0000000000001e1c                EMU_VScaleEM01ByClock
 .text.EMU_VScaleEM01
                0x0000000000001ea0       0x98 ./emlib/em_emu.o
                0x0000000000001ea0                EMU_VScaleEM01
 .text.dcdcConstCalibrationLoad
                0x0000000000001f38       0x10 ./emlib/em_emu.o
 .text.dcdcValidatedConfigSet
                0x0000000000001f48       0x40 ./emlib/em_emu.o
 .text.currentLimitersUpdate
                0x0000000000001f88       0xe8 ./emlib/em_emu.o
 .text.userCurrentLimitsSet
                0x0000000000002070       0x30 ./emlib/em_emu.o
 .text.compCtrlSet
                0x00000000000020a0       0x40 ./emlib/em_emu.o
 .text.lpCmpHystCalibrationLoad
                0x00000000000020e0       0xd0 ./emlib/em_emu.o
 .text.lpGetDevinfoVrefLowHigh
                0x00000000000021b0      0x18c ./emlib/em_emu.o
 .text.EMU_DCDCModeSet
                0x000000000000233c      0x10c ./emlib/em_emu.o
                0x000000000000233c                EMU_DCDCModeSet
 .text.EMU_DCDCInit
                0x0000000000002448      0x138 ./emlib/em_emu.o
                0x0000000000002448                EMU_DCDCInit
 .text.EMU_DCDCOutputVoltageSet
                0x0000000000002580      0x2ac ./emlib/em_emu.o
                0x0000000000002580                EMU_DCDCOutputVoltageSet
 .text.EMU_DCDCOptimizeSlice
                0x000000000000282c       0xd8 ./emlib/em_emu.o
                0x000000000000282c                EMU_DCDCOptimizeSlice
 .text.EMU_DCDCLnRcoBandSet
                0x0000000000002904       0x54 ./emlib/em_emu.o
                0x0000000000002904                EMU_DCDCLnRcoBandSet
 .text.BUS_RegMaskedSet
                0x0000000000002958       0x24 ./emlib/em_gpio.o
 .text.BUS_RegMaskedClear
                0x000000000000297c       0x24 ./emlib/em_gpio.o
 .text.GPIO_PinOutClear
                0x00000000000029a0       0x78 ./emlib/em_gpio.o
 .text.GPIO_PinOutSet
                0x0000000000002a18       0x78 ./emlib/em_gpio.o
 .text.GPIO_PinModeSet
                0x0000000000002a90      0x130 ./emlib/em_gpio.o
                0x0000000000002a90                GPIO_PinModeSet
 .text.LEUART_Sync
                0x0000000000002bc0       0x32 ./emlib/em_leuart.o
 *fill*         0x0000000000002bf2        0x2 
 .text.LEUART_BaudrateSet
                0x0000000000002bf4       0x6c ./emlib/em_leuart.o
                0x0000000000002bf4                LEUART_BaudrateSet
 .text.LEUART_FreezeEnable
                0x0000000000002c60       0x36 ./emlib/em_leuart.o
                0x0000000000002c60                LEUART_FreezeEnable
 .text.LEUART_Init
                0x0000000000002c96       0x68 ./emlib/em_leuart.o
                0x0000000000002c96                LEUART_Init
 .text.LEUART_Rx
                0x0000000000002cfe       0x28 ./emlib/em_leuart.o
                0x0000000000002cfe                LEUART_Rx
 .text.LEUART_Tx
                0x0000000000002d26       0x30 ./emlib/em_leuart.o
                0x0000000000002d26                LEUART_Tx
 *fill*         0x0000000000002d56        0x2 
 .text.__NVIC_EnableIRQ
                0x0000000000002d58       0x3c ./src/main_pg12.o
 .text.LEUART_IntClear
                0x0000000000002d94       0x1c ./src/main_pg12.o
 .text.LEUART_IntDisable
                0x0000000000002db0       0x24 ./src/main_pg12.o
 .text.LEUART_IntEnable
                0x0000000000002dd4       0x22 ./src/main_pg12.o
 .text.LEUART_IntGet
                0x0000000000002df6       0x18 ./src/main_pg12.o
 .text.LEUART_IntSet
                0x0000000000002e0e       0x1c ./src/main_pg12.o
 *fill*         0x0000000000002e2a        0x2 
 .text.SYSTEM_GetProdRev
                0x0000000000002e2c       0x1c ./src/main_pg12.o
 .text.CHIP_Init
                0x0000000000002e48       0x84 ./src/main_pg12.o
 .text.push_queue
                0x0000000000002ecc       0x58 ./src/main_pg12.o
                0x0000000000002ecc                push_queue
 .text.isEmpty_queue
                0x0000000000002f24       0x34 ./src/main_pg12.o
                0x0000000000002f24                isEmpty_queue
 .text.pop_queue
                0x0000000000002f58       0x58 ./src/main_pg12.o
                0x0000000000002f58                pop_queue
 .text.initGpio
                0x0000000000002fb0       0x2c ./src/main_pg12.o
                0x0000000000002fb0                initGpio
 .text.initLeuart
                0x0000000000002fdc       0x74 ./src/main_pg12.o
                0x0000000000002fdc                initLeuart
 .text.LEUART0_IRQHandler
                0x0000000000003050       0xdc ./src/main_pg12.o
                0x0000000000003050                LEUART0_IRQHandler
 .text.newAdjListNode
                0x000000000000312c       0x28 ./src/main_pg12.o
                0x000000000000312c                newAdjListNode
 .text.createGraph
                0x0000000000003154       0x56 ./src/main_pg12.o
                0x0000000000003154                createGraph
 .text.addEdge  0x00000000000031aa       0x7a ./src/main_pg12.o
                0x00000000000031aa                addEdge
 .text.bfs      0x0000000000003224      0x300 ./src/main_pg12.o
                0x0000000000003224                bfs
 .text.initGraph
                0x0000000000003524      0x200 ./src/main_pg12.o
                0x0000000000003524                initGraph
 .text.getEndVertex
                0x0000000000003724       0x54 ./src/main_pg12.o
                0x0000000000003724                getEndVertex
 .text.getStartVertex
                0x0000000000003778       0x18 ./src/main_pg12.o
                0x0000000000003778                getStartVertex
 .text.main     0x0000000000003790      0x108 ./src/main_pg12.o
                0x0000000000003790                main
 .text.exit     0x0000000000003898       0x28 /Applications/Simplicity Studio.app/Contents/Eclipse/developer/toolchains/gnu_arm/10.2_2020q4/bin/../lib/gcc/arm-none-eabi/10.2.1/../../../../arm-none-eabi/lib/thumb/v7e-m+fp/softfp/libc_nano.a(lib_a-exit.o)
                0x0000000000003898                exit
 .text.__libc_init_array
                0x00000000000038c0       0x48 /Applications/Simplicity Studio.app/Contents/Eclipse/developer/toolchains/gnu_arm/10.2_2020q4/bin/../lib/gcc/arm-none-eabi/10.2.1/../../../../arm-none-eabi/lib/thumb/v7e-m+fp/softfp/libc_nano.a(lib_a-init.o)
                0x00000000000038c0                __libc_init_array
 .text.malloc   0x0000000000003908       0x10 /Applications/Simplicity Studio.app/Contents/Eclipse/developer/toolchains/gnu_arm/10.2_2020q4/bin/../lib/gcc/arm-none-eabi/10.2.1/../../../../arm-none-eabi/lib/thumb/v7e-m+fp/softfp/libc_nano.a(lib_a-malloc.o)
                0x0000000000003908                malloc
 .text.memset   0x0000000000003918       0x10 /Applications/Simplicity Studio.app/Contents/Eclipse/developer/toolchains/gnu_arm/10.2_2020q4/bin/../lib/gcc/arm-none-eabi/10.2.1/../../../../arm-none-eabi/lib/thumb/v7e-m+fp/softfp/libc_nano.a(lib_a-memset.o)
                0x0000000000003918                memset
 .text._free_r  0x0000000000003928       0x98 /Applications/Simplicity Studio.app/Contents/Eclipse/developer/toolchains/gnu_arm/10.2_2020q4/bin/../lib/gcc/arm-none-eabi/10.2.1/../../../../arm-none-eabi/lib/thumb/v7e-m+fp/softfp/libc_nano.a(lib_a-nano-freer.o)
                0x0000000000003928                _free_r
 .text._malloc_r
                0x00000000000039c0       0xb4 /Applications/Simplicity Studio.app/Contents/Eclipse/developer/toolchains/gnu_arm/10.2_2020q4/bin/../lib/gcc/arm-none-eabi/10.2.1/../../../../arm-none-eabi/lib/thumb/v7e-m+fp/softfp/libc_nano.a(lib_a-nano-mallocr.o)
                0x00000000000039c0                _malloc_r
 .text.printf   0x0000000000003a74       0x30 /Applications/Simplicity Studio.app/Contents/Eclipse/developer/toolchains/gnu_arm/10.2_2020q4/bin/../lib/gcc/arm-none-eabi/10.2.1/../../../../arm-none-eabi/lib/thumb/v7e-m+fp/softfp/libc_nano.a(lib_a-printf.o)
                0x0000000000003a74                printf
                0x0000000000003a74                iprintf
 .text._sbrk_r  0x0000000000003aa4       0x20 /Applications/Simplicity Studio.app/Contents/Eclipse/developer/toolchains/gnu_arm/10.2_2020q4/bin/../lib/gcc/arm-none-eabi/10.2.1/../../../../arm-none-eabi/lib/thumb/v7e-m+fp/softfp/libc_nano.a(lib_a-sbrkr.o)
                0x0000000000003aa4                _sbrk_r
 .text.sprintf  0x0000000000003ac4       0x40 /Applications/Simplicity Studio.app/Contents/Eclipse/developer/toolchains/gnu_arm/10.2_2020q4/bin/../lib/gcc/arm-none-eabi/10.2.1/../../../../arm-none-eabi/lib/thumb/v7e-m+fp/softfp/libc_nano.a(lib_a-sprintf.o)
                0x0000000000003ac4                sprintf
                0x0000000000003ac4                siprintf
 .text.strcpy   0x0000000000003b04       0x10 /Applications/Simplicity Studio.app/Contents/Eclipse/developer/toolchains/gnu_arm/10.2_2020q4/bin/../lib/gcc/arm-none-eabi/10.2.1/../../../../arm-none-eabi/lib/thumb/v7e-m+fp/softfp/libc_nano.a(lib_a-strcpy.o)
                0x0000000000003b04                strcpy
 .text.std      0x0000000000003b14       0x48 /Applications/Simplicity Studio.app/Contents/Eclipse/developer/toolchains/gnu_arm/10.2_2020q4/bin/../lib/gcc/arm-none-eabi/10.2.1/../../../../arm-none-eabi/lib/thumb/v7e-m+fp/softfp/libc_nano.a(lib_a-findfp.o)
 .text._cleanup_r
                0x0000000000003b5c        0xc /Applications/Simplicity Studio.app/Contents/Eclipse/developer/toolchains/gnu_arm/10.2_2020q4/bin/../lib/gcc/arm-none-eabi/10.2.1/../../../../arm-none-eabi/lib/thumb/v7e-m+fp/softfp/libc_nano.a(lib_a-findfp.o)
                0x0000000000003b5c                _cleanup_r
 .text.__sfmoreglue
                0x0000000000003b68       0x2c /Applications/Simplicity Studio.app/Contents/Eclipse/developer/toolchains/gnu_arm/10.2_2020q4/bin/../lib/gcc/arm-none-eabi/10.2.1/../../../../arm-none-eabi/lib/thumb/v7e-m+fp/softfp/libc_nano.a(lib_a-findfp.o)
                0x0000000000003b68                __sfmoreglue
 .text.__sfp_lock_acquire
                0x0000000000003b94        0xc /Applications/Simplicity Studio.app/Contents/Eclipse/developer/toolchains/gnu_arm/10.2_2020q4/bin/../lib/gcc/arm-none-eabi/10.2.1/../../../../arm-none-eabi/lib/thumb/v7e-m+fp/softfp/libc_nano.a(lib_a-findfp.o)
                0x0000000000003b94                __sfp_lock_acquire
 .text.__sfp_lock_release
                0x0000000000003ba0        0xc /Applications/Simplicity Studio.app/Contents/Eclipse/developer/toolchains/gnu_arm/10.2_2020q4/bin/../lib/gcc/arm-none-eabi/10.2.1/../../../../arm-none-eabi/lib/thumb/v7e-m+fp/softfp/libc_nano.a(lib_a-findfp.o)
                0x0000000000003ba0                __sfp_lock_release
 .text.__sinit_lock_acquire
                0x0000000000003bac        0xc /Applications/Simplicity Studio.app/Contents/Eclipse/developer/toolchains/gnu_arm/10.2_2020q4/bin/../lib/gcc/arm-none-eabi/10.2.1/../../../../arm-none-eabi/lib/thumb/v7e-m+fp/softfp/libc_nano.a(lib_a-findfp.o)
                0x0000000000003bac                __sinit_lock_acquire
 .text.__sinit_lock_release
                0x0000000000003bb8        0xc /Applications/Simplicity Studio.app/Contents/Eclipse/developer/toolchains/gnu_arm/10.2_2020q4/bin/../lib/gcc/arm-none-eabi/10.2.1/../../../../arm-none-eabi/lib/thumb/v7e-m+fp/softfp/libc_nano.a(lib_a-findfp.o)
                0x0000000000003bb8                __sinit_lock_release
 .text.__sinit  0x0000000000003bc4       0x70 /Applications/Simplicity Studio.app/Contents/Eclipse/developer/toolchains/gnu_arm/10.2_2020q4/bin/../lib/gcc/arm-none-eabi/10.2.1/../../../../arm-none-eabi/lib/thumb/v7e-m+fp/softfp/libc_nano.a(lib_a-findfp.o)
                0x0000000000003bc4                __sinit
 .text.__sfp    0x0000000000003c34       0x8c /Applications/Simplicity Studio.app/Contents/Eclipse/developer/toolchains/gnu_arm/10.2_2020q4/bin/../lib/gcc/arm-none-eabi/10.2.1/../../../../arm-none-eabi/lib/thumb/v7e-m+fp/softfp/libc_nano.a(lib_a-findfp.o)
                0x0000000000003c34                __sfp
 .text._fwalk_reent
                0x0000000000003cc0       0x3e /Applications/Simplicity Studio.app/Contents/Eclipse/developer/toolchains/gnu_arm/10.2_2020q4/bin/../lib/gcc/arm-none-eabi/10.2.1/../../../../arm-none-eabi/lib/thumb/v7e-m+fp/softfp/libc_nano.a(lib_a-fwalk.o)
                0x0000000000003cc0                _fwalk_reent
 .text.__retarget_lock_init_recursive
                0x0000000000003cfe        0x2 /Applications/Simplicity Studio.app/Contents/Eclipse/developer/toolchains/gnu_arm/10.2_2020q4/bin/../lib/gcc/arm-none-eabi/10.2.1/../../../../arm-none-eabi/lib/thumb/v7e-m+fp/softfp/libc_nano.a(lib_a-lock.o)
                0x0000000000003cfe                __retarget_lock_init_recursive
 .text.__retarget_lock_acquire_recursive
                0x0000000000003d00        0x2 /Applications/Simplicity Studio.app/Contents/Eclipse/developer/toolchains/gnu_arm/10.2_2020q4/bin/../lib/gcc/arm-none-eabi/10.2.1/../../../../arm-none-eabi/lib/thumb/v7e-m+fp/softfp/libc_nano.a(lib_a-lock.o)
                0x0000000000003d00                __retarget_lock_acquire_recursive
 .text.__retarget_lock_release_recursive
                0x0000000000003d02        0x2 /Applications/Simplicity Studio.app/Contents/Eclipse/developer/toolchains/gnu_arm/10.2_2020q4/bin/../lib/gcc/arm-none-eabi/10.2.1/../../../../arm-none-eabi/lib/thumb/v7e-m+fp/softfp/libc_nano.a(lib_a-lock.o)
                0x0000000000003d02                __retarget_lock_release_recursive
 .text.__malloc_lock
                0x0000000000003d04        0xc /Applications/Simplicity Studio.app/Contents/Eclipse/developer/toolchains/gnu_arm/10.2_2020q4/bin/../lib/gcc/arm-none-eabi/10.2.1/../../../../arm-none-eabi/lib/thumb/v7e-m+fp/softfp/libc_nano.a(lib_a-mlock.o)
                0x0000000000003d04                __malloc_lock
 .text.__malloc_unlock
                0x0000000000003d10        0xc /Applications/Simplicity Studio.app/Contents/Eclipse/developer/toolchains/gnu_arm/10.2_2020q4/bin/../lib/gcc/arm-none-eabi/10.2.1/../../../../arm-none-eabi/lib/thumb/v7e-m+fp/softfp/libc_nano.a(lib_a-mlock.o)
                0x0000000000003d10                __malloc_unlock
 .text.__ssputs_r
                0x0000000000003d1c       0xb6 /Applications/Simplicity Studio.app/Contents/Eclipse/developer/toolchains/gnu_arm/10.2_2020q4/bin/../lib/gcc/arm-none-eabi/10.2.1/../../../../arm-none-eabi/lib/thumb/v7e-m+fp/softfp/libc_nano.a(lib_a-nano-svfprintf.o)
                0x0000000000003d1c                __ssputs_r
 *fill*         0x0000000000003dd2        0x2 
 .text._svfprintf_r
                0x0000000000003dd4      0x200 /Applications/Simplicity Studio.app/Contents/Eclipse/developer/toolchains/gnu_arm/10.2_2020q4/bin/../lib/gcc/arm-none-eabi/10.2.1/../../../../arm-none-eabi/lib/thumb/v7e-m+fp/softfp/libc_nano.a(lib_a-nano-svfprintf.o)
                0x0000000000003dd4                _svfprintf_r
                0x0000000000003dd4                _svfiprintf_r
 .text.__sfputc_r
                0x0000000000003fd4       0x2e /Applications/Simplicity Studio.app/Contents/Eclipse/developer/toolchains/gnu_arm/10.2_2020q4/bin/../lib/gcc/arm-none-eabi/10.2.1/../../../../arm-none-eabi/lib/thumb/v7e-m+fp/softfp/libc_nano.a(lib_a-nano-vfprintf.o)
 .text.__sfputs_r
                0x0000000000004002       0x24 /Applications/Simplicity Studio.app/Contents/Eclipse/developer/toolchains/gnu_arm/10.2_2020q4/bin/../lib/gcc/arm-none-eabi/10.2.1/../../../../arm-none-eabi/lib/thumb/v7e-m+fp/softfp/libc_nano.a(lib_a-nano-vfprintf.o)
                0x0000000000004002                __sfputs_r
 *fill*         0x0000000000004026        0x2 
 .text._vfprintf_r
                0x0000000000004028      0x260 /Applications/Simplicity Studio.app/Contents/Eclipse/developer/toolchains/gnu_arm/10.2_2020q4/bin/../lib/gcc/arm-none-eabi/10.2.1/../../../../arm-none-eabi/lib/thumb/v7e-m+fp/softfp/libc_nano.a(lib_a-nano-vfprintf.o)
                0x0000000000004028                _vfiprintf_r
                0x0000000000004028                _vfprintf_r
 .text._printf_common
                0x0000000000004288       0xda /Applications/Simplicity Studio.app/Contents/Eclipse/developer/toolchains/gnu_arm/10.2_2020q4/bin/../lib/gcc/arm-none-eabi/10.2.1/../../../../arm-none-eabi/lib/thumb/v7e-m+fp/softfp/libc_nano.a(lib_a-nano-vfprintf_i.o)
                0x0000000000004288                _printf_common
 *fill*         0x0000000000004362        0x2 
 .text._printf_i
                0x0000000000004364      0x24c /Applications/Simplicity Studio.app/Contents/Eclipse/developer/toolchains/gnu_arm/10.2_2020q4/bin/../lib/gcc/arm-none-eabi/10.2.1/../../../../arm-none-eabi/lib/thumb/v7e-m+fp/softfp/libc_nano.a(lib_a-nano-vfprintf_i.o)
                0x0000000000004364                _printf_i
 .text.__sread  0x00000000000045b0       0x22 /Applications/Simplicity Studio.app/Contents/Eclipse/developer/toolchains/gnu_arm/10.2_2020q4/bin/../lib/gcc/arm-none-eabi/10.2.1/../../../../arm-none-eabi/lib/thumb/v7e-m+fp/softfp/libc_nano.a(lib_a-stdio.o)
                0x00000000000045b0                __sread
 .text.__swrite
                0x00000000000045d2       0x38 /Applications/Simplicity Studio.app/Contents/Eclipse/developer/toolchains/gnu_arm/10.2_2020q4/bin/../lib/gcc/arm-none-eabi/10.2.1/../../../../arm-none-eabi/lib/thumb/v7e-m+fp/softfp/libc_nano.a(lib_a-stdio.o)
                0x00000000000045d2                __swrite
 .text.__sseek  0x000000000000460a       0x24 /Applications/Simplicity Studio.app/Contents/Eclipse/developer/toolchains/gnu_arm/10.2_2020q4/bin/../lib/gcc/arm-none-eabi/10.2.1/../../../../arm-none-eabi/lib/thumb/v7e-m+fp/softfp/libc_nano.a(lib_a-stdio.o)
                0x000000000000460a                __sseek
 .text.__sclose
                0x000000000000462e        0x8 /Applications/Simplicity Studio.app/Contents/Eclipse/developer/toolchains/gnu_arm/10.2_2020q4/bin/../lib/gcc/arm-none-eabi/10.2.1/../../../../arm-none-eabi/lib/thumb/v7e-m+fp/softfp/libc_nano.a(lib_a-stdio.o)
                0x000000000000462e                __sclose
 *fill*         0x0000000000004636        0x2 
 .text.__swbuf_r
                0x0000000000004638       0xa4 /Applications/Simplicity Studio.app/Contents/Eclipse/developer/toolchains/gnu_arm/10.2_2020q4/bin/../lib/gcc/arm-none-eabi/10.2.1/../../../../arm-none-eabi/lib/thumb/v7e-m+fp/softfp/libc_nano.a(lib_a-wbuf.o)
                0x0000000000004638                __swbuf_r
 .text._write_r
                0x00000000000046dc       0x24 /Applications/Simplicity Studio.app/Contents/Eclipse/developer/toolchains/gnu_arm/10.2_2020q4/bin/../lib/gcc/arm-none-eabi/10.2.1/../../../../arm-none-eabi/lib/thumb/v7e-m+fp/softfp/libc_nano.a(lib_a-writer.o)
                0x00000000000046dc                _write_r
 .text.__swsetup_r
                0x0000000000004700       0xdc /Applications/Simplicity Studio.app/Contents/Eclipse/developer/toolchains/gnu_arm/10.2_2020q4/bin/../lib/gcc/arm-none-eabi/10.2.1/../../../../arm-none-eabi/lib/thumb/v7e-m+fp/softfp/libc_nano.a(lib_a-wsetup.o)
                0x0000000000004700                __swsetup_r
 .text._close_r
                0x00000000000047dc       0x20 /Applications/Simplicity Studio.app/Contents/Eclipse/developer/toolchains/gnu_arm/10.2_2020q4/bin/../lib/gcc/arm-none-eabi/10.2.1/../../../../arm-none-eabi/lib/thumb/v7e-m+fp/softfp/libc_nano.a(lib_a-closer.o)
                0x00000000000047dc                _close_r
 .text.__sflush_r
                0x00000000000047fc      0x10c /Applications/Simplicity Studio.app/Contents/Eclipse/developer/toolchains/gnu_arm/10.2_2020q4/bin/../lib/gcc/arm-none-eabi/10.2.1/../../../../arm-none-eabi/lib/thumb/v7e-m+fp/softfp/libc_nano.a(lib_a-fflush.o)
                0x00000000000047fc                __sflush_r
 .text._fflush_r
                0x0000000000004908       0x78 /Applications/Simplicity Studio.app/Contents/Eclipse/developer/toolchains/gnu_arm/10.2_2020q4/bin/../lib/gcc/arm-none-eabi/10.2.1/../../../../arm-none-eabi/lib/thumb/v7e-m+fp/softfp/libc_nano.a(lib_a-fflush.o)
                0x0000000000004908                _fflush_r
 .text._lseek_r
                0x0000000000004980       0x24 /Applications/Simplicity Studio.app/Contents/Eclipse/developer/toolchains/gnu_arm/10.2_2020q4/bin/../lib/gcc/arm-none-eabi/10.2.1/../../../../arm-none-eabi/lib/thumb/v7e-m+fp/softfp/libc_nano.a(lib_a-lseekr.o)
                0x0000000000004980                _lseek_r
 .text.__swhatbuf_r
                0x00000000000049a4       0x4a /Applications/Simplicity Studio.app/Contents/Eclipse/developer/toolchains/gnu_arm/10.2_2020q4/bin/../lib/gcc/arm-none-eabi/10.2.1/../../../../arm-none-eabi/lib/thumb/v7e-m+fp/softfp/libc_nano.a(lib_a-makebuf.o)
                0x00000000000049a4                __swhatbuf_r
 *fill*         0x00000000000049ee        0x2 
 .text.__smakebuf_r
                0x00000000000049f0       0x80 /Applications/Simplicity Studio.app/Contents/Eclipse/developer/toolchains/gnu_arm/10.2_2020q4/bin/../lib/gcc/arm-none-eabi/10.2.1/../../../../arm-none-eabi/lib/thumb/v7e-m+fp/softfp/libc_nano.a(lib_a-makebuf.o)
                0x00000000000049f0                __smakebuf_r
 .text          0x0000000000004a70       0xa0 /Applications/Simplicity Studio.app/Contents/Eclipse/developer/toolchains/gnu_arm/10.2_2020q4/bin/../lib/gcc/arm-none-eabi/10.2.1/../../../../arm-none-eabi/lib/thumb/v7e-m+fp/softfp/libc_nano.a(lib_a-memchr.o)
                0x0000000000004a70                memchr
 .text.memcpy   0x0000000000004b10       0x1c /Applications/Simplicity Studio.app/Contents/Eclipse/developer/toolchains/gnu_arm/10.2_2020q4/bin/../lib/gcc/arm-none-eabi/10.2.1/../../../../arm-none-eabi/lib/thumb/v7e-m+fp/softfp/libc_nano.a(lib_a-memcpy-stub.o)
                0x0000000000004b10                memcpy
 .text.memmove  0x0000000000004b2c       0x34 /Applications/Simplicity Studio.app/Contents/Eclipse/developer/toolchains/gnu_arm/10.2_2020q4/bin/../lib/gcc/arm-none-eabi/10.2.1/../../../../arm-none-eabi/lib/thumb/v7e-m+fp/softfp/libc_nano.a(lib_a-memmove.o)
                0x0000000000004b2c                memmove
 .text._realloc_r
                0x0000000000004b60       0x4c /Applications/Simplicity Studio.app/Contents/Eclipse/developer/toolchains/gnu_arm/10.2_2020q4/bin/../lib/gcc/arm-none-eabi/10.2.1/../../../../arm-none-eabi/lib/thumb/v7e-m+fp/softfp/libc_nano.a(lib_a-nano-reallocr.o)
                0x0000000000004b60                _realloc_r
 .text._read_r  0x0000000000004bac       0x24 /Applications/Simplicity Studio.app/Contents/Eclipse/developer/toolchains/gnu_arm/10.2_2020q4/bin/../lib/gcc/arm-none-eabi/10.2.1/../../../../arm-none-eabi/lib/thumb/v7e-m+fp/softfp/libc_nano.a(lib_a-readr.o)
                0x0000000000004bac                _read_r
 .text._fstat_r
                0x0000000000004bd0       0x24 /Applications/Simplicity Studio.app/Contents/Eclipse/developer/toolchains/gnu_arm/10.2_2020q4/bin/../lib/gcc/arm-none-eabi/10.2.1/../../../../arm-none-eabi/lib/thumb/v7e-m+fp/softfp/libc_nano.a(lib_a-fstatr.o)
                0x0000000000004bd0                _fstat_r
 .text._isatty_r
                0x0000000000004bf4       0x20 /Applications/Simplicity Studio.app/Contents/Eclipse/developer/toolchains/gnu_arm/10.2_2020q4/bin/../lib/gcc/arm-none-eabi/10.2.1/../../../../arm-none-eabi/lib/thumb/v7e-m+fp/softfp/libc_nano.a(lib_a-isattyr.o)
                0x0000000000004bf4                _isatty_r
 .text._malloc_usable_size_r
                0x0000000000004c14       0x10 /Applications/Simplicity Studio.app/Contents/Eclipse/developer/toolchains/gnu_arm/10.2_2020q4/bin/../lib/gcc/arm-none-eabi/10.2.1/../../../../arm-none-eabi/lib/thumb/v7e-m+fp/softfp/libc_nano.a(lib_a-nano-msizer.o)
                0x0000000000004c14                _malloc_usable_size_r
 .text._close   0x0000000000004c24       0x10 /Applications/Simplicity Studio.app/Contents/Eclipse/developer/toolchains/gnu_arm/10.2_2020q4/bin/../lib/gcc/arm-none-eabi/10.2.1/../../../../arm-none-eabi/lib/thumb/v7e-m+fp/softfp/libnosys.a(close.o)
                0x0000000000004c24                _close
 .text._fstat   0x0000000000004c34       0x10 /Applications/Simplicity Studio.app/Contents/Eclipse/developer/toolchains/gnu_arm/10.2_2020q4/bin/../lib/gcc/arm-none-eabi/10.2.1/../../../../arm-none-eabi/lib/thumb/v7e-m+fp/softfp/libnosys.a(fstat.o)
                0x0000000000004c34                _fstat
 .text._isatty  0x0000000000004c44       0x10 /Applications/Simplicity Studio.app/Contents/Eclipse/developer/toolchains/gnu_arm/10.2_2020q4/bin/../lib/gcc/arm-none-eabi/10.2.1/../../../../arm-none-eabi/lib/thumb/v7e-m+fp/softfp/libnosys.a(isatty.o)
                0x0000000000004c44                _isatty
 .text._lseek   0x0000000000004c54       0x10 /Applications/Simplicity Studio.app/Contents/Eclipse/developer/toolchains/gnu_arm/10.2_2020q4/bin/../lib/gcc/arm-none-eabi/10.2.1/../../../../arm-none-eabi/lib/thumb/v7e-m+fp/softfp/libnosys.a(lseek.o)
                0x0000000000004c54                _lseek
 .text._read    0x0000000000004c64       0x10 /Applications/Simplicity Studio.app/Contents/Eclipse/developer/toolchains/gnu_arm/10.2_2020q4/bin/../lib/gcc/arm-none-eabi/10.2.1/../../../../arm-none-eabi/lib/thumb/v7e-m+fp/softfp/libnosys.a(read.o)
                0x0000000000004c64                _read
 .text._sbrk    0x0000000000004c74       0x1c /Applications/Simplicity Studio.app/Contents/Eclipse/developer/toolchains/gnu_arm/10.2_2020q4/bin/../lib/gcc/arm-none-eabi/10.2.1/../../../../arm-none-eabi/lib/thumb/v7e-m+fp/softfp/libnosys.a(sbrk.o)
                0x0000000000004c74                _sbrk
 .text._write   0x0000000000004c90       0x10 /Applications/Simplicity Studio.app/Contents/Eclipse/developer/toolchains/gnu_arm/10.2_2020q4/bin/../lib/gcc/arm-none-eabi/10.2.1/../../../../arm-none-eabi/lib/thumb/v7e-m+fp/softfp/libnosys.a(write.o)
                0x0000000000004c90                _write
 .text._exit    0x0000000000004ca0        0x4 /Applications/Simplicity Studio.app/Contents/Eclipse/developer/toolchains/gnu_arm/10.2_2020q4/bin/../lib/gcc/arm-none-eabi/10.2.1/../../../../arm-none-eabi/lib/thumb/v7e-m+fp/softfp/libnosys.a(_exit.o)
                0x0000000000004ca0                _exit
 *(.init)
 .init          0x0000000000004ca4        0x4 /Applications/Simplicity Studio.app/Contents/Eclipse/developer/toolchains/gnu_arm/10.2_2020q4/bin/../lib/gcc/arm-none-eabi/10.2.1/thumb/v7e-m+fp/softfp/crti.o
                0x0000000000004ca4                _init
 .init          0x0000000000004ca8        0x8 /Applications/Simplicity Studio.app/Contents/Eclipse/developer/toolchains/gnu_arm/10.2_2020q4/bin/../lib/gcc/arm-none-eabi/10.2.1/thumb/v7e-m+fp/softfp/crtn.o
 *(.fini)
 .fini          0x0000000000004cb0        0x4 /Applications/Simplicity Studio.app/Contents/Eclipse/developer/toolchains/gnu_arm/10.2_2020q4/bin/../lib/gcc/arm-none-eabi/10.2.1/thumb/v7e-m+fp/softfp/crti.o
                0x0000000000004cb0                _fini
 .fini          0x0000000000004cb4        0x8 /Applications/Simplicity Studio.app/Contents/Eclipse/developer/toolchains/gnu_arm/10.2_2020q4/bin/../lib/gcc/arm-none-eabi/10.2.1/thumb/v7e-m+fp/softfp/crtn.o
 *fill*         0x0000000000004cbc        0x4 
 .fini.__stub   0x0000000000004cc0        0x8 linker stubs
 *crtbegin.o(.ctors)
 *crtbegin?.o(.ctors)
 *(EXCLUDE_FILE(*crtend.o *crtend?.o) .ctors)
 *(SORT_BY_NAME(.ctors.*))
 *(.ctors)
 *crtbegin.o(.dtors)
 *crtbegin?.o(.dtors)
 *(EXCLUDE_FILE(*crtend.o *crtend?.o) .dtors)
 *(SORT_BY_NAME(.dtors.*))
 *(.dtors)
 *(.rodata*)
 .rodata.flashWsTable
                0x0000000000004cc8       0x28 ./emlib/em_cmu.o
 .rodata        0x0000000000004cf0        0x3 ./emlib/em_emu.o
 *fill*         0x0000000000004cf3        0x1 
 .rodata        0x0000000000004cf4       0xb4 ./src/main_pg12.o
 .rodata._global_impure_ptr
                0x0000000000004da8        0x4 /Applications/Simplicity Studio.app/Contents/Eclipse/developer/toolchains/gnu_arm/10.2_2020q4/bin/../lib/gcc/arm-none-eabi/10.2.1/../../../../arm-none-eabi/lib/thumb/v7e-m+fp/softfp/libc_nano.a(lib_a-impure.o)
                0x0000000000004da8                _global_impure_ptr
 .rodata.__sf_fake_stderr
                0x0000000000004dac       0x20 /Applications/Simplicity Studio.app/Contents/Eclipse/developer/toolchains/gnu_arm/10.2_2020q4/bin/../lib/gcc/arm-none-eabi/10.2.1/../../../../arm-none-eabi/lib/thumb/v7e-m+fp/softfp/libc_nano.a(lib_a-findfp.o)
                0x0000000000004dac                __sf_fake_stderr
 .rodata.__sf_fake_stdin
                0x0000000000004dcc       0x20 /Applications/Simplicity Studio.app/Contents/Eclipse/developer/toolchains/gnu_arm/10.2_2020q4/bin/../lib/gcc/arm-none-eabi/10.2.1/../../../../arm-none-eabi/lib/thumb/v7e-m+fp/softfp/libc_nano.a(lib_a-findfp.o)
                0x0000000000004dcc                __sf_fake_stdin
 .rodata.__sf_fake_stdout
                0x0000000000004dec       0x20 /Applications/Simplicity Studio.app/Contents/Eclipse/developer/toolchains/gnu_arm/10.2_2020q4/bin/../lib/gcc/arm-none-eabi/10.2.1/../../../../arm-none-eabi/lib/thumb/v7e-m+fp/softfp/libc_nano.a(lib_a-findfp.o)
                0x0000000000004dec                __sf_fake_stdout
 .rodata._svfprintf_r.str1.1
                0x0000000000004e0c       0x11 /Applications/Simplicity Studio.app/Contents/Eclipse/developer/toolchains/gnu_arm/10.2_2020q4/bin/../lib/gcc/arm-none-eabi/10.2.1/../../../../arm-none-eabi/lib/thumb/v7e-m+fp/softfp/libc_nano.a(lib_a-nano-svfprintf.o)
 .rodata._vfprintf_r.str1.1
                0x0000000000004e1d       0x11 /Applications/Simplicity Studio.app/Contents/Eclipse/developer/toolchains/gnu_arm/10.2_2020q4/bin/../lib/gcc/arm-none-eabi/10.2.1/../../../../arm-none-eabi/lib/thumb/v7e-m+fp/softfp/libc_nano.a(lib_a-nano-vfprintf.o)
 .rodata._printf_i.str1.1
                0x0000000000004e1d       0x22 /Applications/Simplicity Studio.app/Contents/Eclipse/developer/toolchains/gnu_arm/10.2_2020q4/bin/../lib/gcc/arm-none-eabi/10.2.1/../../../../arm-none-eabi/lib/thumb/v7e-m+fp/softfp/libc_nano.a(lib_a-nano-vfprintf_i.o)
 *(.eh_frame*)
 *fill*         0x0000000000004e3f        0x1 
 .eh_frame      0x0000000000004e40        0x0 /Applications/Simplicity Studio.app/Contents/Eclipse/developer/toolchains/gnu_arm/10.2_2020q4/bin/../lib/gcc/arm-none-eabi/10.2.1/thumb/v7e-m+fp/softfp/crtbegin.o
 .eh_frame      0x0000000000004e40        0x4 /Applications/Simplicity Studio.app/Contents/Eclipse/developer/toolchains/gnu_arm/10.2_2020q4/bin/../lib/gcc/arm-none-eabi/10.2.1/thumb/v7e-m+fp/softfp/crtend.o

.glue_7         0x0000000000004e44        0x0
 .glue_7        0x0000000000004e44        0x0 linker stubs

.glue_7t        0x0000000000004e44        0x0
 .glue_7t       0x0000000000004e44        0x0 linker stubs

.vfp11_veneer   0x0000000000004e44        0x0
 .vfp11_veneer  0x0000000000004e44        0x0 linker stubs

.v4_bx          0x0000000000004e44        0x0
 .v4_bx         0x0000000000004e44        0x0 linker stubs

.iplt           0x0000000000004e44        0x0
 .iplt          0x0000000000004e44        0x0 /Applications/Simplicity Studio.app/Contents/Eclipse/developer/toolchains/gnu_arm/10.2_2020q4/bin/../lib/gcc/arm-none-eabi/10.2.1/thumb/v7e-m+fp/softfp/crtbegin.o

.ARM.extab
 *(.ARM.extab* .gnu.linkonce.armextab.*)
                0x0000000000004e44                __exidx_start = .

.ARM.exidx      0x0000000000004e44        0x8
 *(.ARM.exidx* .gnu.linkonce.armexidx.*)
 .ARM.exidx     0x0000000000004e44        0x8 /Applications/Simplicity Studio.app/Contents/Eclipse/developer/toolchains/gnu_arm/10.2_2020q4/bin/../lib/gcc/arm-none-eabi/10.2.1/../../../../arm-none-eabi/lib/thumb/v7e-m+fp/softfp/crt0.o
                                         0x10 (size before relaxing)
                0x0000000000004e4c                __exidx_end = .
                0x0000000000004e4c                __etext = .

.rel.dyn        0x0000000000004e4c        0x0
 .rel.iplt      0x0000000000004e4c        0x0 /Applications/Simplicity Studio.app/Contents/Eclipse/developer/toolchains/gnu_arm/10.2_2020q4/bin/../lib/gcc/arm-none-eabi/10.2.1/thumb/v7e-m+fp/softfp/crtbegin.o

.data           0x0000000020000000       0xb0 load address 0x0000000000004e4c
                0x0000000020000000                __data_start__ = .
 *(vtable)
 *(.data*)
 .data.SystemHFXOClock
                0x0000000020000000        0x4 ./CMSIS/EFM32PG12B/system_efm32pg12b.o
 .data.SystemLFXOClock
                0x0000000020000004        0x4 ./CMSIS/EFM32PG12B/system_efm32pg12b.o
 .data.SystemCoreClock
                0x0000000020000008        0x4 ./CMSIS/EFM32PG12B/system_efm32pg12b.o
                0x0000000020000008                SystemCoreClock
 .data.SystemHfrcoFreq
                0x000000002000000c        0x4 ./CMSIS/EFM32PG12B/system_efm32pg12b.o
                0x000000002000000c                SystemHfrcoFreq
 .data.auxHfrcoFreq
                0x0000000020000010        0x4 ./emlib/em_cmu.o
 .data.front    0x0000000020000014        0x4 ./src/main_pg12.o
                0x0000000020000014                front
 .data.rear     0x0000000020000018        0x4 ./src/main_pg12.o
                0x0000000020000018                rear
 .data._impure_ptr
                0x000000002000001c        0x4 /Applications/Simplicity Studio.app/Contents/Eclipse/developer/toolchains/gnu_arm/10.2_2020q4/bin/../lib/gcc/arm-none-eabi/10.2.1/../../../../arm-none-eabi/lib/thumb/v7e-m+fp/softfp/libc_nano.a(lib_a-impure.o)
                0x000000002000001c                _impure_ptr
 .data.impure_data
                0x0000000020000020       0x60 /Applications/Simplicity Studio.app/Contents/Eclipse/developer/toolchains/gnu_arm/10.2_2020q4/bin/../lib/gcc/arm-none-eabi/10.2.1/../../../../arm-none-eabi/lib/thumb/v7e-m+fp/softfp/libc_nano.a(lib_a-impure.o)
                0x0000000020000080                . = ALIGN (0x4)
 *(.ram)
 .ram           0x0000000020000080       0x28 ./emlib/em_emu.o
                0x00000000200000a8                . = ALIGN (0x4)
                0x00000000200000a8                PROVIDE (__preinit_array_start = .)
 *(.preinit_array)
                0x00000000200000a8                PROVIDE (__preinit_array_end = .)
                0x00000000200000a8                . = ALIGN (0x4)
                0x00000000200000a8                PROVIDE (__init_array_start = .)
 *(SORT_BY_NAME(.init_array.*))
 *(.init_array)
 .init_array    0x00000000200000a8        0x4 /Applications/Simplicity Studio.app/Contents/Eclipse/developer/toolchains/gnu_arm/10.2_2020q4/bin/../lib/gcc/arm-none-eabi/10.2.1/thumb/v7e-m+fp/softfp/crtbegin.o
                0x00000000200000ac                PROVIDE (__init_array_end = .)
                0x00000000200000ac                . = ALIGN (0x4)
                [!provide]                        PROVIDE (__fini_array_start = .)
 *(SORT_BY_NAME(.fini_array.*))
 *(.fini_array)
 .fini_array    0x00000000200000ac        0x4 /Applications/Simplicity Studio.app/Contents/Eclipse/developer/toolchains/gnu_arm/10.2_2020q4/bin/../lib/gcc/arm-none-eabi/10.2.1/thumb/v7e-m+fp/softfp/crtbegin.o
                [!provide]                        PROVIDE (__fini_array_end = .)
 *(.jcr*)
                0x00000000200000b0                . = ALIGN (0x4)
                0x00000000200000b0                __data_end__ = .

.igot.plt       0x00000000200000b0        0x0 load address 0x0000000000004efc
 .igot.plt      0x00000000200000b0        0x0 /Applications/Simplicity Studio.app/Contents/Eclipse/developer/toolchains/gnu_arm/10.2_2020q4/bin/../lib/gcc/arm-none-eabi/10.2.1/thumb/v7e-m+fp/softfp/crtbegin.o

.bss            0x00000000200000b0      0x2dc load address 0x0000000000004efc
                0x00000000200000b0                . = ALIGN (0x4)
                0x00000000200000b0                __bss_start__ = .
 *(.bss*)
 .bss           0x00000000200000b0       0x1c /Applications/Simplicity Studio.app/Contents/Eclipse/developer/toolchains/gnu_arm/10.2_2020q4/bin/../lib/gcc/arm-none-eabi/10.2.1/thumb/v7e-m+fp/softfp/crtbegin.o
 .bss.dcdcMaxCurrent_mA
                0x00000000200000cc        0x2 ./emlib/em_emu.o
 .bss.dcdcEm01LoadCurrent_mA
                0x00000000200000ce        0x2 ./emlib/em_emu.o
 .bss.dcdcReverseCurrentControl
                0x00000000200000d0        0x2 ./emlib/em_emu.o
 *fill*         0x00000000200000d2        0x2 
 .bss.vScaleEM01Config
                0x00000000200000d4        0x1 ./emlib/em_emu.o
 *fill*         0x00000000200000d5        0x3 
 .bss.cmuStatus.3
                0x00000000200000d8        0x4 ./emlib/em_emu.o
 .bss.hfClock.2
                0x00000000200000dc        0x1 ./emlib/em_emu.o
 .bss.vScaleStatus.1
                0x00000000200000dd        0x1 ./emlib/em_emu.o
 *fill*         0x00000000200000de        0x2 
 .bss.hfrcoCtrl.0
                0x00000000200000e0        0x4 ./emlib/em_emu.o
 .bss.queue     0x00000000200000e4      0x190 ./src/main_pg12.o
                0x00000000200000e4                queue
 .bss.path_out  0x0000000020000274       0x4c ./src/main_pg12.o
                0x0000000020000274                path_out
 .bss.graph     0x00000000200002c0        0x4 ./src/main_pg12.o
                0x00000000200002c0                graph
 .bss.g_src     0x00000000200002c4        0x4 ./src/main_pg12.o
                0x00000000200002c4                g_src
 .bss.g_dest    0x00000000200002c8        0x4 ./src/main_pg12.o
                0x00000000200002c8                g_dest
 .bss.rxDataReady
                0x00000000200002cc        0x4 ./src/main_pg12.o
 .bss.rxBuffer  0x00000000200002d0       0x50 ./src/main_pg12.o
 .bss.txBuffer  0x0000000020000320       0x50 ./src/main_pg12.o
 .bss.rxIndex.1
                0x0000000020000370        0x4 ./src/main_pg12.o
 .bss.txIndex.0
                0x0000000020000374        0x4 ./src/main_pg12.o
 .bss.__malloc_free_list
                0x0000000020000378        0x4 /Applications/Simplicity Studio.app/Contents/Eclipse/developer/toolchains/gnu_arm/10.2_2020q4/bin/../lib/gcc/arm-none-eabi/10.2.1/../../../../arm-none-eabi/lib/thumb/v7e-m+fp/softfp/libc_nano.a(lib_a-nano-mallocr.o)
                0x0000000020000378                __malloc_free_list
 .bss.__malloc_sbrk_start
                0x000000002000037c        0x4 /Applications/Simplicity Studio.app/Contents/Eclipse/developer/toolchains/gnu_arm/10.2_2020q4/bin/../lib/gcc/arm-none-eabi/10.2.1/../../../../arm-none-eabi/lib/thumb/v7e-m+fp/softfp/libc_nano.a(lib_a-nano-mallocr.o)
                0x000000002000037c                __malloc_sbrk_start
 .bss.__lock___malloc_recursive_mutex
                0x0000000020000380        0x1 /Applications/Simplicity Studio.app/Contents/Eclipse/developer/toolchains/gnu_arm/10.2_2020q4/bin/../lib/gcc/arm-none-eabi/10.2.1/../../../../arm-none-eabi/lib/thumb/v7e-m+fp/softfp/libc_nano.a(lib_a-lock.o)
                0x0000000020000380                __lock___malloc_recursive_mutex
 .bss.__lock___sfp_recursive_mutex
                0x0000000020000381        0x1 /Applications/Simplicity Studio.app/Contents/Eclipse/developer/toolchains/gnu_arm/10.2_2020q4/bin/../lib/gcc/arm-none-eabi/10.2.1/../../../../arm-none-eabi/lib/thumb/v7e-m+fp/softfp/libc_nano.a(lib_a-lock.o)
                0x0000000020000381                __lock___sfp_recursive_mutex
 .bss.__lock___sinit_recursive_mutex
                0x0000000020000382        0x1 /Applications/Simplicity Studio.app/Contents/Eclipse/developer/toolchains/gnu_arm/10.2_2020q4/bin/../lib/gcc/arm-none-eabi/10.2.1/../../../../arm-none-eabi/lib/thumb/v7e-m+fp/softfp/libc_nano.a(lib_a-lock.o)
                0x0000000020000382                __lock___sinit_recursive_mutex
 *fill*         0x0000000020000383        0x1 
 .bss.errno     0x0000000020000384        0x4 /Applications/Simplicity Studio.app/Contents/Eclipse/developer/toolchains/gnu_arm/10.2_2020q4/bin/../lib/gcc/arm-none-eabi/10.2.1/../../../../arm-none-eabi/lib/thumb/v7e-m+fp/softfp/libc_nano.a(lib_a-reent.o)
                0x0000000020000384                errno
 .bss.heap_end.0
                0x0000000020000388        0x4 /Applications/Simplicity Studio.app/Contents/Eclipse/developer/toolchains/gnu_arm/10.2_2020q4/bin/../lib/gcc/arm-none-eabi/10.2.1/../../../../arm-none-eabi/lib/thumb/v7e-m+fp/softfp/libnosys.a(sbrk.o)
 *(COMMON)
                0x000000002000038c                . = ALIGN (0x4)
                0x000000002000038c                __bss_end__ = .

.heap           0x0000000020000390      0xc00
                0x0000000020000390                __HeapBase = .
                0x0000000020000390                __end__ = .
                0x0000000020000390                end = __end__
                0x0000000020000390                _end = __end__
 *(.heap*)
 .heap          0x0000000020000390      0xc00 ./CMSIS/EFM32PG12B/startup_efm32pg12b.o
                0x0000000020000f90                __HeapLimit = .

.stack_dummy    0x0000000020000390      0x400
 *(.stack*)
 .stack         0x0000000020000390      0x400 ./CMSIS/EFM32PG12B/startup_efm32pg12b.o
                0x0000000020040000                __StackTop = (ORIGIN (RAM) + LENGTH (RAM))
                0x000000002003fc00                __StackLimit = (__StackTop - SIZEOF (.stack_dummy))
                0x0000000020040000                PROVIDE (__stack = __StackTop)
                0x0000000000000001                ASSERT ((__StackLimit >= __HeapLimit), region RAM overflowed with stack)
                0x0000000000000001                ASSERT ((LENGTH (FLASH) >= (__etext + SIZEOF (.data))), FLASH memory overflowed !)
OUTPUT(SLSTK3402A_EFM32PG12B_leuart_echo.axf elf32-littlearm)
LOAD linker stubs

.ARM.attributes
                0x0000000000000000       0x2e
 .ARM.attributes
                0x0000000000000000       0x1e /Applications/Simplicity Studio.app/Contents/Eclipse/developer/toolchains/gnu_arm/10.2_2020q4/bin/../lib/gcc/arm-none-eabi/10.2.1/thumb/v7e-m+fp/softfp/crti.o
 .ARM.attributes
                0x000000000000001e       0x32 /Applications/Simplicity Studio.app/Contents/Eclipse/developer/toolchains/gnu_arm/10.2_2020q4/bin/../lib/gcc/arm-none-eabi/10.2.1/thumb/v7e-m+fp/softfp/crtbegin.o
 .ARM.attributes
                0x0000000000000050       0x1c /Applications/Simplicity Studio.app/Contents/Eclipse/developer/toolchains/gnu_arm/10.2_2020q4/bin/../lib/gcc/arm-none-eabi/10.2.1/../../../../arm-none-eabi/lib/thumb/v7e-m+fp/softfp/crt0.o
 .ARM.attributes
                0x000000000000006c       0x1f ./CMSIS/EFM32PG12B/startup_efm32pg12b.o
 .ARM.attributes
                0x000000000000008b       0x32 ./CMSIS/EFM32PG12B/system_efm32pg12b.o
 .ARM.attributes
                0x00000000000000bd       0x32 ./emlib/em_cmu.o
 .ARM.attributes
                0x00000000000000ef       0x32 ./emlib/em_core.o
 .ARM.attributes
                0x0000000000000121       0x32 ./emlib/em_emu.o
 .ARM.attributes
                0x0000000000000153       0x32 ./emlib/em_gpio.o
 .ARM.attributes
                0x0000000000000185       0x32 ./emlib/em_leuart.o
 .ARM.attributes
                0x00000000000001b7       0x32 ./src/main_pg12.o
 .ARM.attributes
                0x00000000000001e9       0x32 /Applications/Simplicity Studio.app/Contents/Eclipse/developer/toolchains/gnu_arm/10.2_2020q4/bin/../lib/gcc/arm-none-eabi/10.2.1/../../../../arm-none-eabi/lib/thumb/v7e-m+fp/softfp/libc_nano.a(lib_a-exit.o)
 .ARM.attributes
                0x000000000000021b       0x30 /Applications/Simplicity Studio.app/Contents/Eclipse/developer/toolchains/gnu_arm/10.2_2020q4/bin/../lib/gcc/arm-none-eabi/10.2.1/../../../../arm-none-eabi/lib/thumb/v7e-m+fp/softfp/libc_nano.a(lib_a-impure.o)
 .ARM.attributes
                0x000000000000024b       0x32 /Applications/Simplicity Studio.app/Contents/Eclipse/developer/toolchains/gnu_arm/10.2_2020q4/bin/../lib/gcc/arm-none-eabi/10.2.1/../../../../arm-none-eabi/lib/thumb/v7e-m+fp/softfp/libc_nano.a(lib_a-init.o)
 .ARM.attributes
                0x000000000000027d       0x32 /Applications/Simplicity Studio.app/Contents/Eclipse/developer/toolchains/gnu_arm/10.2_2020q4/bin/../lib/gcc/arm-none-eabi/10.2.1/../../../../arm-none-eabi/lib/thumb/v7e-m+fp/softfp/libc_nano.a(lib_a-malloc.o)
 .ARM.attributes
                0x00000000000002af       0x32 /Applications/Simplicity Studio.app/Contents/Eclipse/developer/toolchains/gnu_arm/10.2_2020q4/bin/../lib/gcc/arm-none-eabi/10.2.1/../../../../arm-none-eabi/lib/thumb/v7e-m+fp/softfp/libc_nano.a(lib_a-memset.o)
 .ARM.attributes
                0x00000000000002e1       0x32 /Applications/Simplicity Studio.app/Contents/Eclipse/developer/toolchains/gnu_arm/10.2_2020q4/bin/../lib/gcc/arm-none-eabi/10.2.1/../../../../arm-none-eabi/lib/thumb/v7e-m+fp/softfp/libc_nano.a(lib_a-nano-freer.o)
 .ARM.attributes
                0x0000000000000313       0x32 /Applications/Simplicity Studio.app/Contents/Eclipse/developer/toolchains/gnu_arm/10.2_2020q4/bin/../lib/gcc/arm-none-eabi/10.2.1/../../../../arm-none-eabi/lib/thumb/v7e-m+fp/softfp/libc_nano.a(lib_a-nano-mallocr.o)
 .ARM.attributes
                0x0000000000000345       0x32 /Applications/Simplicity Studio.app/Contents/Eclipse/developer/toolchains/gnu_arm/10.2_2020q4/bin/../lib/gcc/arm-none-eabi/10.2.1/../../../../arm-none-eabi/lib/thumb/v7e-m+fp/softfp/libc_nano.a(lib_a-printf.o)
 .ARM.attributes
                0x0000000000000377       0x32 /Applications/Simplicity Studio.app/Contents/Eclipse/developer/toolchains/gnu_arm/10.2_2020q4/bin/../lib/gcc/arm-none-eabi/10.2.1/../../../../arm-none-eabi/lib/thumb/v7e-m+fp/softfp/libc_nano.a(lib_a-sbrkr.o)
 .ARM.attributes
                0x00000000000003a9       0x32 /Applications/Simplicity Studio.app/Contents/Eclipse/developer/toolchains/gnu_arm/10.2_2020q4/bin/../lib/gcc/arm-none-eabi/10.2.1/../../../../arm-none-eabi/lib/thumb/v7e-m+fp/softfp/libc_nano.a(lib_a-sprintf.o)
 .ARM.attributes
                0x00000000000003db       0x32 /Applications/Simplicity Studio.app/Contents/Eclipse/developer/toolchains/gnu_arm/10.2_2020q4/bin/../lib/gcc/arm-none-eabi/10.2.1/../../../../arm-none-eabi/lib/thumb/v7e-m+fp/softfp/libc_nano.a(lib_a-strcpy.o)
 .ARM.attributes
                0x000000000000040d       0x32 /Applications/Simplicity Studio.app/Contents/Eclipse/developer/toolchains/gnu_arm/10.2_2020q4/bin/../lib/gcc/arm-none-eabi/10.2.1/../../../../arm-none-eabi/lib/thumb/v7e-m+fp/softfp/libc_nano.a(lib_a-findfp.o)
 .ARM.attributes
                0x000000000000043f       0x32 /Applications/Simplicity Studio.app/Contents/Eclipse/developer/toolchains/gnu_arm/10.2_2020q4/bin/../lib/gcc/arm-none-eabi/10.2.1/../../../../arm-none-eabi/lib/thumb/v7e-m+fp/softfp/libc_nano.a(lib_a-fwalk.o)
 .ARM.attributes
                0x0000000000000471       0x32 /Applications/Simplicity Studio.app/Contents/Eclipse/developer/toolchains/gnu_arm/10.2_2020q4/bin/../lib/gcc/arm-none-eabi/10.2.1/../../../../arm-none-eabi/lib/thumb/v7e-m+fp/softfp/libc_nano.a(lib_a-lock.o)
 .ARM.attributes
                0x00000000000004a3       0x32 /Applications/Simplicity Studio.app/Contents/Eclipse/developer/toolchains/gnu_arm/10.2_2020q4/bin/../lib/gcc/arm-none-eabi/10.2.1/../../../../arm-none-eabi/lib/thumb/v7e-m+fp/softfp/libc_nano.a(lib_a-mlock.o)
 .ARM.attributes
                0x00000000000004d5       0x32 /Applications/Simplicity Studio.app/Contents/Eclipse/developer/toolchains/gnu_arm/10.2_2020q4/bin/../lib/gcc/arm-none-eabi/10.2.1/../../../../arm-none-eabi/lib/thumb/v7e-m+fp/softfp/libc_nano.a(lib_a-nano-svfprintf.o)
 .ARM.attributes
                0x0000000000000507       0x32 /Applications/Simplicity Studio.app/Contents/Eclipse/developer/toolchains/gnu_arm/10.2_2020q4/bin/../lib/gcc/arm-none-eabi/10.2.1/../../../../arm-none-eabi/lib/thumb/v7e-m+fp/softfp/libc_nano.a(lib_a-nano-vfprintf.o)
 .ARM.attributes
                0x0000000000000539       0x32 /Applications/Simplicity Studio.app/Contents/Eclipse/developer/toolchains/gnu_arm/10.2_2020q4/bin/../lib/gcc/arm-none-eabi/10.2.1/../../../../arm-none-eabi/lib/thumb/v7e-m+fp/softfp/libc_nano.a(lib_a-nano-vfprintf_i.o)
 .ARM.attributes
                0x000000000000056b       0x32 /Applications/Simplicity Studio.app/Contents/Eclipse/developer/toolchains/gnu_arm/10.2_2020q4/bin/../lib/gcc/arm-none-eabi/10.2.1/../../../../arm-none-eabi/lib/thumb/v7e-m+fp/softfp/libc_nano.a(lib_a-reent.o)
 .ARM.attributes
                0x000000000000059d       0x32 /Applications/Simplicity Studio.app/Contents/Eclipse/developer/toolchains/gnu_arm/10.2_2020q4/bin/../lib/gcc/arm-none-eabi/10.2.1/../../../../arm-none-eabi/lib/thumb/v7e-m+fp/softfp/libc_nano.a(lib_a-stdio.o)
 .ARM.attributes
                0x00000000000005cf       0x32 /Applications/Simplicity Studio.app/Contents/Eclipse/developer/toolchains/gnu_arm/10.2_2020q4/bin/../lib/gcc/arm-none-eabi/10.2.1/../../../../arm-none-eabi/lib/thumb/v7e-m+fp/softfp/libc_nano.a(lib_a-wbuf.o)
 .ARM.attributes
                0x0000000000000601       0x32 /Applications/Simplicity Studio.app/Contents/Eclipse/developer/toolchains/gnu_arm/10.2_2020q4/bin/../lib/gcc/arm-none-eabi/10.2.1/../../../../arm-none-eabi/lib/thumb/v7e-m+fp/softfp/libc_nano.a(lib_a-writer.o)
 .ARM.attributes
                0x0000000000000633       0x32 /Applications/Simplicity Studio.app/Contents/Eclipse/developer/toolchains/gnu_arm/10.2_2020q4/bin/../lib/gcc/arm-none-eabi/10.2.1/../../../../arm-none-eabi/lib/thumb/v7e-m+fp/softfp/libc_nano.a(lib_a-wsetup.o)
 .ARM.attributes
                0x0000000000000665       0x32 /Applications/Simplicity Studio.app/Contents/Eclipse/developer/toolchains/gnu_arm/10.2_2020q4/bin/../lib/gcc/arm-none-eabi/10.2.1/../../../../arm-none-eabi/lib/thumb/v7e-m+fp/softfp/libc_nano.a(lib_a-closer.o)
 .ARM.attributes
                0x0000000000000697       0x32 /Applications/Simplicity Studio.app/Contents/Eclipse/developer/toolchains/gnu_arm/10.2_2020q4/bin/../lib/gcc/arm-none-eabi/10.2.1/../../../../arm-none-eabi/lib/thumb/v7e-m+fp/softfp/libc_nano.a(lib_a-fflush.o)
 .ARM.attributes
                0x00000000000006c9       0x32 /Applications/Simplicity Studio.app/Contents/Eclipse/developer/toolchains/gnu_arm/10.2_2020q4/bin/../lib/gcc/arm-none-eabi/10.2.1/../../../../arm-none-eabi/lib/thumb/v7e-m+fp/softfp/libc_nano.a(lib_a-lseekr.o)
 .ARM.attributes
                0x00000000000006fb       0x32 /Applications/Simplicity Studio.app/Contents/Eclipse/developer/toolchains/gnu_arm/10.2_2020q4/bin/../lib/gcc/arm-none-eabi/10.2.1/../../../../arm-none-eabi/lib/thumb/v7e-m+fp/softfp/libc_nano.a(lib_a-makebuf.o)
 .ARM.attributes
                0x000000000000072d       0x1c /Applications/Simplicity Studio.app/Contents/Eclipse/developer/toolchains/gnu_arm/10.2_2020q4/bin/../lib/gcc/arm-none-eabi/10.2.1/../../../../arm-none-eabi/lib/thumb/v7e-m+fp/softfp/libc_nano.a(lib_a-memchr.o)
 .ARM.attributes
                0x0000000000000749       0x32 /Applications/Simplicity Studio.app/Contents/Eclipse/developer/toolchains/gnu_arm/10.2_2020q4/bin/../lib/gcc/arm-none-eabi/10.2.1/../../../../arm-none-eabi/lib/thumb/v7e-m+fp/softfp/libc_nano.a(lib_a-memcpy-stub.o)
 .ARM.attributes
                0x000000000000077b       0x32 /Applications/Simplicity Studio.app/Contents/Eclipse/developer/toolchains/gnu_arm/10.2_2020q4/bin/../lib/gcc/arm-none-eabi/10.2.1/../../../../arm-none-eabi/lib/thumb/v7e-m+fp/softfp/libc_nano.a(lib_a-memmove.o)
 .ARM.attributes
                0x00000000000007ad       0x32 /Applications/Simplicity Studio.app/Contents/Eclipse/developer/toolchains/gnu_arm/10.2_2020q4/bin/../lib/gcc/arm-none-eabi/10.2.1/../../../../arm-none-eabi/lib/thumb/v7e-m+fp/softfp/libc_nano.a(lib_a-nano-reallocr.o)
 .ARM.attributes
                0x00000000000007df       0x32 /Applications/Simplicity Studio.app/Contents/Eclipse/developer/toolchains/gnu_arm/10.2_2020q4/bin/../lib/gcc/arm-none-eabi/10.2.1/../../../../arm-none-eabi/lib/thumb/v7e-m+fp/softfp/libc_nano.a(lib_a-readr.o)
 .ARM.attributes
                0x0000000000000811       0x32 /Applications/Simplicity Studio.app/Contents/Eclipse/developer/toolchains/gnu_arm/10.2_2020q4/bin/../lib/gcc/arm-none-eabi/10.2.1/../../../../arm-none-eabi/lib/thumb/v7e-m+fp/softfp/libc_nano.a(lib_a-fstatr.o)
 .ARM.attributes
                0x0000000000000843       0x32 /Applications/Simplicity Studio.app/Contents/Eclipse/developer/toolchains/gnu_arm/10.2_2020q4/bin/../lib/gcc/arm-none-eabi/10.2.1/../../../../arm-none-eabi/lib/thumb/v7e-m+fp/softfp/libc_nano.a(lib_a-isattyr.o)
 .ARM.attributes
                0x0000000000000875       0x32 /Applications/Simplicity Studio.app/Contents/Eclipse/developer/toolchains/gnu_arm/10.2_2020q4/bin/../lib/gcc/arm-none-eabi/10.2.1/../../../../arm-none-eabi/lib/thumb/v7e-m+fp/softfp/libc_nano.a(lib_a-nano-msizer.o)
 .ARM.attributes
                0x00000000000008a7       0x32 /Applications/Simplicity Studio.app/Contents/Eclipse/developer/toolchains/gnu_arm/10.2_2020q4/bin/../lib/gcc/arm-none-eabi/10.2.1/../../../../arm-none-eabi/lib/thumb/v7e-m+fp/softfp/libnosys.a(close.o)
 .ARM.attributes
                0x00000000000008d9       0x32 /Applications/Simplicity Studio.app/Contents/Eclipse/developer/toolchains/gnu_arm/10.2_2020q4/bin/../lib/gcc/arm-none-eabi/10.2.1/../../../../arm-none-eabi/lib/thumb/v7e-m+fp/softfp/libnosys.a(fstat.o)
 .ARM.attributes
                0x000000000000090b       0x32 /Applications/Simplicity Studio.app/Contents/Eclipse/developer/toolchains/gnu_arm/10.2_2020q4/bin/../lib/gcc/arm-none-eabi/10.2.1/../../../../arm-none-eabi/lib/thumb/v7e-m+fp/softfp/libnosys.a(isatty.o)
 .ARM.attributes
                0x000000000000093d       0x32 /Applications/Simplicity Studio.app/Contents/Eclipse/developer/toolchains/gnu_arm/10.2_2020q4/bin/../lib/gcc/arm-none-eabi/10.2.1/../../../../arm-none-eabi/lib/thumb/v7e-m+fp/softfp/libnosys.a(lseek.o)
 .ARM.attributes
                0x000000000000096f       0x32 /Applications/Simplicity Studio.app/Contents/Eclipse/developer/toolchains/gnu_arm/10.2_2020q4/bin/../lib/gcc/arm-none-eabi/10.2.1/../../../../arm-none-eabi/lib/thumb/v7e-m+fp/softfp/libnosys.a(read.o)
 .ARM.attributes
                0x00000000000009a1       0x32 /Applications/Simplicity Studio.app/Contents/Eclipse/developer/toolchains/gnu_arm/10.2_2020q4/bin/../lib/gcc/arm-none-eabi/10.2.1/../../../../arm-none-eabi/lib/thumb/v7e-m+fp/softfp/libnosys.a(sbrk.o)
 .ARM.attributes
                0x00000000000009d3       0x32 /Applications/Simplicity Studio.app/Contents/Eclipse/developer/toolchains/gnu_arm/10.2_2020q4/bin/../lib/gcc/arm-none-eabi/10.2.1/../../../../arm-none-eabi/lib/thumb/v7e-m+fp/softfp/libnosys.a(write.o)
 .ARM.attributes
                0x0000000000000a05       0x32 /Applications/Simplicity Studio.app/Contents/Eclipse/developer/toolchains/gnu_arm/10.2_2020q4/bin/../lib/gcc/arm-none-eabi/10.2.1/../../../../arm-none-eabi/lib/thumb/v7e-m+fp/softfp/libnosys.a(_exit.o)
 .ARM.attributes
                0x0000000000000a37       0x30 /Applications/Simplicity Studio.app/Contents/Eclipse/developer/toolchains/gnu_arm/10.2_2020q4/bin/../lib/gcc/arm-none-eabi/10.2.1/thumb/v7e-m+fp/softfp/crtend.o
 .ARM.attributes
                0x0000000000000a67       0x1e /Applications/Simplicity Studio.app/Contents/Eclipse/developer/toolchains/gnu_arm/10.2_2020q4/bin/../lib/gcc/arm-none-eabi/10.2.1/thumb/v7e-m+fp/softfp/crtn.o

.comment        0x0000000000000000       0x4d
 .comment       0x0000000000000000       0x4d ./CMSIS/EFM32PG12B/system_efm32pg12b.o
                                         0x4e (size before relaxing)
 .comment       0x000000000000004d       0x4e ./emlib/em_cmu.o
 .comment       0x000000000000004d       0x4e ./emlib/em_core.o
 .comment       0x000000000000004d       0x4e ./emlib/em_emu.o
 .comment       0x000000000000004d       0x4e ./emlib/em_gpio.o
 .comment       0x000000000000004d       0x4e ./emlib/em_leuart.o
 .comment       0x000000000000004d       0x4e ./src/main_pg12.o

.debug_line     0x0000000000000000     0x54e9
 .debug_line    0x0000000000000000       0xeb ./CMSIS/EFM32PG12B/startup_efm32pg12b.o
 .debug_line    0x00000000000000eb      0x45b ./CMSIS/EFM32PG12B/system_efm32pg12b.o
 .debug_line    0x0000000000000546     0x17a5 ./emlib/em_cmu.o
 .debug_line    0x0000000000001ceb      0x8e6 ./emlib/em_core.o
 .debug_line    0x00000000000025d1     0x1884 ./emlib/em_emu.o
 .debug_line    0x0000000000003e55      0x746 ./emlib/em_gpio.o
 .debug_line    0x000000000000459b      0x58d ./emlib/em_leuart.o
 .debug_line    0x0000000000004b28      0x9c1 ./src/main_pg12.o

.debug_info     0x0000000000000000     0x982a
 .debug_info    0x0000000000000000       0x26 ./CMSIS/EFM32PG12B/startup_efm32pg12b.o
 .debug_info    0x0000000000000026      0x993 ./CMSIS/EFM32PG12B/system_efm32pg12b.o
 .debug_info    0x00000000000009b9     0x26a7 ./emlib/em_cmu.o
 .debug_info    0x0000000000003060      0xd7c ./emlib/em_core.o
 .debug_info    0x0000000000003ddc     0x27f6 ./emlib/em_emu.o
 .debug_info    0x00000000000065d2      0xade ./emlib/em_gpio.o
 .debug_info    0x00000000000070b0      0x8e6 ./emlib/em_leuart.o
 .debug_info    0x0000000000007996     0x1e94 ./src/main_pg12.o

.debug_abbrev   0x0000000000000000     0x131d
 .debug_abbrev  0x0000000000000000       0x14 ./CMSIS/EFM32PG12B/startup_efm32pg12b.o
 .debug_abbrev  0x0000000000000014      0x203 ./CMSIS/EFM32PG12B/system_efm32pg12b.o
 .debug_abbrev  0x0000000000000217      0x373 ./emlib/em_cmu.o
 .debug_abbrev  0x000000000000058a      0x256 ./emlib/em_core.o
 .debug_abbrev  0x00000000000007e0      0x35e ./emlib/em_emu.o
 .debug_abbrev  0x0000000000000b3e      0x227 ./emlib/em_gpio.o
 .debug_abbrev  0x0000000000000d65      0x200 ./emlib/em_leuart.o
 .debug_abbrev  0x0000000000000f65      0x3b8 ./src/main_pg12.o

.debug_aranges  0x0000000000000000      0x730
 .debug_aranges
                0x0000000000000000       0x20 ./CMSIS/EFM32PG12B/startup_efm32pg12b.o
 .debug_aranges
                0x0000000000000020       0x68 ./CMSIS/EFM32PG12B/system_efm32pg12b.o
 .debug_aranges
                0x0000000000000088      0x1d8 ./emlib/em_cmu.o
 .debug_aranges
                0x0000000000000260       0xe8 ./emlib/em_core.o
 .debug_aranges
                0x0000000000000348      0x208 ./emlib/em_emu.o
 .debug_aranges
                0x0000000000000550       0x88 ./emlib/em_gpio.o
 .debug_aranges
                0x00000000000005d8       0x88 ./emlib/em_leuart.o
 .debug_aranges
                0x0000000000000660       0xd0 ./src/main_pg12.o

.debug_str      0x0000000000000000     0x3d9e
 .debug_str     0x0000000000000000      0x11b ./CMSIS/EFM32PG12B/startup_efm32pg12b.o
 .debug_str     0x000000000000011b      0x61b ./CMSIS/EFM32PG12B/system_efm32pg12b.o
                                        0x6e8 (size before relaxing)
 .debug_str     0x0000000000000736     0x1570 ./emlib/em_cmu.o
                                       0x1ac7 (size before relaxing)
 .debug_str     0x0000000000001ca6      0x634 ./emlib/em_core.o
                                        0x8ea (size before relaxing)
 .debug_str     0x00000000000022da     0x10a8 ./emlib/em_emu.o
                                       0x1eb5 (size before relaxing)
 .debug_str     0x0000000000003382      0x4e8 ./emlib/em_gpio.o
                                        0x8fd (size before relaxing)
 .debug_str     0x000000000000386a      0x329 ./emlib/em_leuart.o
                                        0x86b (size before relaxing)
 .debug_str     0x0000000000003b93      0x20b ./src/main_pg12.o
                                       0x1694 (size before relaxing)

.debug_loc      0x0000000000000000     0x3fd8
 .debug_loc     0x0000000000000000      0x2e4 ./CMSIS/EFM32PG12B/system_efm32pg12b.o
 .debug_loc     0x00000000000002e4     0x1198 ./emlib/em_cmu.o
 .debug_loc     0x000000000000147c      0x88c ./emlib/em_core.o
 .debug_loc     0x0000000000001d08     0x1272 ./emlib/em_emu.o
 .debug_loc     0x0000000000002f7a      0x4b4 ./emlib/em_gpio.o
 .debug_loc     0x000000000000342e      0x49c ./emlib/em_leuart.o
 .debug_loc     0x00000000000038ca      0x70e ./src/main_pg12.o

.debug_ranges   0x0000000000000000      0x6a0
 .debug_ranges  0x0000000000000000       0x58 ./CMSIS/EFM32PG12B/system_efm32pg12b.o
 .debug_ranges  0x0000000000000058      0x1c8 ./emlib/em_cmu.o
 .debug_ranges  0x0000000000000220       0xd8 ./emlib/em_core.o
 .debug_ranges  0x00000000000002f8      0x1f8 ./emlib/em_emu.o
 .debug_ranges  0x00000000000004f0       0x78 ./emlib/em_gpio.o
 .debug_ranges  0x0000000000000568       0x78 ./emlib/em_leuart.o
 .debug_ranges  0x00000000000005e0       0xc0 ./src/main_pg12.o

.debug_frame    0x0000000000000000     0x28a8
 .debug_frame   0x0000000000000000      0x164 ./CMSIS/EFM32PG12B/system_efm32pg12b.o
 .debug_frame   0x0000000000000164      0x818 ./emlib/em_cmu.o
 .debug_frame   0x000000000000097c      0x3dc ./emlib/em_core.o
 .debug_frame   0x0000000000000d58      0x8a4 ./emlib/em_emu.o
 .debug_frame   0x00000000000015fc      0x224 ./emlib/em_gpio.o
 .debug_frame   0x0000000000001820      0x21c ./emlib/em_leuart.o
 .debug_frame   0x0000000000001a3c      0x360 ./src/main_pg12.o
 .debug_frame   0x0000000000001d9c       0x28 /Applications/Simplicity Studio.app/Contents/Eclipse/developer/toolchains/gnu_arm/10.2_2020q4/bin/../lib/gcc/arm-none-eabi/10.2.1/../../../../arm-none-eabi/lib/thumb/v7e-m+fp/softfp/libc_nano.a(lib_a-exit.o)
 .debug_frame   0x0000000000001dc4       0x2c /Applications/Simplicity Studio.app/Contents/Eclipse/developer/toolchains/gnu_arm/10.2_2020q4/bin/../lib/gcc/arm-none-eabi/10.2.1/../../../../arm-none-eabi/lib/thumb/v7e-m+fp/softfp/libc_nano.a(lib_a-init.o)
 .debug_frame   0x0000000000001df0       0x30 /Applications/Simplicity Studio.app/Contents/Eclipse/developer/toolchains/gnu_arm/10.2_2020q4/bin/../lib/gcc/arm-none-eabi/10.2.1/../../../../arm-none-eabi/lib/thumb/v7e-m+fp/softfp/libc_nano.a(lib_a-malloc.o)
 .debug_frame   0x0000000000001e20       0x20 /Applications/Simplicity Studio.app/Contents/Eclipse/developer/toolchains/gnu_arm/10.2_2020q4/bin/../lib/gcc/arm-none-eabi/10.2.1/../../../../arm-none-eabi/lib/thumb/v7e-m+fp/softfp/libc_nano.a(lib_a-memset.o)
 .debug_frame   0x0000000000001e40       0x38 /Applications/Simplicity Studio.app/Contents/Eclipse/developer/toolchains/gnu_arm/10.2_2020q4/bin/../lib/gcc/arm-none-eabi/10.2.1/../../../../arm-none-eabi/lib/thumb/v7e-m+fp/softfp/libc_nano.a(lib_a-nano-freer.o)
 .debug_frame   0x0000000000001e78       0x30 /Applications/Simplicity Studio.app/Contents/Eclipse/developer/toolchains/gnu_arm/10.2_2020q4/bin/../lib/gcc/arm-none-eabi/10.2.1/../../../../arm-none-eabi/lib/thumb/v7e-m+fp/softfp/libc_nano.a(lib_a-nano-mallocr.o)
 .debug_frame   0x0000000000001ea8       0x74 /Applications/Simplicity Studio.app/Contents/Eclipse/developer/toolchains/gnu_arm/10.2_2020q4/bin/../lib/gcc/arm-none-eabi/10.2.1/../../../../arm-none-eabi/lib/thumb/v7e-m+fp/softfp/libc_nano.a(lib_a-printf.o)
 .debug_frame   0x0000000000001f1c       0x2c /Applications/Simplicity Studio.app/Contents/Eclipse/developer/toolchains/gnu_arm/10.2_2020q4/bin/../lib/gcc/arm-none-eabi/10.2.1/../../../../arm-none-eabi/lib/thumb/v7e-m+fp/softfp/libc_nano.a(lib_a-sbrkr.o)
 .debug_frame   0x0000000000001f48       0x6c /Applications/Simplicity Studio.app/Contents/Eclipse/developer/toolchains/gnu_arm/10.2_2020q4/bin/../lib/gcc/arm-none-eabi/10.2.1/../../../../arm-none-eabi/lib/thumb/v7e-m+fp/softfp/libc_nano.a(lib_a-sprintf.o)
 .debug_frame   0x0000000000001fb4       0x20 /Applications/Simplicity Studio.app/Contents/Eclipse/developer/toolchains/gnu_arm/10.2_2020q4/bin/../lib/gcc/arm-none-eabi/10.2.1/../../../../arm-none-eabi/lib/thumb/v7e-m+fp/softfp/libc_nano.a(lib_a-strcpy.o)
 .debug_frame   0x0000000000001fd4      0x14c /Applications/Simplicity Studio.app/Contents/Eclipse/developer/toolchains/gnu_arm/10.2_2020q4/bin/../lib/gcc/arm-none-eabi/10.2.1/../../../../arm-none-eabi/lib/thumb/v7e-m+fp/softfp/libc_nano.a(lib_a-findfp.o)
 .debug_frame   0x0000000000002120       0x54 /Applications/Simplicity Studio.app/Contents/Eclipse/developer/toolchains/gnu_arm/10.2_2020q4/bin/../lib/gcc/arm-none-eabi/10.2.1/../../../../arm-none-eabi/lib/thumb/v7e-m+fp/softfp/libc_nano.a(lib_a-fwalk.o)
 .debug_frame   0x0000000000002174       0xb0 /Applications/Simplicity Studio.app/Contents/Eclipse/developer/toolchains/gnu_arm/10.2_2020q4/bin/../lib/gcc/arm-none-eabi/10.2.1/../../../../arm-none-eabi/lib/thumb/v7e-m+fp/softfp/libc_nano.a(lib_a-lock.o)
 .debug_frame   0x0000000000002224       0x30 /Applications/Simplicity Studio.app/Contents/Eclipse/developer/toolchains/gnu_arm/10.2_2020q4/bin/../lib/gcc/arm-none-eabi/10.2.1/../../../../arm-none-eabi/lib/thumb/v7e-m+fp/softfp/libc_nano.a(lib_a-mlock.o)
 .debug_frame   0x0000000000002254       0x90 /Applications/Simplicity Studio.app/Contents/Eclipse/developer/toolchains/gnu_arm/10.2_2020q4/bin/../lib/gcc/arm-none-eabi/10.2.1/../../../../arm-none-eabi/lib/thumb/v7e-m+fp/softfp/libc_nano.a(lib_a-nano-svfprintf.o)
 .debug_frame   0x00000000000022e4       0xac /Applications/Simplicity Studio.app/Contents/Eclipse/developer/toolchains/gnu_arm/10.2_2020q4/bin/../lib/gcc/arm-none-eabi/10.2.1/../../../../arm-none-eabi/lib/thumb/v7e-m+fp/softfp/libc_nano.a(lib_a-nano-vfprintf.o)
 .debug_frame   0x0000000000002390       0x60 /Applications/Simplicity Studio.app/Contents/Eclipse/developer/toolchains/gnu_arm/10.2_2020q4/bin/../lib/gcc/arm-none-eabi/10.2.1/../../../../arm-none-eabi/lib/thumb/v7e-m+fp/softfp/libc_nano.a(lib_a-nano-vfprintf_i.o)
 .debug_frame   0x00000000000023f0       0x5c /Applications/Simplicity Studio.app/Contents/Eclipse/developer/toolchains/gnu_arm/10.2_2020q4/bin/../lib/gcc/arm-none-eabi/10.2.1/../../../../arm-none-eabi/lib/thumb/v7e-m+fp/softfp/libc_nano.a(lib_a-reent.o)
 .debug_frame   0x000000000000244c       0x88 /Applications/Simplicity Studio.app/Contents/Eclipse/developer/toolchains/gnu_arm/10.2_2020q4/bin/../lib/gcc/arm-none-eabi/10.2.1/../../../../arm-none-eabi/lib/thumb/v7e-m+fp/softfp/libc_nano.a(lib_a-stdio.o)
 .debug_frame   0x00000000000024d4       0x40 /Applications/Simplicity Studio.app/Contents/Eclipse/developer/toolchains/gnu_arm/10.2_2020q4/bin/../lib/gcc/arm-none-eabi/10.2.1/../../../../arm-none-eabi/lib/thumb/v7e-m+fp/softfp/libc_nano.a(lib_a-wbuf.o)
 .debug_frame   0x0000000000002514       0x2c /Applications/Simplicity Studio.app/Contents/Eclipse/developer/toolchains/gnu_arm/10.2_2020q4/bin/../lib/gcc/arm-none-eabi/10.2.1/../../../../arm-none-eabi/lib/thumb/v7e-m+fp/softfp/libc_nano.a(lib_a-writer.o)
 .debug_frame   0x0000000000002540       0x2c /Applications/Simplicity Studio.app/Contents/Eclipse/developer/toolchains/gnu_arm/10.2_2020q4/bin/../lib/gcc/arm-none-eabi/10.2.1/../../../../arm-none-eabi/lib/thumb/v7e-m+fp/softfp/libc_nano.a(lib_a-wsetup.o)
 .debug_frame   0x000000000000256c       0x2c /Applications/Simplicity Studio.app/Contents/Eclipse/developer/toolchains/gnu_arm/10.2_2020q4/bin/../lib/gcc/arm-none-eabi/10.2.1/../../../../arm-none-eabi/lib/thumb/v7e-m+fp/softfp/libc_nano.a(lib_a-closer.o)
 .debug_frame   0x0000000000002598       0x5c /Applications/Simplicity Studio.app/Contents/Eclipse/developer/toolchains/gnu_arm/10.2_2020q4/bin/../lib/gcc/arm-none-eabi/10.2.1/../../../../arm-none-eabi/lib/thumb/v7e-m+fp/softfp/libc_nano.a(lib_a-fflush.o)
 .debug_frame   0x00000000000025f4       0x2c /Applications/Simplicity Studio.app/Contents/Eclipse/developer/toolchains/gnu_arm/10.2_2020q4/bin/../lib/gcc/arm-none-eabi/10.2.1/../../../../arm-none-eabi/lib/thumb/v7e-m+fp/softfp/libc_nano.a(lib_a-lseekr.o)
 .debug_frame   0x0000000000002620       0x58 /Applications/Simplicity Studio.app/Contents/Eclipse/developer/toolchains/gnu_arm/10.2_2020q4/bin/../lib/gcc/arm-none-eabi/10.2.1/../../../../arm-none-eabi/lib/thumb/v7e-m+fp/softfp/libc_nano.a(lib_a-makebuf.o)
 .debug_frame   0x0000000000002678       0x28 /Applications/Simplicity Studio.app/Contents/Eclipse/developer/toolchains/gnu_arm/10.2_2020q4/bin/../lib/gcc/arm-none-eabi/10.2.1/../../../../arm-none-eabi/lib/thumb/v7e-m+fp/softfp/libc_nano.a(lib_a-memcpy-stub.o)
 .debug_frame   0x00000000000026a0       0x28 /Applications/Simplicity Studio.app/Contents/Eclipse/developer/toolchains/gnu_arm/10.2_2020q4/bin/../lib/gcc/arm-none-eabi/10.2.1/../../../../arm-none-eabi/lib/thumb/v7e-m+fp/softfp/libc_nano.a(lib_a-memmove.o)
 .debug_frame   0x00000000000026c8       0x3c /Applications/Simplicity Studio.app/Contents/Eclipse/developer/toolchains/gnu_arm/10.2_2020q4/bin/../lib/gcc/arm-none-eabi/10.2.1/../../../../arm-none-eabi/lib/thumb/v7e-m+fp/softfp/libc_nano.a(lib_a-nano-reallocr.o)
 .debug_frame   0x0000000000002704       0x2c /Applications/Simplicity Studio.app/Contents/Eclipse/developer/toolchains/gnu_arm/10.2_2020q4/bin/../lib/gcc/arm-none-eabi/10.2.1/../../../../arm-none-eabi/lib/thumb/v7e-m+fp/softfp/libc_nano.a(lib_a-readr.o)
 .debug_frame   0x0000000000002730       0x2c /Applications/Simplicity Studio.app/Contents/Eclipse/developer/toolchains/gnu_arm/10.2_2020q4/bin/../lib/gcc/arm-none-eabi/10.2.1/../../../../arm-none-eabi/lib/thumb/v7e-m+fp/softfp/libc_nano.a(lib_a-fstatr.o)
 .debug_frame   0x000000000000275c       0x2c /Applications/Simplicity Studio.app/Contents/Eclipse/developer/toolchains/gnu_arm/10.2_2020q4/bin/../lib/gcc/arm-none-eabi/10.2.1/../../../../arm-none-eabi/lib/thumb/v7e-m+fp/softfp/libc_nano.a(lib_a-isattyr.o)
 .debug_frame   0x0000000000002788       0x20 /Applications/Simplicity Studio.app/Contents/Eclipse/developer/toolchains/gnu_arm/10.2_2020q4/bin/../lib/gcc/arm-none-eabi/10.2.1/../../../../arm-none-eabi/lib/thumb/v7e-m+fp/softfp/libc_nano.a(lib_a-nano-msizer.o)
 .debug_frame   0x00000000000027a8       0x20 /Applications/Simplicity Studio.app/Contents/Eclipse/developer/toolchains/gnu_arm/10.2_2020q4/bin/../lib/gcc/arm-none-eabi/10.2.1/../../../../arm-none-eabi/lib/thumb/v7e-m+fp/softfp/libnosys.a(close.o)
 .debug_frame   0x00000000000027c8       0x20 /Applications/Simplicity Studio.app/Contents/Eclipse/developer/toolchains/gnu_arm/10.2_2020q4/bin/../lib/gcc/arm-none-eabi/10.2.1/../../../../arm-none-eabi/lib/thumb/v7e-m+fp/softfp/libnosys.a(fstat.o)
 .debug_frame   0x00000000000027e8       0x20 /Applications/Simplicity Studio.app/Contents/Eclipse/developer/toolchains/gnu_arm/10.2_2020q4/bin/../lib/gcc/arm-none-eabi/10.2.1/../../../../arm-none-eabi/lib/thumb/v7e-m+fp/softfp/libnosys.a(isatty.o)
 .debug_frame   0x0000000000002808       0x20 /Applications/Simplicity Studio.app/Contents/Eclipse/developer/toolchains/gnu_arm/10.2_2020q4/bin/../lib/gcc/arm-none-eabi/10.2.1/../../../../arm-none-eabi/lib/thumb/v7e-m+fp/softfp/libnosys.a(lseek.o)
 .debug_frame   0x0000000000002828       0x20 /Applications/Simplicity Studio.app/Contents/Eclipse/developer/toolchains/gnu_arm/10.2_2020q4/bin/../lib/gcc/arm-none-eabi/10.2.1/../../../../arm-none-eabi/lib/thumb/v7e-m+fp/softfp/libnosys.a(read.o)
 .debug_frame   0x0000000000002848       0x20 /Applications/Simplicity Studio.app/Contents/Eclipse/developer/toolchains/gnu_arm/10.2_2020q4/bin/../lib/gcc/arm-none-eabi/10.2.1/../../../../arm-none-eabi/lib/thumb/v7e-m+fp/softfp/libnosys.a(sbrk.o)
 .debug_frame   0x0000000000002868       0x20 /Applications/Simplicity Studio.app/Contents/Eclipse/developer/toolchains/gnu_arm/10.2_2020q4/bin/../lib/gcc/arm-none-eabi/10.2.1/../../../../arm-none-eabi/lib/thumb/v7e-m+fp/softfp/libnosys.a(write.o)
 .debug_frame   0x0000000000002888       0x20 /Applications/Simplicity Studio.app/Contents/Eclipse/developer/toolchains/gnu_arm/10.2_2020q4/bin/../lib/gcc/arm-none-eabi/10.2.1/../../../../arm-none-eabi/lib/thumb/v7e-m+fp/softfp/libnosys.a(_exit.o)

.stab           0x0000000000000000       0x9c
 .stab          0x0000000000000000       0x24 /Applications/Simplicity Studio.app/Contents/Eclipse/developer/toolchains/gnu_arm/10.2_2020q4/bin/../lib/gcc/arm-none-eabi/10.2.1/../../../../arm-none-eabi/lib/thumb/v7e-m+fp/softfp/libnosys.a(close.o)
 .stab          0x0000000000000024       0x18 /Applications/Simplicity Studio.app/Contents/Eclipse/developer/toolchains/gnu_arm/10.2_2020q4/bin/../lib/gcc/arm-none-eabi/10.2.1/../../../../arm-none-eabi/lib/thumb/v7e-m+fp/softfp/libnosys.a(fstat.o)
                                         0x24 (size before relaxing)
 .stab          0x000000000000003c       0x18 /Applications/Simplicity Studio.app/Contents/Eclipse/developer/toolchains/gnu_arm/10.2_2020q4/bin/../lib/gcc/arm-none-eabi/10.2.1/../../../../arm-none-eabi/lib/thumb/v7e-m+fp/softfp/libnosys.a(isatty.o)
                                         0x24 (size before relaxing)
 .stab          0x0000000000000054       0x18 /Applications/Simplicity Studio.app/Contents/Eclipse/developer/toolchains/gnu_arm/10.2_2020q4/bin/../lib/gcc/arm-none-eabi/10.2.1/../../../../arm-none-eabi/lib/thumb/v7e-m+fp/softfp/libnosys.a(lseek.o)
                                         0x24 (size before relaxing)
 .stab          0x000000000000006c       0x18 /Applications/Simplicity Studio.app/Contents/Eclipse/developer/toolchains/gnu_arm/10.2_2020q4/bin/../lib/gcc/arm-none-eabi/10.2.1/../../../../arm-none-eabi/lib/thumb/v7e-m+fp/softfp/libnosys.a(read.o)
                                         0x24 (size before relaxing)
 .stab          0x0000000000000084       0x18 /Applications/Simplicity Studio.app/Contents/Eclipse/developer/toolchains/gnu_arm/10.2_2020q4/bin/../lib/gcc/arm-none-eabi/10.2.1/../../../../arm-none-eabi/lib/thumb/v7e-m+fp/softfp/libnosys.a(write.o)
                                         0x24 (size before relaxing)

.stabstr        0x0000000000000000      0x14d
 .stabstr       0x0000000000000000      0x14d /Applications/Simplicity Studio.app/Contents/Eclipse/developer/toolchains/gnu_arm/10.2_2020q4/bin/../lib/gcc/arm-none-eabi/10.2.1/../../../../arm-none-eabi/lib/thumb/v7e-m+fp/softfp/libnosys.a(close.o)
