Archive member included to satisfy reference by file (symbol)

/Applications/Simplicity Studio.app/Contents/Eclipse/developer/toolchains/gnu_arm/10.2_2020q4/bin/../lib/gcc/arm-none-eabi/10.2.1/thumb/v6-m/nofp/libgcc.a(_thumb1_case_sqi.o)
                              ./gecko_sdk_3.2.3/platform/emlib/src/em_cmu.o (__gnu_thumb1_case_sqi)
/Applications/Simplicity Studio.app/Contents/Eclipse/developer/toolchains/gnu_arm/10.2_2020q4/bin/../lib/gcc/arm-none-eabi/10.2.1/thumb/v6-m/nofp/libgcc.a(_thumb1_case_uqi.o)
                              ./gecko_sdk_3.2.3/platform/emlib/src/em_cmu.o (__gnu_thumb1_case_uqi)
/Applications/Simplicity Studio.app/Contents/Eclipse/developer/toolchains/gnu_arm/10.2_2020q4/bin/../lib/gcc/arm-none-eabi/10.2.1/thumb/v6-m/nofp/libgcc.a(_udivsi3.o)
                              ./gecko_sdk_3.2.3/platform/Device/SiliconLabs/EFM32HG/Source/system_efm32hg.o (__aeabi_uidiv)
/Applications/Simplicity Studio.app/Contents/Eclipse/developer/toolchains/gnu_arm/10.2_2020q4/bin/../lib/gcc/arm-none-eabi/10.2.1/thumb/v6-m/nofp/libgcc.a(_dvmd_tls.o)
                              /Applications/Simplicity Studio.app/Contents/Eclipse/developer/toolchains/gnu_arm/10.2_2020q4/bin/../lib/gcc/arm-none-eabi/10.2.1/thumb/v6-m/nofp/libgcc.a(_udivsi3.o) (__aeabi_idiv0)
/Applications/Simplicity Studio.app/Contents/Eclipse/developer/toolchains/gnu_arm/10.2_2020q4/bin/../lib/gcc/arm-none-eabi/10.2.1/thumb/v6-m/nofp/libgcc.a(_clzsi2.o)
                              ./gecko_sdk_3.2.3/platform/emlib/src/em_cmu.o (__clzsi2)
/Applications/Simplicity Studio.app/Contents/Eclipse/developer/toolchains/gnu_arm/10.2_2020q4/bin/../lib/gcc/arm-none-eabi/10.2.1/../../../../arm-none-eabi/lib/thumb/v6-m/nofp/libc_nano.a(lib_a-exit.o)
                              /Applications/Simplicity Studio.app/Contents/Eclipse/developer/toolchains/gnu_arm/10.2_2020q4/bin/../lib/gcc/arm-none-eabi/10.2.1/../../../../arm-none-eabi/lib/thumb/v6-m/nofp/crt0.o (exit)
/Applications/Simplicity Studio.app/Contents/Eclipse/developer/toolchains/gnu_arm/10.2_2020q4/bin/../lib/gcc/arm-none-eabi/10.2.1/../../../../arm-none-eabi/lib/thumb/v6-m/nofp/libc_nano.a(lib_a-impure.o)
                              /Applications/Simplicity Studio.app/Contents/Eclipse/developer/toolchains/gnu_arm/10.2_2020q4/bin/../lib/gcc/arm-none-eabi/10.2.1/../../../../arm-none-eabi/lib/thumb/v6-m/nofp/libc_nano.a(lib_a-exit.o) (_global_impure_ptr)
/Applications/Simplicity Studio.app/Contents/Eclipse/developer/toolchains/gnu_arm/10.2_2020q4/bin/../lib/gcc/arm-none-eabi/10.2.1/../../../../arm-none-eabi/lib/thumb/v6-m/nofp/libc_nano.a(lib_a-init.o)
                              /Applications/Simplicity Studio.app/Contents/Eclipse/developer/toolchains/gnu_arm/10.2_2020q4/bin/../lib/gcc/arm-none-eabi/10.2.1/../../../../arm-none-eabi/lib/thumb/v6-m/nofp/crt0.o (__libc_init_array)
/Applications/Simplicity Studio.app/Contents/Eclipse/developer/toolchains/gnu_arm/10.2_2020q4/bin/../lib/gcc/arm-none-eabi/10.2.1/../../../../arm-none-eabi/lib/thumb/v6-m/nofp/libc_nano.a(lib_a-memcpy-stub.o)
                              ./gecko_sdk_3.2.3/platform/service/device_init/src/sl_device_init_hfxo_s0.o (memcpy)
/Applications/Simplicity Studio.app/Contents/Eclipse/developer/toolchains/gnu_arm/10.2_2020q4/bin/../lib/gcc/arm-none-eabi/10.2.1/../../../../arm-none-eabi/lib/thumb/v6-m/nofp/libc_nano.a(lib_a-memset.o)
                              /Applications/Simplicity Studio.app/Contents/Eclipse/developer/toolchains/gnu_arm/10.2_2020q4/bin/../lib/gcc/arm-none-eabi/10.2.1/../../../../arm-none-eabi/lib/thumb/v6-m/nofp/crt0.o (memset)
/Applications/Simplicity Studio.app/Contents/Eclipse/developer/toolchains/gnu_arm/10.2_2020q4/bin/../lib/gcc/arm-none-eabi/10.2.1/../../../../arm-none-eabi/lib/thumb/v6-m/nofp/libnosys.a(_exit.o)
                              /Applications/Simplicity Studio.app/Contents/Eclipse/developer/toolchains/gnu_arm/10.2_2020q4/bin/../lib/gcc/arm-none-eabi/10.2.1/../../../../arm-none-eabi/lib/thumb/v6-m/nofp/libc_nano.a(lib_a-exit.o) (_exit)

Discarded input sections

 .text          0x0000000000000000        0x0 /Applications/Simplicity Studio.app/Contents/Eclipse/developer/toolchains/gnu_arm/10.2_2020q4/bin/../lib/gcc/arm-none-eabi/10.2.1/thumb/v6-m/nofp/crti.o
 .data          0x0000000000000000        0x0 /Applications/Simplicity Studio.app/Contents/Eclipse/developer/toolchains/gnu_arm/10.2_2020q4/bin/../lib/gcc/arm-none-eabi/10.2.1/thumb/v6-m/nofp/crti.o
 .bss           0x0000000000000000        0x0 /Applications/Simplicity Studio.app/Contents/Eclipse/developer/toolchains/gnu_arm/10.2_2020q4/bin/../lib/gcc/arm-none-eabi/10.2.1/thumb/v6-m/nofp/crti.o
 .data          0x0000000000000000        0x4 /Applications/Simplicity Studio.app/Contents/Eclipse/developer/toolchains/gnu_arm/10.2_2020q4/bin/../lib/gcc/arm-none-eabi/10.2.1/thumb/v6-m/nofp/crtbegin.o
[...]
Memory Configuration

Name             Origin             Length             Attributes
FLASH            0x0000000000000000 0x0000000000010000 xr
RAM              0x0000000020000000 0x0000000000002000 xrw
*default*        0x0000000000000000 0xffffffffffffffff

Linker script and memory map

LOAD /Applications/Simplicity Studio.app/Contents/Eclipse/developer/toolchains/gnu_arm/10.2_2020q4/bin/../lib/gcc/arm-none-eabi/10.2.1/thumb/v6-m/nofp/crti.o
LOAD /Applications/Simplicity Studio.app/Contents/Eclipse/developer/toolchains/gnu_arm/10.2_2020q4/bin/../lib/gcc/arm-none-eabi/10.2.1/thumb/v6-m/nofp/crtbegin.o
LOAD /Applications/Simplicity Studio.app/Contents/Eclipse/developer/toolchains/gnu_arm/10.2_2020q4/bin/../lib/gcc/arm-none-eabi/10.2.1/../../../../arm-none-eabi/lib/thumb/v6-m/nofp/crt0.o
START GROUP
LOAD ./app.o
LOAD ./main.o
LOAD ./autogen/sl_board_default_init.o
LOAD ./autogen/sl_device_init_clocks.o
LOAD ./autogen/sl_event_handler.o
LOAD ./gecko_sdk_3.2.3/hardware/board/src/sl_board_control_gpio.o
LOAD ./gecko_sdk_3.2.3/hardware/board/src/sl_board_init.o
LOAD ./gecko_sdk_3.2.3/platform/Device/SiliconLabs/EFM32HG/Source/GCC/startup_efm32hg.o
LOAD ./gecko_sdk_3.2.3/platform/Device/SiliconLabs/EFM32HG/Source/system_efm32hg.o
LOAD ./gecko_sdk_3.2.3/platform/common/toolchain/src/sl_memory.o
LOAD ./gecko_sdk_3.2.3/platform/emlib/src/em_assert.o
LOAD ./gecko_sdk_3.2.3/platform/emlib/src/em_cmu.o
LOAD ./gecko_sdk_3.2.3/platform/emlib/src/em_core.o
LOAD ./gecko_sdk_3.2.3/platform/emlib/src/em_emu.o
LOAD ./gecko_sdk_3.2.3/platform/emlib/src/em_gpio.o
LOAD ./gecko_sdk_3.2.3/platform/emlib/src/em_system.o
LOAD ./gecko_sdk_3.2.3/platform/service/device_init/src/sl_device_init_emu_s0.o
LOAD ./gecko_sdk_3.2.3/platform/service/device_init/src/sl_device_init_hfxo_s0.o
LOAD ./gecko_sdk_3.2.3/platform/service/device_init/src/sl_device_init_lfxo_s0.o
LOAD ./gecko_sdk_3.2.3/platform/service/device_init/src/sl_device_init_nvic.o
LOAD ./gecko_sdk_3.2.3/platform/service/system/src/sl_system_init.o
LOAD ./gecko_sdk_3.2.3/platform/service/system/src/sl_system_process_action.o
LOAD /Applications/Simplicity Studio.app/Contents/Eclipse/developer/toolchains/gnu_arm/10.2_2020q4/bin/../lib/gcc/arm-none-eabi/10.2.1/thumb/v6-m/nofp/libgcc.a
LOAD /Applications/Simplicity Studio.app/Contents/Eclipse/developer/toolchains/gnu_arm/10.2_2020q4/bin/../lib/gcc/arm-none-eabi/10.2.1/../../../../arm-none-eabi/lib/thumb/v6-m/nofp/libc_nano.a
LOAD /Applications/Simplicity Studio.app/Contents/Eclipse/developer/toolchains/gnu_arm/10.2_2020q4/bin/../lib/gcc/arm-none-eabi/10.2.1/../../../../arm-none-eabi/lib/thumb/v6-m/nofp/libm.a
LOAD /Applications/Simplicity Studio.app/Contents/Eclipse/developer/toolchains/gnu_arm/10.2_2020q4/bin/../lib/gcc/arm-none-eabi/10.2.1/../../../../arm-none-eabi/lib/thumb/v6-m/nofp/libnosys.a
END GROUP
START GROUP
LOAD /Applications/Simplicity Studio.app/Contents/Eclipse/developer/toolchains/gnu_arm/10.2_2020q4/bin/../lib/gcc/arm-none-eabi/10.2.1/thumb/v6-m/nofp/libgcc.a
LOAD /Applications/Simplicity Studio.app/Contents/Eclipse/developer/toolchains/gnu_arm/10.2_2020q4/bin/../lib/gcc/arm-none-eabi/10.2.1/../../../../arm-none-eabi/lib/thumb/v6-m/nofp/libc_nano.a
LOAD /Applications/Simplicity Studio.app/Contents/Eclipse/developer/toolchains/gnu_arm/10.2_2020q4/bin/../lib/gcc/arm-none-eabi/10.2.1/../../../../arm-none-eabi/lib/thumb/v6-m/nofp/libnosys.a
END GROUP
START GROUP
LOAD /Applications/Simplicity Studio.app/Contents/Eclipse/developer/toolchains/gnu_arm/10.2_2020q4/bin/../lib/gcc/arm-none-eabi/10.2.1/thumb/v6-m/nofp/libgcc.a
LOAD /Applications/Simplicity Studio.app/Contents/Eclipse/developer/toolchains/gnu_arm/10.2_2020q4/bin/../lib/gcc/arm-none-eabi/10.2.1/../../../../arm-none-eabi/lib/thumb/v6-m/nofp/libg_nano.a
LOAD /Applications/Simplicity Studio.app/Contents/Eclipse/developer/toolchains/gnu_arm/10.2_2020q4/bin/../lib/gcc/arm-none-eabi/10.2.1/../../../../arm-none-eabi/lib/thumb/v6-m/nofp/libc_nano.a
END GROUP
START GROUP
LOAD /Applications/Simplicity Studio.app/Contents/Eclipse/developer/toolchains/gnu_arm/10.2_2020q4/bin/../lib/gcc/arm-none-eabi/10.2.1/thumb/v6-m/nofp/libgcc.a
LOAD /Applications/Simplicity Studio.app/Contents/Eclipse/developer/toolchains/gnu_arm/10.2_2020q4/bin/../lib/gcc/arm-none-eabi/10.2.1/../../../../arm-none-eabi/lib/thumb/v6-m/nofp/libc_nano.a
END GROUP
LOAD /Applications/Simplicity Studio.app/Contents/Eclipse/developer/toolchains/gnu_arm/10.2_2020q4/bin/../lib/gcc/arm-none-eabi/10.2.1/thumb/v6-m/nofp/crtend.o
LOAD /Applications/Simplicity Studio.app/Contents/Eclipse/developer/toolchains/gnu_arm/10.2_2020q4/bin/../lib/gcc/arm-none-eabi/10.2.1/thumb/v6-m/nofp/crtn.o

.text           0x0000000000000000      0xbd8
                0x0000000000000000                linker_vectors_begin = .
 *(.vectors)
 .vectors       0x0000000000000000       0x94 ./gecko_sdk_3.2.3/platform/Device/SiliconLabs/EFM32HG/Source/GCC/startup_efm32hg.o
                0x0000000000000000                __Vectors
                0x0000000000000094                linker_vectors_end = .
                0x0000000000000094                __Vectors_End = .
                0x0000000000000094                __Vectors_Size = (__Vectors_End - __Vectors)
                0x0000000000000094                linker_code_begin = .
 *(.text*)
 .text          0x0000000000000094       0x48 /Applications/Simplicity Studio.app/Contents/Eclipse/developer/toolchains/gnu_arm/10.2_2020q4/bin/../lib/gcc/arm-none-eabi/10.2.1/thumb/v6-m/nofp/crtbegin.o
 .text          0x00000000000000dc       0x80 /Applications/Simplicity Studio.app/Contents/Eclipse/developer/toolchains/gnu_arm/10.2_2020q4/bin/../lib/gcc/arm-none-eabi/10.2.1/../../../../arm-none-eabi/lib/thumb/v6-m/nofp/crt0.o
                0x00000000000000dc                _stack_init
                0x00000000000000e8                _mainCRTStartup
                0x00000000000000e8                _start
 .text.app_init
                0x000000000000015c        0x2 ./app.o
                0x000000000000015c                app_init
 .text.app_process_action
                0x000000000000015e        0x2 ./app.o
                0x000000000000015e                app_process_action
 .text.startup.main
                0x0000000000000160       0x14 ./main.o
                0x0000000000000160                main
 .text.sl_board_default_init
                0x0000000000000174        0x2 ./autogen/sl_board_default_init.o
                0x0000000000000174                sl_board_default_init
 *fill*         0x0000000000000176        0x2 
 .text.sl_device_init_clocks
                0x0000000000000178       0x34 ./autogen/sl_device_init_clocks.o
                0x0000000000000178                sl_device_init_clocks
 .text.sl_platform_init
                0x00000000000001ac       0x58 ./autogen/sl_event_handler.o
                0x00000000000001ac                sl_platform_init
 .text.sl_driver_init
                0x0000000000000204        0x2 ./autogen/sl_event_handler.o
                0x0000000000000204                sl_driver_init
 .text.sl_service_init
                0x0000000000000206        0x2 ./autogen/sl_event_handler.o
                0x0000000000000206                sl_service_init
 .text.sl_stack_init
                0x0000000000000208        0x2 ./autogen/sl_event_handler.o
                0x0000000000000208                sl_stack_init
 .text.sl_internal_app_init
                0x000000000000020a        0x2 ./autogen/sl_event_handler.o
                0x000000000000020a                sl_internal_app_init
 .text.sl_platform_process_action
                0x000000000000020c        0x2 ./autogen/sl_event_handler.o
                0x000000000000020c                sl_platform_process_action
 .text.sl_service_process_action
                0x000000000000020e        0x2 ./autogen/sl_event_handler.o
                0x000000000000020e                sl_service_process_action
 .text.sl_stack_process_action
                0x0000000000000210        0x2 ./autogen/sl_event_handler.o
                0x0000000000000210                sl_stack_process_action
 .text.sl_internal_app_process_action
                0x0000000000000212        0x2 ./autogen/sl_event_handler.o
                0x0000000000000212                sl_internal_app_process_action
 .text.sl_board_init
                0x0000000000000214       0x14 ./gecko_sdk_3.2.3/hardware/board/src/sl_board_init.o
                0x0000000000000214                sl_board_init
 .text.sl_board_preinit
                0x0000000000000228       0x10 ./gecko_sdk_3.2.3/hardware/board/src/sl_board_init.o
                0x0000000000000228                sl_board_preinit
 .text.Default_Handler
                0x0000000000000238        0x2 ./gecko_sdk_3.2.3/platform/Device/SiliconLabs/EFM32HG/Source/GCC/startup_efm32hg.o
                0x0000000000000238                DMA_IRQHandler
                0x0000000000000238                USART0_TX_IRQHandler
                0x0000000000000238                I2C0_IRQHandler
                0x0000000000000238                HardFault_Handler
                0x0000000000000238                SysTick_Handler
                0x0000000000000238                USART1_RX_IRQHandler
                0x0000000000000238                PendSV_Handler
                0x0000000000000238                NMI_Handler
                0x0000000000000238                USART1_TX_IRQHandler
                0x0000000000000238                MSC_IRQHandler
                0x0000000000000238                ADC0_IRQHandler
                0x0000000000000238                LEUART0_IRQHandler
                0x0000000000000238                GPIO_EVEN_IRQHandler
                0x0000000000000238                RTC_IRQHandler
                0x0000000000000238                TIMER0_IRQHandler
                0x0000000000000238                TIMER1_IRQHandler
                0x0000000000000238                Default_Handler
                0x0000000000000238                PCNT0_IRQHandler
                0x0000000000000238                sl_app_properties
                0x0000000000000238                USB_IRQHandler
                0x0000000000000238                ACMP0_IRQHandler
                0x0000000000000238                USART0_RX_IRQHandler
                0x0000000000000238                SVC_Handler
                0x0000000000000238                CMU_IRQHandler
                0x0000000000000238                GPIO_ODD_IRQHandler
                0x0000000000000238                AES_IRQHandler
                0x0000000000000238                VCMP_IRQHandler
                0x0000000000000238                TIMER2_IRQHandler
 *fill*         0x000000000000023a        0x2 
 .text.Reset_Handler
                0x000000000000023c       0x28 ./gecko_sdk_3.2.3/platform/Device/SiliconLabs/EFM32HG/Source/GCC/startup_efm32hg.o
                0x000000000000023c                Reset_Handler
 .text.SystemMaxCoreClockGet
                0x0000000000000264        0x8 ./gecko_sdk_3.2.3/platform/Device/SiliconLabs/EFM32HG/Source/system_efm32hg.o
                0x0000000000000264                SystemMaxCoreClockGet
 .text.SystemHFClockGet
                0x000000000000026c       0xd0 ./gecko_sdk_3.2.3/platform/Device/SiliconLabs/EFM32HG/Source/system_efm32hg.o
                0x000000000000026c                SystemHFClockGet
 .text.SystemCoreClockGet
                0x000000000000033c       0x20 ./gecko_sdk_3.2.3/platform/Device/SiliconLabs/EFM32HG/Source/system_efm32hg.o
                0x000000000000033c                SystemCoreClockGet
 .text.SystemHFXOClockSet
                0x000000000000035c       0x1c ./gecko_sdk_3.2.3/platform/Device/SiliconLabs/EFM32HG/Source/system_efm32hg.o
                0x000000000000035c                SystemHFXOClockSet
 .text.SystemInit
                0x0000000000000378       0x10 ./gecko_sdk_3.2.3/platform/Device/SiliconLabs/EFM32HG/Source/system_efm32hg.o
                0x0000000000000378                SystemInit
 .text.assertEFM
                0x0000000000000388        0x2 ./gecko_sdk_3.2.3/platform/emlib/src/em_assert.o
                0x0000000000000388                assertEFM
 *fill*         0x000000000000038a        0x2 
 .text.syncReg  0x000000000000038c       0x14 ./gecko_sdk_3.2.3/platform/emlib/src/em_cmu.o
 .text.flashWaitStateControl.constprop.0
                0x00000000000003a0       0x34 ./gecko_sdk_3.2.3/platform/emlib/src/em_cmu.o
 .text.flashWaitStateMax
                0x00000000000003d4       0x24 ./gecko_sdk_3.2.3/platform/emlib/src/em_cmu.o
 .text.CMU_UpdateWaitStates
                0x00000000000003f8       0x20 ./gecko_sdk_3.2.3/platform/emlib/src/em_cmu.o
                0x00000000000003f8                CMU_UpdateWaitStates
 .text.CMU_ClockEnable
                0x0000000000000418       0x94 ./gecko_sdk_3.2.3/platform/emlib/src/em_cmu.o
                0x0000000000000418                CMU_ClockEnable
 .text.CMU_ClockSelectGet
                0x00000000000004ac      0x100 ./gecko_sdk_3.2.3/platform/emlib/src/em_cmu.o
                0x00000000000004ac                CMU_ClockSelectGet
 .text.CMU_HFXOInit
                0x00000000000005ac       0x50 ./gecko_sdk_3.2.3/platform/emlib/src/em_cmu.o
                0x00000000000005ac                CMU_HFXOInit
 .text.CMU_LFXOInit
                0x00000000000005fc       0x58 ./gecko_sdk_3.2.3/platform/emlib/src/em_cmu.o
                0x00000000000005fc                CMU_LFXOInit
 .text.CMU_LFXOPrecisionSet
                0x0000000000000654        0xc ./gecko_sdk_3.2.3/platform/emlib/src/em_cmu.o
                0x0000000000000654                CMU_LFXOPrecisionSet
 .text.CMU_OscillatorEnable
                0x0000000000000660       0x58 ./gecko_sdk_3.2.3/platform/emlib/src/em_cmu.o
                0x0000000000000660                CMU_OscillatorEnable
 .text.CMU_ClockSelectSet
                0x00000000000006b8      0x1bc ./gecko_sdk_3.2.3/platform/emlib/src/em_cmu.o
                0x00000000000006b8                CMU_ClockSelectSet
 .text.CORE_EnterCritical
                0x0000000000000874        0x8 ./gecko_sdk_3.2.3/platform/emlib/src/em_core.o
                0x0000000000000874                CORE_EnterCritical
 .text.CORE_ExitCritical
                0x000000000000087c        0x8 ./gecko_sdk_3.2.3/platform/emlib/src/em_core.o
                0x000000000000087c                CORE_ExitCritical
 .text.sl_device_init_emu
                0x0000000000000884        0x4 ./gecko_sdk_3.2.3/platform/service/device_init/src/sl_device_init_emu_s0.o
                0x0000000000000884                sl_device_init_emu
 .text.sl_device_init_hfxo
                0x0000000000000888       0x24 ./gecko_sdk_3.2.3/platform/service/device_init/src/sl_device_init_hfxo_s0.o
                0x0000000000000888                sl_device_init_hfxo
 .text.sl_device_init_lfxo
                0x00000000000008ac       0x1c ./gecko_sdk_3.2.3/platform/service/device_init/src/sl_device_init_lfxo_s0.o
                0x00000000000008ac                sl_device_init_lfxo
 .text.sl_device_init_nvic
                0x00000000000008c8       0x64 ./gecko_sdk_3.2.3/platform/service/device_init/src/sl_device_init_nvic.o
                0x00000000000008c8                sl_device_init_nvic
 .text.sl_system_init
                0x000000000000092c       0x18 ./gecko_sdk_3.2.3/platform/service/system/src/sl_system_init.o
                0x000000000000092c                sl_system_init
 .text.sl_system_process_action
                0x0000000000000944       0x14 ./gecko_sdk_3.2.3/platform/service/system/src/sl_system_process_action.o
                0x0000000000000944                sl_system_process_action
 .text          0x0000000000000958       0x14 /Applications/Simplicity Studio.app/Contents/Eclipse/developer/toolchains/gnu_arm/10.2_2020q4/bin/../lib/gcc/arm-none-eabi/10.2.1/thumb/v6-m/nofp/libgcc.a(_thumb1_case_uqi.o)
                0x0000000000000958                __gnu_thumb1_case_uqi
 .text          0x000000000000096c      0x114 /Applications/Simplicity Studio.app/Contents/Eclipse/developer/toolchains/gnu_arm/10.2_2020q4/bin/../lib/gcc/arm-none-eabi/10.2.1/thumb/v6-m/nofp/libgcc.a(_udivsi3.o)
                0x000000000000096c                __udivsi3
                0x000000000000096c                __aeabi_uidiv
                0x0000000000000a78                __aeabi_uidivmod
 .text          0x0000000000000a80        0x4 /Applications/Simplicity Studio.app/Contents/Eclipse/developer/toolchains/gnu_arm/10.2_2020q4/bin/../lib/gcc/arm-none-eabi/10.2.1/thumb/v6-m/nofp/libgcc.a(_dvmd_tls.o)
                0x0000000000000a80                __aeabi_ldiv0
                0x0000000000000a80                __aeabi_idiv0
 .text.exit     0x0000000000000a84       0x2c /Applications/Simplicity Studio.app/Contents/Eclipse/developer/toolchains/gnu_arm/10.2_2020q4/bin/../lib/gcc/arm-none-eabi/10.2.1/../../../../arm-none-eabi/lib/thumb/v6-m/nofp/libc_nano.a(lib_a-exit.o)
                0x0000000000000a84                exit
 .text.__libc_init_array
                0x0000000000000ab0       0x48 /Applications/Simplicity Studio.app/Contents/Eclipse/developer/toolchains/gnu_arm/10.2_2020q4/bin/../lib/gcc/arm-none-eabi/10.2.1/../../../../arm-none-eabi/lib/thumb/v6-m/nofp/libc_nano.a(lib_a-init.o)
                0x0000000000000ab0                __libc_init_array
 .text.memcpy   0x0000000000000af8       0x12 /Applications/Simplicity Studio.app/Contents/Eclipse/developer/toolchains/gnu_arm/10.2_2020q4/bin/../lib/gcc/arm-none-eabi/10.2.1/../../../../arm-none-eabi/lib/thumb/v6-m/nofp/libc_nano.a(lib_a-memcpy-stub.o)
                0x0000000000000af8                memcpy
 .text.memset   0x0000000000000b0a       0x10 /Applications/Simplicity Studio.app/Contents/Eclipse/developer/toolchains/gnu_arm/10.2_2020q4/bin/../lib/gcc/arm-none-eabi/10.2.1/../../../../arm-none-eabi/lib/thumb/v6-m/nofp/libc_nano.a(lib_a-memset.o)
                0x0000000000000b0a                memset
 *fill*         0x0000000000000b1a        0x2 
 .text._exit    0x0000000000000b1c        0x4 /Applications/Simplicity Studio.app/Contents/Eclipse/developer/toolchains/gnu_arm/10.2_2020q4/bin/../lib/gcc/arm-none-eabi/10.2.1/../../../../arm-none-eabi/lib/thumb/v6-m/nofp/libnosys.a(_exit.o)
                0x0000000000000b1c                _exit
                0x0000000000000b20                linker_code_end = .
 *(.init)
 .init          0x0000000000000b20        0x4 /Applications/Simplicity Studio.app/Contents/Eclipse/developer/toolchains/gnu_arm/10.2_2020q4/bin/../lib/gcc/arm-none-eabi/10.2.1/thumb/v6-m/nofp/crti.o
                0x0000000000000b20                _init
 .init          0x0000000000000b24        0x8 /Applications/Simplicity Studio.app/Contents/Eclipse/developer/toolchains/gnu_arm/10.2_2020q4/bin/../lib/gcc/arm-none-eabi/10.2.1/thumb/v6-m/nofp/crtn.o
 *(.fini)
 .fini          0x0000000000000b2c        0x4 /Applications/Simplicity Studio.app/Contents/Eclipse/developer/toolchains/gnu_arm/10.2_2020q4/bin/../lib/gcc/arm-none-eabi/10.2.1/thumb/v6-m/nofp/crti.o
                0x0000000000000b2c                _fini
 .fini          0x0000000000000b30        0x8 /Applications/Simplicity Studio.app/Contents/Eclipse/developer/toolchains/gnu_arm/10.2_2020q4/bin/../lib/gcc/arm-none-eabi/10.2.1/thumb/v6-m/nofp/crtn.o
 *crtbegin.o(.ctors)
 *crtbegin?.o(.ctors)
 *(EXCLUDE_FILE(*crtend.o *crtend?.o) .ctors)
 *(SORT_BY_NAME(.ctors.*))
 *(.ctors)
 *crtbegin.o(.dtors)
 *crtbegin?.o(.dtors)
 *(EXCLUDE_FILE(*crtend.o *crtend?.o) .dtors)
 *(SORT_BY_NAME(.dtors.*))
 *(.dtors)
 *(.rodata*)
 .rodata.auxClkGet.str1.1
                0x0000000000000b38       0x75 ./gecko_sdk_3.2.3/platform/emlib/src/em_cmu.o
 .rodata.CSWTCH.25
                0x0000000000000bad        0x3 ./gecko_sdk_3.2.3/platform/emlib/src/em_cmu.o
 .rodata.CSWTCH.40
                0x0000000000000bb0        0x6 ./gecko_sdk_3.2.3/platform/emlib/src/em_cmu.o
 .rodata.CSWTCH.41
                0x0000000000000bb6        0xc ./gecko_sdk_3.2.3/platform/emlib/src/em_cmu.o
 .rodata.CSWTCH.42
                0x0000000000000bc2        0xc ./gecko_sdk_3.2.3/platform/emlib/src/em_cmu.o
 .rodata        0x0000000000000bce        0x4 ./gecko_sdk_3.2.3/platform/service/device_init/src/sl_device_init_hfxo_s0.o
 *fill*         0x0000000000000bd2        0x2 
 .rodata._global_impure_ptr
                0x0000000000000bd4        0x4 /Applications/Simplicity Studio.app/Contents/Eclipse/developer/toolchains/gnu_arm/10.2_2020q4/bin/../lib/gcc/arm-none-eabi/10.2.1/../../../../arm-none-eabi/lib/thumb/v6-m/nofp/libc_nano.a(lib_a-impure.o)
                0x0000000000000bd4                _global_impure_ptr
 *(.eh_frame*)
 .eh_frame      0x0000000000000bd8        0x0 /Applications/Simplicity Studio.app/Contents/Eclipse/developer/toolchains/gnu_arm/10.2_2020q4/bin/../lib/gcc/arm-none-eabi/10.2.1/thumb/v6-m/nofp/crtbegin.o

.glue_7         0x0000000000000bd8        0x0
 .glue_7        0x0000000000000bd8        0x0 linker stubs

.glue_7t        0x0000000000000bd8        0x0
 .glue_7t       0x0000000000000bd8        0x0 linker stubs

.vfp11_veneer   0x0000000000000bd8        0x0
 .vfp11_veneer  0x0000000000000bd8        0x0 linker stubs

.v4_bx          0x0000000000000bd8        0x0
 .v4_bx         0x0000000000000bd8        0x0 linker stubs

.iplt           0x0000000000000bd8        0x0
 .iplt          0x0000000000000bd8        0x0 /Applications/Simplicity Studio.app/Contents/Eclipse/developer/toolchains/gnu_arm/10.2_2020q4/bin/../lib/gcc/arm-none-eabi/10.2.1/thumb/v6-m/nofp/crtbegin.o

.ARM.extab
 *(.ARM.extab* .gnu.linkonce.armextab.*)
                0x0000000000000bd8                __exidx_start = .

.ARM.exidx      0x0000000000000bd8        0x8
 *(.ARM.exidx* .gnu.linkonce.armexidx.*)
 .ARM.exidx     0x0000000000000bd8        0x8 /Applications/Simplicity Studio.app/Contents/Eclipse/developer/toolchains/gnu_arm/10.2_2020q4/bin/../lib/gcc/arm-none-eabi/10.2.1/../../../../arm-none-eabi/lib/thumb/v6-m/nofp/crt0.o
                                         0x10 (size before relaxing)
                0x0000000000000be0                __exidx_end = .
                0x0000000000000be0                __etext = .

.rel.dyn        0x0000000000000be0        0x0
 .rel.iplt      0x0000000000000be0        0x0 /Applications/Simplicity Studio.app/Contents/Eclipse/developer/toolchains/gnu_arm/10.2_2020q4/bin/../lib/gcc/arm-none-eabi/10.2.1/thumb/v6-m/nofp/crtbegin.o
                0x0000000020000000                . = ORIGIN (RAM)

.stack          0x0000000020000000      0x400
                0x0000000020000000                __StackLimit = .
 *(.stack*)
 .stack         0x0000000020000000        0x0 ./gecko_sdk_3.2.3/platform/Device/SiliconLabs/EFM32HG/Source/GCC/startup_efm32hg.o
 .stack         0x0000000020000000      0x400 ./gecko_sdk_3.2.3/platform/common/toolchain/src/sl_memory.o
                0x0000000020000400                . = ALIGN (0x4)
                0x0000000020000400                __StackTop = .
                0x0000000020000400                PROVIDE (__stack = __StackTop)

.noinit
 *(.noinit*)

.data           0x0000000020000400       0x78 load address 0x0000000000000be0
                0x0000000020000400                . = ALIGN (0x4)
                0x0000000020000400                __data_start__ = .
 *(vtable)
 *(.data*)
 .data.SystemCoreClock
                0x0000000020000400        0x4 ./gecko_sdk_3.2.3/platform/Device/SiliconLabs/EFM32HG/Source/system_efm32hg.o
                0x0000000020000400                SystemCoreClock
 .data.SystemHFXOClock
                0x0000000020000404        0x4 ./gecko_sdk_3.2.3/platform/Device/SiliconLabs/EFM32HG/Source/system_efm32hg.o
 .data.SystemLFXOClock
                0x0000000020000408        0x4 ./gecko_sdk_3.2.3/platform/Device/SiliconLabs/EFM32HG/Source/system_efm32hg.o
 .data.lfxo_precision
                0x000000002000040c        0x2 ./gecko_sdk_3.2.3/platform/emlib/src/em_cmu.o
 *fill*         0x000000002000040e        0x2 
 .data.impure_data
                0x0000000020000410       0x60 /Applications/Simplicity Studio.app/Contents/Eclipse/developer/toolchains/gnu_arm/10.2_2020q4/bin/../lib/gcc/arm-none-eabi/10.2.1/../../../../arm-none-eabi/lib/thumb/v6-m/nofp/libc_nano.a(lib_a-impure.o)
                0x0000000020000470                . = ALIGN (0x4)
                [!provide]                        PROVIDE (__ram_func_section_start = .)
 *(.ram)
                [!provide]                        PROVIDE (__ram_func_section_end = .)
                0x0000000020000470                . = ALIGN (0x4)
                0x0000000020000470                PROVIDE (__preinit_array_start = .)
 *(.preinit_array)
                0x0000000020000470                PROVIDE (__preinit_array_end = .)
                0x0000000020000470                . = ALIGN (0x4)
                0x0000000020000470                PROVIDE (__init_array_start = .)
 *(SORT_BY_NAME(.init_array.*))
 *(.init_array)
 .init_array    0x0000000020000470        0x4 /Applications/Simplicity Studio.app/Contents/Eclipse/developer/toolchains/gnu_arm/10.2_2020q4/bin/../lib/gcc/arm-none-eabi/10.2.1/thumb/v6-m/nofp/crtbegin.o
                0x0000000020000474                PROVIDE (__init_array_end = .)
                0x0000000020000474                . = ALIGN (0x4)
                [!provide]                        PROVIDE (__fini_array_start = .)
 *(SORT_BY_NAME(.fini_array.*))
 *(.fini_array)
 .fini_array    0x0000000020000474        0x4 /Applications/Simplicity Studio.app/Contents/Eclipse/developer/toolchains/gnu_arm/10.2_2020q4/bin/../lib/gcc/arm-none-eabi/10.2.1/thumb/v6-m/nofp/crtbegin.o
                [!provide]                        PROVIDE (__fini_array_end = .)
                0x0000000020000478                . = ALIGN (0x4)
                0x0000000020000478                __data_end__ = .

.igot.plt       0x0000000020000478        0x0 load address 0x0000000000000c58
 .igot.plt      0x0000000020000478        0x0 /Applications/Simplicity Studio.app/Contents/Eclipse/developer/toolchains/gnu_arm/10.2_2020q4/bin/../lib/gcc/arm-none-eabi/10.2.1/thumb/v6-m/nofp/crtbegin.o

.bss            0x0000000020000478       0x1c load address 0x0000000000000c58
                0x0000000020000478                . = ALIGN (0x4)
                0x0000000020000478                __bss_start__ = .
 *(.bss*)
 .bss           0x0000000020000478       0x1c /Applications/Simplicity Studio.app/Contents/Eclipse/developer/toolchains/gnu_arm/10.2_2020q4/bin/../lib/gcc/arm-none-eabi/10.2.1/thumb/v6-m/nofp/crtbegin.o
 *(COMMON)
                0x0000000020000494                . = ALIGN (0x4)
                0x0000000020000494                __bss_end__ = .

.heap           0x0000000020000494     0x1b6c
                0x0000000020000494                __HeapBase = .
                0x0000000020000494                __end__ = .
                0x0000000020000494                end = __end__
                0x0000000020000494                _end = __end__
 *(.heap*)
                0x0000000020002000                . = (ORIGIN (RAM) + LENGTH (RAM))
 *fill*         0x0000000020000494     0x1b6c 
                0x0000000020002000                __HeapLimit = .
                0x0000000000001b6c                __heap_size = (__HeapLimit - __HeapBase)
                0x0000000000010000                __main_flash_end__ = 0x10000

.internal_storage
                0x0000000000000be0        0x0
 *(.internal_storage*)

.nvm            0x0000000000000be0        0x0
 *(.simee*)
                0x0000000000010000                linker_nvm_end = __main_flash_end__
                0x0000000000010000                linker_nvm_begin = (linker_nvm_end - SIZEOF (.nvm))
                0x0000000000000000                linker_nvm_size = SIZEOF (.nvm)
                0x0000000000010000                linker_storage_end = linker_nvm_begin
                0x0000000000010000                linker_storage_begin = (linker_storage_end - SIZEOF (.internal_storage))
                0x0000000000000000                linker_storage_size = SIZEOF (.internal_storage)
                0x0000000000010000                __nvm3Base = linker_nvm_begin
OUTPUT(car-gecko.axf elf32-littlearm)
LOAD linker stubs

.ARM.attributes
                0x0000000000000000       0x28
 .ARM.attributes
                0x0000000000000000       0x1e /Applications/Simplicity Studio.app/Contents/Eclipse/developer/toolchains/gnu_arm/10.2_2020q4/bin/../lib/gcc/arm-none-eabi/10.2.1/thumb/v6-m/nofp/crti.o
 .ARM.attributes
                0x000000000000001e       0x2c /Applications/Simplicity Studio.app/Contents/Eclipse/developer/toolchains/gnu_arm/10.2_2020q4/bin/../lib/gcc/arm-none-eabi/10.2.1/thumb/v6-m/nofp/crtbegin.o
 .ARM.attributes
                0x000000000000004a       0x1b /Applications/Simplicity Studio.app/Contents/Eclipse/developer/toolchains/gnu_arm/10.2_2020q4/bin/../lib/gcc/arm-none-eabi/10.2.1/../../../../arm-none-eabi/lib/thumb/v6-m/nofp/crt0.o
 .ARM.attributes
                0x0000000000000065       0x2c ./app.o
 .ARM.attributes
                0x0000000000000091       0x2c ./main.o
 .ARM.attributes
                0x00000000000000bd       0x2c ./autogen/sl_board_default_init.o
 .ARM.attributes
                0x00000000000000e9       0x2c ./autogen/sl_device_init_clocks.o
 .ARM.attributes
                0x0000000000000115       0x2c ./autogen/sl_event_handler.o
 .ARM.attributes
                0x0000000000000141       0x2c ./gecko_sdk_3.2.3/hardware/board/src/sl_board_init.o
 .ARM.attributes
                0x000000000000016d       0x2c ./gecko_sdk_3.2.3/platform/Device/SiliconLabs/EFM32HG/Source/GCC/startup_efm32hg.o
 .ARM.attributes
                0x0000000000000199       0x2c ./gecko_sdk_3.2.3/platform/Device/SiliconLabs/EFM32HG/Source/system_efm32hg.o
 .ARM.attributes
                0x00000000000001c5       0x2c ./gecko_sdk_3.2.3/platform/common/toolchain/src/sl_memory.o
 .ARM.attributes
                0x00000000000001f1       0x2c ./gecko_sdk_3.2.3/platform/emlib/src/em_assert.o
 .ARM.attributes
                0x000000000000021d       0x2c ./gecko_sdk_3.2.3/platform/emlib/src/em_cmu.o
 .ARM.attributes
                0x0000000000000249       0x2c ./gecko_sdk_3.2.3/platform/emlib/src/em_core.o
 .ARM.attributes
                0x0000000000000275       0x2c ./gecko_sdk_3.2.3/platform/service/device_init/src/sl_device_init_emu_s0.o
 .ARM.attributes
                0x00000000000002a1       0x2c ./gecko_sdk_3.2.3/platform/service/device_init/src/sl_device_init_hfxo_s0.o
 .ARM.attributes
                0x00000000000002cd       0x2c ./gecko_sdk_3.2.3/platform/service/device_init/src/sl_device_init_lfxo_s0.o
 .ARM.attributes
                0x00000000000002f9       0x2c ./gecko_sdk_3.2.3/platform/service/device_init/src/sl_device_init_nvic.o
 .ARM.attributes
                0x0000000000000325       0x2c ./gecko_sdk_3.2.3/platform/service/system/src/sl_system_init.o
 .ARM.attributes
                0x0000000000000351       0x2c ./gecko_sdk_3.2.3/platform/service/system/src/sl_system_process_action.o
 .ARM.attributes
                0x000000000000037d       0x1e /Applications/Simplicity Studio.app/Contents/Eclipse/developer/toolchains/gnu_arm/10.2_2020q4/bin/../lib/gcc/arm-none-eabi/10.2.1/thumb/v6-m/nofp/libgcc.a(_thumb1_case_uqi.o)
 .ARM.attributes
                0x000000000000039b       0x1e /Applications/Simplicity Studio.app/Contents/Eclipse/developer/toolchains/gnu_arm/10.2_2020q4/bin/../lib/gcc/arm-none-eabi/10.2.1/thumb/v6-m/nofp/libgcc.a(_udivsi3.o)
 .ARM.attributes
                0x00000000000003b9       0x1e /Applications/Simplicity Studio.app/Contents/Eclipse/developer/toolchains/gnu_arm/10.2_2020q4/bin/../lib/gcc/arm-none-eabi/10.2.1/thumb/v6-m/nofp/libgcc.a(_dvmd_tls.o)
 .ARM.attributes
                0x00000000000003d7       0x2c /Applications/Simplicity Studio.app/Contents/Eclipse/developer/toolchains/gnu_arm/10.2_2020q4/bin/../lib/gcc/arm-none-eabi/10.2.1/../../../../arm-none-eabi/lib/thumb/v6-m/nofp/libc_nano.a(lib_a-exit.o)
 .ARM.attributes
                0x0000000000000403       0x2c /Applications/Simplicity Studio.app/Contents/Eclipse/developer/toolchains/gnu_arm/10.2_2020q4/bin/../lib/gcc/arm-none-eabi/10.2.1/../../../../arm-none-eabi/lib/thumb/v6-m/nofp/libc_nano.a(lib_a-impure.o)
 .ARM.attributes
                0x000000000000042f       0x2c /Applications/Simplicity Studio.app/Contents/Eclipse/developer/toolchains/gnu_arm/10.2_2020q4/bin/../lib/gcc/arm-none-eabi/10.2.1/../../../../arm-none-eabi/lib/thumb/v6-m/nofp/libc_nano.a(lib_a-init.o)
 .ARM.attributes
                0x000000000000045b       0x2c /Applications/Simplicity Studio.app/Contents/Eclipse/developer/toolchains/gnu_arm/10.2_2020q4/bin/../lib/gcc/arm-none-eabi/10.2.1/../../../../arm-none-eabi/lib/thumb/v6-m/nofp/libc_nano.a(lib_a-memcpy-stub.o)
 .ARM.attributes
                0x0000000000000487       0x2c /Applications/Simplicity Studio.app/Contents/Eclipse/developer/toolchains/gnu_arm/10.2_2020q4/bin/../lib/gcc/arm-none-eabi/10.2.1/../../../../arm-none-eabi/lib/thumb/v6-m/nofp/libc_nano.a(lib_a-memset.o)
 .ARM.attributes
                0x00000000000004b3       0x2c /Applications/Simplicity Studio.app/Contents/Eclipse/developer/toolchains/gnu_arm/10.2_2020q4/bin/../lib/gcc/arm-none-eabi/10.2.1/../../../../arm-none-eabi/lib/thumb/v6-m/nofp/libnosys.a(_exit.o)
 .ARM.attributes
                0x00000000000004df       0x1e /Applications/Simplicity Studio.app/Contents/Eclipse/developer/toolchains/gnu_arm/10.2_2020q4/bin/../lib/gcc/arm-none-eabi/10.2.1/thumb/v6-m/nofp/crtn.o

.comment        0x0000000000000000       0x4d
 .comment       0x0000000000000000       0x4d ./app.o
                                         0x4e (size before relaxing)
 .comment       0x000000000000004d       0x4e ./main.o
 .comment       0x000000000000004d       0x4e ./autogen/sl_board_default_init.o
 .comment       0x000000000000004d       0x4e ./autogen/sl_device_init_clocks.o
 .comment       0x000000000000004d       0x4e ./autogen/sl_event_handler.o
 .comment       0x000000000000004d       0x4e ./gecko_sdk_3.2.3/hardware/board/src/sl_board_init.o
 .comment       0x000000000000004d       0x4e ./gecko_sdk_3.2.3/platform/Device/SiliconLabs/EFM32HG/Source/GCC/startup_efm32hg.o
 .comment       0x000000000000004d       0x4e ./gecko_sdk_3.2.3/platform/Device/SiliconLabs/EFM32HG/Source/system_efm32hg.o
 .comment       0x000000000000004d       0x4e ./gecko_sdk_3.2.3/platform/common/toolchain/src/sl_memory.o
 .comment       0x000000000000004d       0x4e ./gecko_sdk_3.2.3/platform/emlib/src/em_assert.o
 .comment       0x000000000000004d       0x4e ./gecko_sdk_3.2.3/platform/emlib/src/em_cmu.o
 .comment       0x000000000000004d       0x4e ./gecko_sdk_3.2.3/platform/emlib/src/em_core.o
 .comment       0x000000000000004d       0x4e ./gecko_sdk_3.2.3/platform/service/device_init/src/sl_device_init_emu_s0.o
 .comment       0x000000000000004d       0x4e ./gecko_sdk_3.2.3/platform/service/device_init/src/sl_device_init_hfxo_s0.o
 .comment       0x000000000000004d       0x4e ./gecko_sdk_3.2.3/platform/service/device_init/src/sl_device_init_lfxo_s0.o
 .comment       0x000000000000004d       0x4e ./gecko_sdk_3.2.3/platform/service/device_init/src/sl_device_init_nvic.o
 .comment       0x000000000000004d       0x4e ./gecko_sdk_3.2.3/platform/service/system/src/sl_system_init.o
 .comment       0x000000000000004d       0x4e ./gecko_sdk_3.2.3/platform/service/system/src/sl_system_process_action.o

.debug_info     0x0000000000000000     0x502a
 .debug_info    0x0000000000000000       0x54 ./app.o
 .debug_info    0x0000000000000054       0xb1 ./main.o
 .debug_info    0x0000000000000105       0x8a ./autogen/sl_board_default_init.o
 .debug_info    0x000000000000018f      0x2cb ./autogen/sl_device_init_clocks.o
 .debug_info    0x000000000000045a      0x4ea ./autogen/sl_event_handler.o
 .debug_info    0x0000000000000944      0x234 ./gecko_sdk_3.2.3/hardware/board/src/sl_board_init.o
 .debug_info    0x0000000000000b78      0x25c ./gecko_sdk_3.2.3/platform/Device/SiliconLabs/EFM32HG/Source/GCC/startup_efm32hg.o
 .debug_info    0x0000000000000dd4      0x620 ./gecko_sdk_3.2.3/platform/Device/SiliconLabs/EFM32HG/Source/system_efm32hg.o
 .debug_info    0x00000000000013f4      0x1e5 ./gecko_sdk_3.2.3/platform/common/toolchain/src/sl_memory.o
 .debug_info    0x00000000000015d9       0x8a ./gecko_sdk_3.2.3/platform/emlib/src/em_assert.o
 .debug_info    0x0000000000001663     0x22ba ./gecko_sdk_3.2.3/platform/emlib/src/em_cmu.o
 .debug_info    0x000000000000391d      0xd2b ./gecko_sdk_3.2.3/platform/emlib/src/em_core.o
 .debug_info    0x0000000000004648       0xcf ./gecko_sdk_3.2.3/platform/service/device_init/src/sl_device_init_emu_s0.o
 .debug_info    0x0000000000004717      0x1f6 ./gecko_sdk_3.2.3/platform/service/device_init/src/sl_device_init_hfxo_s0.o
 .debug_info    0x000000000000490d      0x1de ./gecko_sdk_3.2.3/platform/service/device_init/src/sl_device_init_lfxo_s0.o
 .debug_info    0x0000000000004aeb      0x3dc ./gecko_sdk_3.2.3/platform/service/device_init/src/sl_device_init_nvic.o
 .debug_info    0x0000000000004ec7       0xbd ./gecko_sdk_3.2.3/platform/service/system/src/sl_system_init.o
 .debug_info    0x0000000000004f84       0xa6 ./gecko_sdk_3.2.3/platform/service/system/src/sl_system_process_action.o

.debug_abbrev   0x0000000000000000     0x1548
 .debug_abbrev  0x0000000000000000       0x4d ./app.o
 .debug_abbrev  0x000000000000004d       0x61 ./main.o
 .debug_abbrev  0x00000000000000ae       0x49 ./autogen/sl_board_default_init.o
 .debug_abbrev  0x00000000000000f7       0xc8 ./autogen/sl_device_init_clocks.o
 .debug_abbrev  0x00000000000001bf      0x170 ./autogen/sl_event_handler.o
 .debug_abbrev  0x000000000000032f       0xc7 ./gecko_sdk_3.2.3/hardware/board/src/sl_board_init.o
 .debug_abbrev  0x00000000000003f6      0x15c ./gecko_sdk_3.2.3/platform/Device/SiliconLabs/EFM32HG/Source/GCC/startup_efm32hg.o
 .debug_abbrev  0x0000000000000552      0x209 ./gecko_sdk_3.2.3/platform/Device/SiliconLabs/EFM32HG/Source/system_efm32hg.o
 .debug_abbrev  0x000000000000075b      0x121 ./gecko_sdk_3.2.3/platform/common/toolchain/src/sl_memory.o
 .debug_abbrev  0x000000000000087c       0x6f ./gecko_sdk_3.2.3/platform/emlib/src/em_assert.o
 .debug_abbrev  0x00000000000008eb      0x495 ./gecko_sdk_3.2.3/platform/emlib/src/em_cmu.o
 .debug_abbrev  0x0000000000000d80      0x364 ./gecko_sdk_3.2.3/platform/emlib/src/em_core.o
 .debug_abbrev  0x00000000000010e4       0x69 ./gecko_sdk_3.2.3/platform/service/device_init/src/sl_device_init_emu_s0.o
 .debug_abbrev  0x000000000000114d      0x116 ./gecko_sdk_3.2.3/platform/service/device_init/src/sl_device_init_hfxo_s0.o
 .debug_abbrev  0x0000000000001263       0xf0 ./gecko_sdk_3.2.3/platform/service/device_init/src/sl_device_init_lfxo_s0.o
 .debug_abbrev  0x0000000000001353      0x14d ./gecko_sdk_3.2.3/platform/service/device_init/src/sl_device_init_nvic.o
 .debug_abbrev  0x00000000000014a0       0x54 ./gecko_sdk_3.2.3/platform/service/system/src/sl_system_init.o
 .debug_abbrev  0x00000000000014f4       0x54 ./gecko_sdk_3.2.3/platform/service/system/src/sl_system_process_action.o

.debug_aranges  0x0000000000000000      0x478
 .debug_aranges
                0x0000000000000000       0x20 ./app.o
 .debug_aranges
                0x0000000000000020       0x20 ./main.o
 .debug_aranges
                0x0000000000000040       0x20 ./autogen/sl_board_default_init.o
 .debug_aranges
                0x0000000000000060       0x20 ./autogen/sl_device_init_clocks.o
 .debug_aranges
                0x0000000000000080       0x28 ./autogen/sl_event_handler.o
 .debug_aranges
                0x00000000000000a8       0x28 ./gecko_sdk_3.2.3/hardware/board/src/sl_board_init.o
 .debug_aranges
                0x00000000000000d0       0x28 ./gecko_sdk_3.2.3/platform/Device/SiliconLabs/EFM32HG/Source/GCC/startup_efm32hg.o
 .debug_aranges
                0x00000000000000f8       0x68 ./gecko_sdk_3.2.3/platform/Device/SiliconLabs/EFM32HG/Source/system_efm32hg.o
 .debug_aranges
                0x0000000000000160       0x30 ./gecko_sdk_3.2.3/platform/common/toolchain/src/sl_memory.o
 .debug_aranges
                0x0000000000000190       0x20 ./gecko_sdk_3.2.3/platform/emlib/src/em_assert.o
 .debug_aranges
                0x00000000000001b0      0x148 ./gecko_sdk_3.2.3/platform/emlib/src/em_cmu.o
 .debug_aranges
                0x00000000000002f8       0xc0 ./gecko_sdk_3.2.3/platform/emlib/src/em_core.o
 .debug_aranges
                0x00000000000003b8       0x20 ./gecko_sdk_3.2.3/platform/service/device_init/src/sl_device_init_emu_s0.o
 .debug_aranges
                0x00000000000003d8       0x20 ./gecko_sdk_3.2.3/platform/service/device_init/src/sl_device_init_hfxo_s0.o
 .debug_aranges
                0x00000000000003f8       0x20 ./gecko_sdk_3.2.3/platform/service/device_init/src/sl_device_init_lfxo_s0.o
 .debug_aranges
                0x0000000000000418       0x20 ./gecko_sdk_3.2.3/platform/service/device_init/src/sl_device_init_nvic.o
 .debug_aranges
                0x0000000000000438       0x20 ./gecko_sdk_3.2.3/platform/service/system/src/sl_system_init.o
 .debug_aranges
                0x0000000000000458       0x20 ./gecko_sdk_3.2.3/platform/service/system/src/sl_system_process_action.o

.debug_ranges   0x0000000000000000      0x5c8
 .debug_ranges  0x0000000000000000       0x10 ./app.o
 .debug_ranges  0x0000000000000010       0x10 ./main.o
 .debug_ranges  0x0000000000000020       0x10 ./autogen/sl_board_default_init.o
 .debug_ranges  0x0000000000000030       0x10 ./autogen/sl_device_init_clocks.o
 .debug_ranges  0x0000000000000040       0x48 ./autogen/sl_event_handler.o
 .debug_ranges  0x0000000000000088       0x18 ./gecko_sdk_3.2.3/hardware/board/src/sl_board_init.o
 .debug_ranges  0x00000000000000a0       0x18 ./gecko_sdk_3.2.3/platform/Device/SiliconLabs/EFM32HG/Source/GCC/startup_efm32hg.o
 .debug_ranges  0x00000000000000b8       0x58 ./gecko_sdk_3.2.3/platform/Device/SiliconLabs/EFM32HG/Source/system_efm32hg.o
 .debug_ranges  0x0000000000000110       0x20 ./gecko_sdk_3.2.3/platform/common/toolchain/src/sl_memory.o
 .debug_ranges  0x0000000000000130       0x10 ./gecko_sdk_3.2.3/platform/emlib/src/em_assert.o
 .debug_ranges  0x0000000000000140      0x278 ./gecko_sdk_3.2.3/platform/emlib/src/em_cmu.o
 .debug_ranges  0x00000000000003b8      0x160 ./gecko_sdk_3.2.3/platform/emlib/src/em_core.o
 .debug_ranges  0x0000000000000518       0x10 ./gecko_sdk_3.2.3/platform/service/device_init/src/sl_device_init_emu_s0.o
 .debug_ranges  0x0000000000000528       0x10 ./gecko_sdk_3.2.3/platform/service/device_init/src/sl_device_init_hfxo_s0.o
 .debug_ranges  0x0000000000000538       0x10 ./gecko_sdk_3.2.3/platform/service/device_init/src/sl_device_init_lfxo_s0.o
 .debug_ranges  0x0000000000000548       0x60 ./gecko_sdk_3.2.3/platform/service/device_init/src/sl_device_init_nvic.o
 .debug_ranges  0x00000000000005a8       0x10 ./gecko_sdk_3.2.3/platform/service/system/src/sl_system_init.o
 .debug_ranges  0x00000000000005b8       0x10 ./gecko_sdk_3.2.3/platform/service/system/src/sl_system_process_action.o

.debug_macro    0x0000000000000000    0x17556
 .debug_macro   0x0000000000000000       0x1a ./app.o
 .debug_macro   0x000000000000001a      0xa4e ./app.o
 .debug_macro   0x0000000000000a68       0x10 ./app.o
 .debug_macro   0x0000000000000a78       0x41 ./main.o
 .debug_macro   0x0000000000000ab9       0x16 ./main.o
 .debug_macro   0x0000000000000acf       0x8e ./autogen/sl_board_default_init.o
 .debug_macro   0x0000000000000b5d       0x22 ./autogen/sl_board_default_init.o
 .debug_macro   0x0000000000000b7f       0x56 ./autogen/sl_board_default_init.o
 .debug_macro   0x0000000000000bd5       0x51 ./autogen/sl_board_default_init.o
 .debug_macro   0x0000000000000c26      0x103 ./autogen/sl_board_default_init.o
 .debug_macro   0x0000000000000d29       0x6a ./autogen/sl_board_default_init.o
 .debug_macro   0x0000000000000d93      0x1df ./autogen/sl_board_default_init.o
 .debug_macro   0x0000000000000f72      0x726 ./autogen/sl_board_default_init.o
 .debug_macro   0x0000000000001698       0x16 ./autogen/sl_board_default_init.o
 .debug_macro   0x00000000000016ae      0x36c ./autogen/sl_device_init_clocks.o
 .debug_macro   0x0000000000001a1a      0x317 ./autogen/sl_device_init_clocks.o
 .debug_macro   0x0000000000001d31       0x12 ./autogen/sl_device_init_clocks.o
 .debug_macro   0x0000000000001d43       0x1c ./autogen/sl_device_init_clocks.o
 .debug_macro   0x0000000000001d5f       0x22 ./autogen/sl_device_init_clocks.o
 .debug_macro   0x0000000000001d81       0xaf ./autogen/sl_device_init_clocks.o
 .debug_macro   0x0000000000001e30       0x12 ./autogen/sl_device_init_clocks.o
 .debug_macro   0x0000000000001e42       0x64 ./autogen/sl_device_init_clocks.o
 .debug_macro   0x0000000000001ea6       0x18 ./autogen/sl_device_init_clocks.o
 .debug_macro   0x0000000000001ebe       0x35 ./autogen/sl_device_init_clocks.o
 .debug_macro   0x0000000000001ef3       0x34 ./autogen/sl_device_init_clocks.o
 .debug_macro   0x0000000000001f27      0x16d ./autogen/sl_device_init_clocks.o
 .debug_macro   0x0000000000002094       0x16 ./autogen/sl_device_init_clocks.o
 .debug_macro   0x00000000000020aa       0x43 ./autogen/sl_device_init_clocks.o
 .debug_macro   0x00000000000020ed       0x34 ./autogen/sl_device_init_clocks.o
 .debug_macro   0x0000000000002121       0x10 ./autogen/sl_device_init_clocks.o
 .debug_macro   0x0000000000002131       0x58 ./autogen/sl_device_init_clocks.o
 .debug_macro   0x0000000000002189      0x182 ./autogen/sl_device_init_clocks.o
 .debug_macro   0x000000000000230b      0x356 ./autogen/sl_device_init_clocks.o
 .debug_macro   0x0000000000002661       0x10 ./autogen/sl_device_init_clocks.o
 .debug_macro   0x0000000000002671       0x35 ./autogen/sl_device_init_clocks.o
 .debug_macro   0x00000000000026a6       0xde ./autogen/sl_device_init_clocks.o
 .debug_macro   0x0000000000002784       0xe4 ./autogen/sl_device_init_clocks.o
 .debug_macro   0x0000000000002868      0x37c ./autogen/sl_device_init_clocks.o
 .debug_macro   0x0000000000002be4      0x2b0 ./autogen/sl_device_init_clocks.o
 .debug_macro   0x0000000000002e94     0x14a5 ./autogen/sl_device_init_clocks.o
 .debug_macro   0x0000000000004339     0x2af9 ./autogen/sl_device_init_clocks.o
 .debug_macro   0x0000000000006e32      0x82d ./autogen/sl_device_init_clocks.o
 .debug_macro   0x000000000000765f       0xfa ./autogen/sl_device_init_clocks.o
 .debug_macro   0x0000000000007759      0x1b3 ./autogen/sl_device_init_clocks.o
 .debug_macro   0x000000000000790c     0x1c99 ./autogen/sl_device_init_clocks.o
 .debug_macro   0x00000000000095a5     0x16ae ./autogen/sl_device_init_clocks.o
 .debug_macro   0x000000000000ac53      0x6ca ./autogen/sl_device_init_clocks.o
 .debug_macro   0x000000000000b31d     0x1bda ./autogen/sl_device_init_clocks.o
 .debug_macro   0x000000000000cef7      0x79f ./autogen/sl_device_init_clocks.o
 .debug_macro   0x000000000000d696      0x229 ./autogen/sl_device_init_clocks.o
 .debug_macro   0x000000000000d8bf     0x1c09 ./autogen/sl_device_init_clocks.o
 .debug_macro   0x000000000000f4c8      0x33d ./autogen/sl_device_init_clocks.o
 .debug_macro   0x000000000000f805      0xf1c ./autogen/sl_device_init_clocks.o
 .debug_macro   0x0000000000010721      0xf9a ./autogen/sl_device_init_clocks.o
 .debug_macro   0x00000000000116bb      0xa5b ./autogen/sl_device_init_clocks.o
 .debug_macro   0x0000000000012116     0x106a ./autogen/sl_device_init_clocks.o
 .debug_macro   0x0000000000013180      0x37f ./autogen/sl_device_init_clocks.o
 .debug_macro   0x00000000000134ff      0x1c9 ./autogen/sl_device_init_clocks.o
 .debug_macro   0x00000000000136c8      0x166 ./autogen/sl_device_init_clocks.o
 .debug_macro   0x000000000001382e      0x256 ./autogen/sl_device_init_clocks.o
 .debug_macro   0x0000000000013a84       0x40 ./autogen/sl_device_init_clocks.o
 .debug_macro   0x0000000000013ac4      0x18c ./autogen/sl_device_init_clocks.o
 .debug_macro   0x0000000000013c50      0x11e ./autogen/sl_device_init_clocks.o
 .debug_macro   0x0000000000013d6e       0xc4 ./autogen/sl_device_init_clocks.o
 .debug_macro   0x0000000000013e32      0x252 ./autogen/sl_device_init_clocks.o
 .debug_macro   0x0000000000014084       0x27 ./autogen/sl_device_init_clocks.o
 .debug_macro   0x00000000000140ab      0x100 ./autogen/sl_device_init_clocks.o
 .debug_macro   0x00000000000141ab      0x100 ./autogen/sl_device_init_clocks.o
 .debug_macro   0x00000000000142ab       0x22 ./autogen/sl_device_init_clocks.o
 .debug_macro   0x00000000000142cd       0x10 ./autogen/sl_device_init_clocks.o
 .debug_macro   0x00000000000142dd       0x77 ./autogen/sl_device_init_clocks.o
 .debug_macro   0x0000000000014354       0x10 ./autogen/sl_device_init_clocks.o
 .debug_macro   0x0000000000014364       0xf6 ./autogen/sl_device_init_clocks.o
 .debug_macro   0x000000000001445a       0xbf ./autogen/sl_device_init_clocks.o
 .debug_macro   0x0000000000014519      0x33e ./autogen/sl_device_init_clocks.o
 .debug_macro   0x0000000000014857      0x3a9 ./autogen/sl_event_handler.o
 .debug_macro   0x0000000000014c00       0x71 ./autogen/sl_event_handler.o
 .debug_macro   0x0000000000014c71       0xb9 ./autogen/sl_event_handler.o
 .debug_macro   0x0000000000014d2a      0x72c ./autogen/sl_event_handler.o
 .debug_macro   0x0000000000015456      0x37e ./gecko_sdk_3.2.3/hardware/board/src/sl_board_init.o
 .debug_macro   0x00000000000157d4      0x2fb ./gecko_sdk_3.2.3/platform/Device/SiliconLabs/EFM32HG/Source/GCC/startup_efm32hg.o
 .debug_macro   0x0000000000015acf      0x309 ./gecko_sdk_3.2.3/platform/Device/SiliconLabs/EFM32HG/Source/system_efm32hg.o
 .debug_macro   0x0000000000015dd8       0x92 ./gecko_sdk_3.2.3/platform/common/toolchain/src/sl_memory.o
 .debug_macro   0x0000000000015e6a       0x16 ./gecko_sdk_3.2.3/platform/common/toolchain/src/sl_memory.o
 .debug_macro   0x0000000000015e80       0x2c ./gecko_sdk_3.2.3/platform/emlib/src/em_assert.o
 .debug_macro   0x0000000000015eac      0x3d2 ./gecko_sdk_3.2.3/platform/emlib/src/em_cmu.o
 .debug_macro   0x000000000001627e       0x7c ./gecko_sdk_3.2.3/platform/emlib/src/em_cmu.o
 .debug_macro   0x00000000000162fa       0x17 ./gecko_sdk_3.2.3/platform/emlib/src/em_cmu.o
 .debug_macro   0x0000000000016311       0xee ./gecko_sdk_3.2.3/platform/emlib/src/em_cmu.o
 .debug_macro   0x00000000000163ff       0x11 ./gecko_sdk_3.2.3/platform/emlib/src/em_cmu.o
 .debug_macro   0x0000000000016410      0x33f ./gecko_sdk_3.2.3/platform/emlib/src/em_core.o
 .debug_macro   0x000000000001674f      0x35b ./gecko_sdk_3.2.3/platform/service/device_init/src/sl_device_init_emu_s0.o
 .debug_macro   0x0000000000016aaa      0x375 ./gecko_sdk_3.2.3/platform/service/device_init/src/sl_device_init_hfxo_s0.o
 .debug_macro   0x0000000000016e1f       0x1c ./gecko_sdk_3.2.3/platform/service/device_init/src/sl_device_init_hfxo_s0.o
 .debug_macro   0x0000000000016e3b      0x375 ./gecko_sdk_3.2.3/platform/service/device_init/src/sl_device_init_lfxo_s0.o
 .debug_macro   0x00000000000171b0       0x22 ./gecko_sdk_3.2.3/platform/service/device_init/src/sl_device_init_lfxo_s0.o
 .debug_macro   0x00000000000171d2      0x33c ./gecko_sdk_3.2.3/platform/service/device_init/src/sl_device_init_nvic.o
 .debug_macro   0x000000000001750e       0x24 ./gecko_sdk_3.2.3/platform/service/system/src/sl_system_init.o
 .debug_macro   0x0000000000017532       0x24 ./gecko_sdk_3.2.3/platform/service/system/src/sl_system_process_action.o

.debug_line     0x0000000000000000     0xa42b
 .debug_line    0x0000000000000000       0xca ./app.o
 .debug_line    0x00000000000000ca      0x1fb ./main.o
 .debug_line    0x00000000000002c5      0x445 ./autogen/sl_board_default_init.o
 .debug_line    0x000000000000070a      0xacd ./autogen/sl_device_init_clocks.o
 .debug_line    0x00000000000011d7      0xc34 ./autogen/sl_event_handler.o
 .debug_line    0x0000000000001e0b      0xb61 ./gecko_sdk_3.2.3/hardware/board/src/sl_board_init.o
 .debug_line    0x000000000000296c      0x90c ./gecko_sdk_3.2.3/platform/Device/SiliconLabs/EFM32HG/Source/GCC/startup_efm32hg.o
 .debug_line    0x0000000000003278      0xa61 ./gecko_sdk_3.2.3/platform/Device/SiliconLabs/EFM32HG/Source/system_efm32hg.o
 .debug_line    0x0000000000003cd9      0x49d ./gecko_sdk_3.2.3/platform/common/toolchain/src/sl_memory.o
 .debug_line    0x0000000000004176      0x262 ./gecko_sdk_3.2.3/platform/emlib/src/em_assert.o
 .debug_line    0x00000000000043d8     0x20b3 ./gecko_sdk_3.2.3/platform/emlib/src/em_cmu.o
 .debug_line    0x000000000000648b      0xf6e ./gecko_sdk_3.2.3/platform/emlib/src/em_core.o
 .debug_line    0x00000000000073f9      0xb03 ./gecko_sdk_3.2.3/platform/service/device_init/src/sl_device_init_emu_s0.o
 .debug_line    0x0000000000007efc      0xb6a ./gecko_sdk_3.2.3/platform/service/device_init/src/sl_device_init_hfxo_s0.o
 .debug_line    0x0000000000008a66      0xb5f ./gecko_sdk_3.2.3/platform/service/device_init/src/sl_device_init_lfxo_s0.o
 .debug_line    0x00000000000095c5      0xaef ./gecko_sdk_3.2.3/platform/service/device_init/src/sl_device_init_nvic.o
 .debug_line    0x000000000000a0b4      0x1b7 ./gecko_sdk_3.2.3/platform/service/system/src/sl_system_init.o
 .debug_line    0x000000000000a26b      0x1c0 ./gecko_sdk_3.2.3/platform/service/system/src/sl_system_process_action.o

.debug_str      0x0000000000000000    0x7e181
 .debug_str     0x0000000000000000     0x2c42 ./app.o
                                       0x2c5e (size before relaxing)
 .debug_str     0x0000000000002c42       0xd5 ./main.o
                                       0x2d2a (size before relaxing)
 .debug_str     0x0000000000002d17     0x4a11 ./autogen/sl_board_default_init.o
                                       0x77aa (size before relaxing)
 .debug_str     0x0000000000007728    0x74954 ./autogen/sl_device_init_clocks.o
                                      0x7c16c (size before relaxing)
 .debug_str     0x000000000007c07c      0x31b ./autogen/sl_event_handler.o
                                      0x7b64d (size before relaxing)
 .debug_str     0x000000000007c397      0x1b4 ./gecko_sdk_3.2.3/hardware/board/src/sl_board_init.o
                                      0x7c283 (size before relaxing)
 .debug_str     0x000000000007c54b      0x148 ./gecko_sdk_3.2.3/platform/Device/SiliconLabs/EFM32HG/Source/GCC/startup_efm32hg.o
                                      0x76636 (size before relaxing)
 .debug_str     0x000000000007c693      0x357 ./gecko_sdk_3.2.3/platform/Device/SiliconLabs/EFM32HG/Source/system_efm32hg.o
                                      0x76846 (size before relaxing)
 .debug_str     0x000000000007c9ea      0x16a ./gecko_sdk_3.2.3/platform/common/toolchain/src/sl_memory.o
                                       0x3f49 (size before relaxing)
 .debug_str     0x000000000007cb54       0x87 ./gecko_sdk_3.2.3/platform/emlib/src/em_assert.o
                                       0x2d63 (size before relaxing)
 .debug_str     0x000000000007cbdb      0xc0f ./gecko_sdk_3.2.3/platform/emlib/src/em_cmu.o
                                      0x794a9 (size before relaxing)
 .debug_str     0x000000000007d7ea      0x4c8 ./gecko_sdk_3.2.3/platform/emlib/src/em_core.o
                                      0x77583 (size before relaxing)
 .debug_str     0x000000000007dcb2       0x92 ./gecko_sdk_3.2.3/platform/service/device_init/src/sl_device_init_emu_s0.o
                                      0x7acde (size before relaxing)
 .debug_str     0x000000000007dd44      0x12c ./gecko_sdk_3.2.3/platform/service/device_init/src/sl_device_init_hfxo_s0.o
                                      0x7c099 (size before relaxing)
 .debug_str     0x000000000007de70      0x162 ./gecko_sdk_3.2.3/platform/service/device_init/src/sl_device_init_lfxo_s0.o
                                      0x7c0f0 (size before relaxing)
 .debug_str     0x000000000007dfd2       0x99 ./gecko_sdk_3.2.3/platform/service/device_init/src/sl_device_init_nvic.o
                                      0x7ae84 (size before relaxing)
 .debug_str     0x000000000007e06b       0x86 ./gecko_sdk_3.2.3/platform/service/system/src/sl_system_init.o
                                       0x2d35 (size before relaxing)
 .debug_str     0x000000000007e0f1       0x90 ./gecko_sdk_3.2.3/platform/service/system/src/sl_system_process_action.o
                                       0x2d62 (size before relaxing)

.debug_frame    0x0000000000000000      0xa88
 .debug_frame   0x0000000000000000       0x30 ./app.o
 .debug_frame   0x0000000000000030       0x28 ./main.o
 .debug_frame   0x0000000000000058       0x20 ./autogen/sl_board_default_init.o
 .debug_frame   0x0000000000000078       0x28 ./autogen/sl_device_init_clocks.o
 .debug_frame   0x00000000000000a0       0xa8 ./autogen/sl_event_handler.o
 .debug_frame   0x0000000000000148       0x40 ./gecko_sdk_3.2.3/hardware/board/src/sl_board_init.o
 .debug_frame   0x0000000000000188       0x38 ./gecko_sdk_3.2.3/platform/Device/SiliconLabs/EFM32HG/Source/GCC/startup_efm32hg.o
 .debug_frame   0x00000000000001c0       0xd0 ./gecko_sdk_3.2.3/platform/Device/SiliconLabs/EFM32HG/Source/system_efm32hg.o
 .debug_frame   0x0000000000000290       0x40 ./gecko_sdk_3.2.3/platform/common/toolchain/src/sl_memory.o
 .debug_frame   0x00000000000002d0       0x20 ./gecko_sdk_3.2.3/platform/emlib/src/em_assert.o
 .debug_frame   0x00000000000002f0      0x370 ./gecko_sdk_3.2.3/platform/emlib/src/em_cmu.o
 .debug_frame   0x0000000000000660      0x254 ./gecko_sdk_3.2.3/platform/emlib/src/em_core.o
 .debug_frame   0x00000000000008b4       0x20 ./gecko_sdk_3.2.3/platform/service/device_init/src/sl_device_init_emu_s0.o
 .debug_frame   0x00000000000008d4       0x2c ./gecko_sdk_3.2.3/platform/service/device_init/src/sl_device_init_hfxo_s0.o
 .debug_frame   0x0000000000000900       0x2c ./gecko_sdk_3.2.3/platform/service/device_init/src/sl_device_init_lfxo_s0.o
 .debug_frame   0x000000000000092c       0x30 ./gecko_sdk_3.2.3/platform/service/device_init/src/sl_device_init_nvic.o
 .debug_frame   0x000000000000095c       0x28 ./gecko_sdk_3.2.3/platform/service/system/src/sl_system_init.o
 .debug_frame   0x0000000000000984       0x28 ./gecko_sdk_3.2.3/platform/service/system/src/sl_system_process_action.o
 .debug_frame   0x00000000000009ac       0x20 /Applications/Simplicity Studio.app/Contents/Eclipse/developer/toolchains/gnu_arm/10.2_2020q4/bin/../lib/gcc/arm-none-eabi/10.2.1/thumb/v6-m/nofp/libgcc.a(_udivsi3.o)
 .debug_frame   0x00000000000009cc       0x28 /Applications/Simplicity Studio.app/Contents/Eclipse/developer/toolchains/gnu_arm/10.2_2020q4/bin/../lib/gcc/arm-none-eabi/10.2.1/../../../../arm-none-eabi/lib/thumb/v6-m/nofp/libc_nano.a(lib_a-exit.o)
 .debug_frame   0x00000000000009f4       0x2c /Applications/Simplicity Studio.app/Contents/Eclipse/developer/toolchains/gnu_arm/10.2_2020q4/bin/../lib/gcc/arm-none-eabi/10.2.1/../../../../arm-none-eabi/lib/thumb/v6-m/nofp/libc_nano.a(lib_a-init.o)
 .debug_frame   0x0000000000000a20       0x28 /Applications/Simplicity Studio.app/Contents/Eclipse/developer/toolchains/gnu_arm/10.2_2020q4/bin/../lib/gcc/arm-none-eabi/10.2.1/../../../../arm-none-eabi/lib/thumb/v6-m/nofp/libc_nano.a(lib_a-memcpy-stub.o)
 .debug_frame   0x0000000000000a48       0x20 /Applications/Simplicity Studio.app/Contents/Eclipse/developer/toolchains/gnu_arm/10.2_2020q4/bin/../lib/gcc/arm-none-eabi/10.2.1/../../../../arm-none-eabi/lib/thumb/v6-m/nofp/libc_nano.a(lib_a-memset.o)
 .debug_frame   0x0000000000000a68       0x20 /Applications/Simplicity Studio.app/Contents/Eclipse/developer/toolchains/gnu_arm/10.2_2020q4/bin/../lib/gcc/arm-none-eabi/10.2.1/../../../../arm-none-eabi/lib/thumb/v6-m/nofp/libnosys.a(_exit.o)

.debug_loc      0x0000000000000000     0x2cbc
 .debug_loc     0x0000000000000000       0x20 ./main.o
 .debug_loc     0x0000000000000020       0x20 ./autogen/sl_device_init_clocks.o
 .debug_loc     0x0000000000000040       0x39 ./autogen/sl_event_handler.o
 .debug_loc     0x0000000000000079       0x40 ./gecko_sdk_3.2.3/hardware/board/src/sl_board_init.o
 .debug_loc     0x00000000000000b9       0xbe ./gecko_sdk_3.2.3/platform/Device/SiliconLabs/EFM32HG/Source/GCC/startup_efm32hg.o
 .debug_loc     0x0000000000000177       0xf4 ./gecko_sdk_3.2.3/platform/Device/SiliconLabs/EFM32HG/Source/system_efm32hg.o
 .debug_loc     0x000000000000026b       0x98 ./gecko_sdk_3.2.3/platform/common/toolchain/src/sl_memory.o
 .debug_loc     0x0000000000000303       0x2a ./gecko_sdk_3.2.3/platform/emlib/src/em_assert.o
 .debug_loc     0x000000000000032d     0x2069 ./gecko_sdk_3.2.3/platform/emlib/src/em_cmu.o
 .debug_loc     0x0000000000002396      0x800 ./gecko_sdk_3.2.3/platform/emlib/src/em_core.o
 .debug_loc     0x0000000000002b96       0x20 ./gecko_sdk_3.2.3/platform/service/device_init/src/sl_device_init_hfxo_s0.o
 .debug_loc     0x0000000000002bb6       0x20 ./gecko_sdk_3.2.3/platform/service/device_init/src/sl_device_init_lfxo_s0.o
 .debug_loc     0x0000000000002bd6       0xa6 ./gecko_sdk_3.2.3/platform/service/device_init/src/sl_device_init_nvic.o
 .debug_loc     0x0000000000002c7c       0x20 ./gecko_sdk_3.2.3/platform/service/system/src/sl_system_init.o
 .debug_loc     0x0000000000002c9c       0x20 ./gecko_sdk_3.2.3/platform/service/system/src/sl_system_process_action.o
