Archive member included to satisfy reference by file (symbol)

/Applications/Simplicity Studio.app/Contents/Eclipse/developer/toolchains/gnu_arm/10.2_2020q4/bin/../lib/gcc/arm-none-eabi/10.2.1/thumb/v6-m/nofp/libgcc.a(_udivsi3.o)
                              ./CMSIS/EFM32HG/system_efm32hg.o (__aeabi_uidiv)
/Applications/Simplicity Studio.app/Contents/Eclipse/developer/toolchains/gnu_arm/10.2_2020q4/bin/../lib/gcc/arm-none-eabi/10.2.1/thumb/v6-m/nofp/libgcc.a(_dvmd_tls.o)
                              /Applications/Simplicity Studio.app/Contents/Eclipse/developer/toolchains/gnu_arm/10.2_2020q4/bin/../lib/gcc/arm-none-eabi/10.2.1/thumb/v6-m/nofp/libgcc.a(_udivsi3.o) (__aeabi_idiv0)
/Applications/Simplicity Studio.app/Contents/Eclipse/developer/toolchains/gnu_arm/10.2_2020q4/bin/../lib/gcc/arm-none-eabi/10.2.1/thumb/v6-m/nofp/libgcc.a(_clzsi2.o)
                              ./emlib/em_cmu.o (__clzsi2)
/Applications/Simplicity Studio.app/Contents/Eclipse/developer/toolchains/gnu_arm/10.2_2020q4/bin/../lib/gcc/arm-none-eabi/10.2.1/../../../../arm-none-eabi/lib/thumb/v6-m/nofp/libc_nano.a(lib_a-exit.o)
                              /Applications/Simplicity Studio.app/Contents/Eclipse/developer/toolchains/gnu_arm/10.2_2020q4/bin/../lib/gcc/arm-none-eabi/10.2.1/../../../../arm-none-eabi/lib/thumb/v6-m/nofp/crt0.o (exit)
/Applications/Simplicity Studio.app/Contents/Eclipse/developer/toolchains/gnu_arm/10.2_2020q4/bin/../lib/gcc/arm-none-eabi/10.2.1/../../../../arm-none-eabi/lib/thumb/v6-m/nofp/libc_nano.a(lib_a-impure.o)
                              /Applications/Simplicity Studio.app/Contents/Eclipse/developer/toolchains/gnu_arm/10.2_2020q4/bin/../lib/gcc/arm-none-eabi/10.2.1/../../../../arm-none-eabi/lib/thumb/v6-m/nofp/libc_nano.a(lib_a-exit.o) (_global_impure_ptr)
/Applications/Simplicity Studio.app/Contents/Eclipse/developer/toolchains/gnu_arm/10.2_2020q4/bin/../lib/gcc/arm-none-eabi/10.2.1/../../../../arm-none-eabi/lib/thumb/v6-m/nofp/libc_nano.a(lib_a-init.o)
                              /Applications/Simplicity Studio.app/Contents/Eclipse/developer/toolchains/gnu_arm/10.2_2020q4/bin/../lib/gcc/arm-none-eabi/10.2.1/../../../../arm-none-eabi/lib/thumb/v6-m/nofp/crt0.o (__libc_init_array)
/Applications/Simplicity Studio.app/Contents/Eclipse/developer/toolchains/gnu_arm/10.2_2020q4/bin/../lib/gcc/arm-none-eabi/10.2.1/../../../../arm-none-eabi/lib/thumb/v6-m/nofp/libc_nano.a(lib_a-memset.o)
                              /Applications/Simplicity Studio.app/Contents/Eclipse/developer/toolchains/gnu_arm/10.2_2020q4/bin/../lib/gcc/arm-none-eabi/10.2.1/../../../../arm-none-eabi/lib/thumb/v6-m/nofp/crt0.o (memset)
/Applications/Simplicity Studio.app/Contents/Eclipse/developer/toolchains/gnu_arm/10.2_2020q4/bin/../lib/gcc/arm-none-eabi/10.2.1/../../../../arm-none-eabi/lib/thumb/v6-m/nofp/libnosys.a(_exit.o)
                              /Applications/Simplicity Studio.app/Contents/Eclipse/developer/toolchains/gnu_arm/10.2_2020q4/bin/../lib/gcc/arm-none-eabi/10.2.1/../../../../arm-none-eabi/lib/thumb/v6-m/nofp/libc_nano.a(lib_a-exit.o) (_exit)

Discarded input sections

 .text          0x0000000000000000        0x0 /Applications/Simplicity Studio.app/Contents/Eclipse/developer/toolchains/gnu_arm/10.2_2020q4/bin/../lib/gcc/arm-none-eabi/10.2.1/thumb/v6-m/nofp/crti.o
 .data          0x0000000000000000        0x0 /Applications/Simplicity Studio.app/Contents/Eclipse/developer/toolchains/gnu_arm/10.2_2020q4/bin/../lib/gcc/arm-none-eabi/10.2.1/thumb/v6-m/nofp/crti.o
 .bss           0x0000000000000000        0x0 /Applications/Simplicity Studio.app/Contents/Eclipse/developer/toolchains/gnu_arm/10.2_2020q4/bin/../lib/gcc/arm-none-eabi/10.2.1/thumb/v6-m/nofp/crti.o
 .data          0x0000000000000000        0x4 /Applications/Simplicity Studio.app/Contents/Eclipse/developer/toolchains/gnu_arm/10.2_2020q4/bin/../lib/gcc/arm-none-eabi/10.2.1/thumb/v6-m/nofp/crtbegin.o
 .rodata        0x0000000000000000       0x24 /Applications/Simplicity Studio.app/Contents/Eclipse/developer/toolchains/gnu_arm/10.2_2020q4/bin/../lib/gcc/arm-none-eabi/10.2.1/thumb/v6-m/nofp/crtbegin.o
 .data          0x0000000000000000        0x0 /Applications/Simplicity Studio.app/Contents/Eclipse/developer/toolchains/gnu_arm/10.2_2020q4/bin/../lib/gcc/arm-none-eabi/10.2.1/../../../../arm-none-eabi/lib/thumb/v6-m/nofp/crt0.o
 .bss           0x0000000000000000        0x0 /Applications/Simplicity Studio.app/Contents/Eclipse/developer/toolchains/gnu_arm/10.2_2020q4/bin/../lib/gcc/arm-none-eabi/10.2.1/../../../../arm-none-eabi/lib/thumb/v6-m/nofp/crt0.o
 .ARM.extab     0x0000000000000000        0x0 /Applications/Simplicity Studio.app/Contents/Eclipse/developer/toolchains/gnu_arm/10.2_2020q4/bin/../lib/gcc/arm-none-eabi/10.2.1/../../../../arm-none-eabi/lib/thumb/v6-m/nofp/crt0.o
 .data          0x0000000000000000        0x0 ./CMSIS/EFM32HG/startup_efm32hg.o
 .bss           0x0000000000000000        0x0 ./CMSIS/EFM32HG/startup_efm32hg.o
 .text          0x0000000000000000        0x0 ./CMSIS/EFM32HG/system_efm32hg.o
 .data          0x0000000000000000        0x0 ./CMSIS/EFM32HG/system_efm32hg.o
 .bss           0x0000000000000000        0x0 ./CMSIS/EFM32HG/system_efm32hg.o
 .text.SystemHFXOClockGet
                0x0000000000000000       0x14 ./CMSIS/EFM32HG/system_efm32hg.o
 .text.SystemHFXOClockSet
                0x0000000000000000       0x30 ./CMSIS/EFM32HG/system_efm32hg.o
 .text.SystemLFXOClockSet
                0x0000000000000000       0x30 ./CMSIS/EFM32HG/system_efm32hg.o
 .text          0x0000000000000000        0x0 ./emlib/em_cmu.o
 .data          0x0000000000000000        0x0 ./emlib/em_cmu.o
 .bss           0x0000000000000000        0x0 ./emlib/em_cmu.o
 .text.BUS_RegMaskedWrite
                0x0000000000000000       0x3a ./emlib/em_cmu.o
 .data.lfxo_precision
                0x0000000000000000        0x2 ./emlib/em_cmu.o
 .text.CMU_AUXHFRCOBandGet
                0x0000000000000000       0x1c ./emlib/em_cmu.o
 .text.CMU_AUXHFRCOBandSet
                0x0000000000000000       0x90 ./emlib/em_cmu.o
 .rodata.CMU_AUXHFRCOBandSet
                0x0000000000000000       0x20 ./emlib/em_cmu.o
 .text.CMU_Calibrate
                0x0000000000000000       0x88 ./emlib/em_cmu.o
 .rodata.CMU_Calibrate
                0x0000000000000000       0x18 ./emlib/em_cmu.o
 .text.CMU_CalibrateConfig
                0x0000000000000000       0xdc ./emlib/em_cmu.o
 .rodata.CMU_CalibrateConfig
                0x0000000000000000       0x30 ./emlib/em_cmu.o
 .text.CMU_CalibrateCountGet
                0x0000000000000000       0x38 ./emlib/em_cmu.o
 .text.CMU_LF_ClockPrecisionGet
                0x0000000000000000       0x4c ./emlib/em_cmu.o
 .text.CMU_FreezeEnable
                0x0000000000000000       0x38 ./emlib/em_cmu.o
 .text.CMU_HFRCOBandGet
                0x0000000000000000       0x1c ./emlib/em_cmu.o
 .text.CMU_HFRCOBandSet
                0x0000000000000000       0xc8 ./emlib/em_cmu.o
 .rodata.CMU_HFRCOBandSet
                0x0000000000000000       0x14 ./emlib/em_cmu.o
 .text.CMU_HFRCOStartupDelayGet
                0x0000000000000000       0x18 ./emlib/em_cmu.o
 .text.CMU_HFRCOStartupDelaySet
                0x0000000000000000       0x34 ./emlib/em_cmu.o
 .text.CMU_HFXOInit
                0x0000000000000000       0x5c ./emlib/em_cmu.o
 .text.CMU_LCDClkFDIVGet
                0x0000000000000000        0xc ./emlib/em_cmu.o
 .text.CMU_LCDClkFDIVSet
                0x0000000000000000       0x10 ./emlib/em_cmu.o
 .text.CMU_LFXOInit
                0x0000000000000000       0x68 ./emlib/em_cmu.o
 .text.CMU_LFXOPrecisionSet
                0x0000000000000000       0x20 ./emlib/em_cmu.o
 .text.CMU_OscillatorTuningGet
                0x0000000000000000       0x6c ./emlib/em_cmu.o
 .text.CMU_OscillatorTuningSet
                0x0000000000000000       0xac ./emlib/em_cmu.o
 .text.CMU_PCNTClockExternalGet
                0x0000000000000000       0x34 ./emlib/em_cmu.o
 .text.CMU_PCNTClockExternalSet
                0x0000000000000000       0x3c ./emlib/em_cmu.o
 .text.CMU_USHFRCOBandGet
                0x0000000000000000       0x1c ./emlib/em_cmu.o
 .text.CMU_USHFRCOFreqGet
                0x0000000000000000       0x14 ./emlib/em_cmu.o
 .text.CMU_USHFRCOBandSet
                0x0000000000000000       0xe4 ./emlib/em_cmu.o
 .text          0x0000000000000000        0x0 ./emlib/em_core.o
 .data          0x0000000000000000        0x0 ./emlib/em_core.o
 .bss           0x0000000000000000        0x0 ./emlib/em_core.o
 .text.__NVIC_GetPriority
                0x0000000000000000       0x7c ./emlib/em_core.o
 .text.CORE_CriticalDisableIrq
                0x0000000000000000        0xe ./emlib/em_core.o
 .text.CORE_CriticalEnableIrq
                0x0000000000000000        0xe ./emlib/em_core.o
 .text.CORE_YieldCritical
                0x0000000000000000       0x2a ./emlib/em_core.o
 .text.CORE_AtomicDisableIrq
                0x0000000000000000        0xe ./emlib/em_core.o
 .text.CORE_AtomicEnableIrq
                0x0000000000000000        0xe ./emlib/em_core.o
 .text.CORE_EnterAtomic
                0x0000000000000000       0x1e ./emlib/em_core.o
 .text.CORE_ExitAtomic
                0x0000000000000000       0x1a ./emlib/em_core.o
 .text.CORE_YieldAtomic
                0x0000000000000000       0x2a ./emlib/em_core.o
 .text.CORE_EnterNvicMask
                0x0000000000000000       0x38 ./emlib/em_core.o
 .text.CORE_NvicDisableMask
                0x0000000000000000       0x2c ./emlib/em_core.o
 .text.CORE_NvicEnableMask
                0x0000000000000000       0x2c ./emlib/em_core.o
 .text.CORE_YieldNvicMask
                0x0000000000000000       0x58 ./emlib/em_core.o
 .text.CORE_NvicMaskSetIRQ
                0x0000000000000000       0x4e ./emlib/em_core.o
 .text.CORE_NvicMaskClearIRQ
                0x0000000000000000       0x50 ./emlib/em_core.o
 .text.CORE_InIrqContext
                0x0000000000000000       0x1c ./emlib/em_core.o
 .text.CORE_IrqIsBlocked
                0x0000000000000000       0x88 ./emlib/em_core.o
 .text.CORE_IrqIsDisabled
                0x0000000000000000       0x22 ./emlib/em_core.o
 .text.CORE_GetNvicEnabledMask
                0x0000000000000000       0x2c ./emlib/em_core.o
 .text.CORE_GetNvicMaskDisableState
                0x0000000000000000       0x38 ./emlib/em_core.o
 .text.CORE_NvicIRQDisabled
                0x0000000000000000       0x4c ./emlib/em_core.o
 .text.CORE_GetNvicRamTableHandler
                0x0000000000000000       0x38 ./emlib/em_core.o
 .text.CORE_SetNvicRamTableHandler
                0x0000000000000000       0x3c ./emlib/em_core.o
 .text.CORE_InitNvicVectorTable
                0x0000000000000000       0xc8 ./emlib/em_core.o
 .text          0x0000000000000000        0x0 ./emlib/em_emu.o
 .data          0x0000000000000000        0x0 ./emlib/em_emu.o
 .bss           0x0000000000000000        0x0 ./emlib/em_emu.o
 .text.EMU_Unlock
                0x0000000000000000       0x18 ./emlib/em_emu.o
 .text.EMU_EnterEM3
                0x0000000000000000       0xdc ./emlib/em_emu.o
 .text.EMU_Save
                0x0000000000000000       0x10 ./emlib/em_emu.o
 .text.EMU_Restore
                0x0000000000000000       0x10 ./emlib/em_emu.o
 .text.EMU_EM4PresleepHook
                0x0000000000000000        0xa ./emlib/em_emu.o
 .text.EMU_EFPEM4PresleepHook
                0x0000000000000000        0xa ./emlib/em_emu.o
 .text.EMU_EnterEM4
                0x0000000000000000       0x68 ./emlib/em_emu.o
 .text.EMU_MemPwrDown
                0x0000000000000000       0x10 ./emlib/em_emu.o
 .text.EMU_RamPowerDown
                0x0000000000000000       0x24 ./emlib/em_emu.o
 .text.EMU_RamPowerUp
                0x0000000000000000        0xa ./emlib/em_emu.o
 .text.EMU_UpdateOscConfig
                0x0000000000000000       0x10 ./emlib/em_emu.o
 .text.EMU_EM23Init
                0x0000000000000000       0x34 ./emlib/em_emu.o
 .text          0x0000000000000000        0x0 ./emlib/em_gpio.o
 .data          0x0000000000000000        0x0 ./emlib/em_gpio.o
 .bss           0x0000000000000000        0x0 ./emlib/em_gpio.o
 .text.BUS_RegBitWrite
                0x0000000000000000       0x3c ./emlib/em_gpio.o
 .text.BUS_RegMaskedWrite
                0x0000000000000000       0x3a ./emlib/em_gpio.o
 .text.GPIO_EM4SetPinRetention
                0x0000000000000000       0x28 ./emlib/em_gpio.o
 .text.GPIO_IntClear
                0x0000000000000000       0x20 ./emlib/em_gpio.o
 .text.GPIO_DbgLocationSet
                0x0000000000000000       0x10 ./emlib/em_gpio.o
 .text.GPIO_DriveModeSet
                0x0000000000000000       0x7c ./emlib/em_gpio.o
 .text.GPIO_ExtIntConfig
                0x0000000000000000      0x100 ./emlib/em_gpio.o
 .text.GPIO_PinModeGet
                0x0000000000000000       0x90 ./emlib/em_gpio.o
 .text.GPIO_EM4EnablePinWakeup
                0x0000000000000000       0x68 ./emlib/em_gpio.o
 .text          0x0000000000000000        0x0 ./emlib/em_leuart.o
 .data          0x0000000000000000        0x0 ./emlib/em_leuart.o
 .bss           0x0000000000000000        0x0 ./emlib/em_leuart.o
 .text.LEUART_BaudrateCalc
                0x0000000000000000       0x60 ./emlib/em_leuart.o
 .text.LEUART_BaudrateGet
                0x0000000000000000       0x44 ./emlib/em_leuart.o
 .text.LEUART_Enable
                0x0000000000000000       0x46 ./emlib/em_leuart.o
 .text.LEUART_Reset
                0x0000000000000000       0x60 ./emlib/em_leuart.o
 .text.LEUART_RxExt
                0x0000000000000000       0x22 ./emlib/em_leuart.o
 .text.LEUART_TxExt
                0x0000000000000000       0x34 ./emlib/em_leuart.o
 .text.LEUART_TxDmaInEM2Enable
                0x0000000000000000       0x48 ./emlib/em_leuart.o
 .text.LEUART_RxDmaInEM2Enable
                0x0000000000000000       0x48 ./emlib/em_leuart.o
 .text          0x0000000000000000        0x0 ./emlib/em_system.o
 .data          0x0000000000000000        0x0 ./emlib/em_system.o
 .bss           0x0000000000000000        0x0 ./emlib/em_system.o
 .text.SYSTEM_ChipRevisionGet
                0x0000000000000000       0x8c ./emlib/em_system.o
 .text.SYSTEM_GetCalibrationValue
                0x0000000000000000       0x54 ./emlib/em_system.o
 .text.SYSTEM_GetSecurityCapability
                0x0000000000000000       0x18 ./emlib/em_system.o
 .debug_info    0x0000000000000000      0x2e9 ./emlib/em_system.o
 .debug_abbrev  0x0000000000000000      0x12a ./emlib/em_system.o
 .debug_loc     0x0000000000000000       0xa8 ./emlib/em_system.o
 .debug_aranges
                0x0000000000000000       0x30 ./emlib/em_system.o
 .debug_ranges  0x0000000000000000       0x20 ./emlib/em_system.o
 .debug_line    0x0000000000000000      0x37c ./emlib/em_system.o
 .debug_str     0x0000000000000000      0x3f8 ./emlib/em_system.o
 .comment       0x0000000000000000       0x4e ./emlib/em_system.o
 .debug_frame   0x0000000000000000       0x70 ./emlib/em_system.o
 .ARM.attributes
                0x0000000000000000       0x2c ./emlib/em_system.o
 .text          0x0000000000000000        0x0 ./src/main_s0.o
 .data          0x0000000000000000        0x0 ./src/main_s0.o
 .bss           0x0000000000000000        0x0 ./src/main_s0.o
 .data          0x0000000000000000        0x0 /Applications/Simplicity Studio.app/Contents/Eclipse/developer/toolchains/gnu_arm/10.2_2020q4/bin/../lib/gcc/arm-none-eabi/10.2.1/thumb/v6-m/nofp/libgcc.a(_udivsi3.o)
 .bss           0x0000000000000000        0x0 /Applications/Simplicity Studio.app/Contents/Eclipse/developer/toolchains/gnu_arm/10.2_2020q4/bin/../lib/gcc/arm-none-eabi/10.2.1/thumb/v6-m/nofp/libgcc.a(_udivsi3.o)
 .data          0x0000000000000000        0x0 /Applications/Simplicity Studio.app/Contents/Eclipse/developer/toolchains/gnu_arm/10.2_2020q4/bin/../lib/gcc/arm-none-eabi/10.2.1/thumb/v6-m/nofp/libgcc.a(_dvmd_tls.o)
 .bss           0x0000000000000000        0x0 /Applications/Simplicity Studio.app/Contents/Eclipse/developer/toolchains/gnu_arm/10.2_2020q4/bin/../lib/gcc/arm-none-eabi/10.2.1/thumb/v6-m/nofp/libgcc.a(_dvmd_tls.o)
 .data          0x0000000000000000        0x0 /Applications/Simplicity Studio.app/Contents/Eclipse/developer/toolchains/gnu_arm/10.2_2020q4/bin/../lib/gcc/arm-none-eabi/10.2.1/thumb/v6-m/nofp/libgcc.a(_clzsi2.o)
 .bss           0x0000000000000000        0x0 /Applications/Simplicity Studio.app/Contents/Eclipse/developer/toolchains/gnu_arm/10.2_2020q4/bin/../lib/gcc/arm-none-eabi/10.2.1/thumb/v6-m/nofp/libgcc.a(_clzsi2.o)
 .text          0x0000000000000000        0x0 /Applications/Simplicity Studio.app/Contents/Eclipse/developer/toolchains/gnu_arm/10.2_2020q4/bin/../lib/gcc/arm-none-eabi/10.2.1/../../../../arm-none-eabi/lib/thumb/v6-m/nofp/libc_nano.a(lib_a-exit.o)
 .data          0x0000000000000000        0x0 /Applications/Simplicity Studio.app/Contents/Eclipse/developer/toolchains/gnu_arm/10.2_2020q4/bin/../lib/gcc/arm-none-eabi/10.2.1/../../../../arm-none-eabi/lib/thumb/v6-m/nofp/libc_nano.a(lib_a-exit.o)
 .bss           0x0000000000000000        0x0 /Applications/Simplicity Studio.app/Contents/Eclipse/developer/toolchains/gnu_arm/10.2_2020q4/bin/../lib/gcc/arm-none-eabi/10.2.1/../../../../arm-none-eabi/lib/thumb/v6-m/nofp/libc_nano.a(lib_a-exit.o)
 .text          0x0000000000000000        0x0 /Applications/Simplicity Studio.app/Contents/Eclipse/developer/toolchains/gnu_arm/10.2_2020q4/bin/../lib/gcc/arm-none-eabi/10.2.1/../../../../arm-none-eabi/lib/thumb/v6-m/nofp/libc_nano.a(lib_a-impure.o)
 .data          0x0000000000000000        0x0 /Applications/Simplicity Studio.app/Contents/Eclipse/developer/toolchains/gnu_arm/10.2_2020q4/bin/../lib/gcc/arm-none-eabi/10.2.1/../../../../arm-none-eabi/lib/thumb/v6-m/nofp/libc_nano.a(lib_a-impure.o)
 .bss           0x0000000000000000        0x0 /Applications/Simplicity Studio.app/Contents/Eclipse/developer/toolchains/gnu_arm/10.2_2020q4/bin/../lib/gcc/arm-none-eabi/10.2.1/../../../../arm-none-eabi/lib/thumb/v6-m/nofp/libc_nano.a(lib_a-impure.o)
 .data._impure_ptr
                0x0000000000000000        0x4 /Applications/Simplicity Studio.app/Contents/Eclipse/developer/toolchains/gnu_arm/10.2_2020q4/bin/../lib/gcc/arm-none-eabi/10.2.1/../../../../arm-none-eabi/lib/thumb/v6-m/nofp/libc_nano.a(lib_a-impure.o)
 .text          0x0000000000000000        0x0 /Applications/Simplicity Studio.app/Contents/Eclipse/developer/toolchains/gnu_arm/10.2_2020q4/bin/../lib/gcc/arm-none-eabi/10.2.1/../../../../arm-none-eabi/lib/thumb/v6-m/nofp/libc_nano.a(lib_a-init.o)
 .data          0x0000000000000000        0x0 /Applications/Simplicity Studio.app/Contents/Eclipse/developer/toolchains/gnu_arm/10.2_2020q4/bin/../lib/gcc/arm-none-eabi/10.2.1/../../../../arm-none-eabi/lib/thumb/v6-m/nofp/libc_nano.a(lib_a-init.o)
 .bss           0x0000000000000000        0x0 /Applications/Simplicity Studio.app/Contents/Eclipse/developer/toolchains/gnu_arm/10.2_2020q4/bin/../lib/gcc/arm-none-eabi/10.2.1/../../../../arm-none-eabi/lib/thumb/v6-m/nofp/libc_nano.a(lib_a-init.o)
 .text          0x0000000000000000        0x0 /Applications/Simplicity Studio.app/Contents/Eclipse/developer/toolchains/gnu_arm/10.2_2020q4/bin/../lib/gcc/arm-none-eabi/10.2.1/../../../../arm-none-eabi/lib/thumb/v6-m/nofp/libc_nano.a(lib_a-memset.o)
 .data          0x0000000000000000        0x0 /Applications/Simplicity Studio.app/Contents/Eclipse/developer/toolchains/gnu_arm/10.2_2020q4/bin/../lib/gcc/arm-none-eabi/10.2.1/../../../../arm-none-eabi/lib/thumb/v6-m/nofp/libc_nano.a(lib_a-memset.o)
 .bss           0x0000000000000000        0x0 /Applications/Simplicity Studio.app/Contents/Eclipse/developer/toolchains/gnu_arm/10.2_2020q4/bin/../lib/gcc/arm-none-eabi/10.2.1/../../../../arm-none-eabi/lib/thumb/v6-m/nofp/libc_nano.a(lib_a-memset.o)
 .text          0x0000000000000000        0x0 /Applications/Simplicity Studio.app/Contents/Eclipse/developer/toolchains/gnu_arm/10.2_2020q4/bin/../lib/gcc/arm-none-eabi/10.2.1/../../../../arm-none-eabi/lib/thumb/v6-m/nofp/libnosys.a(_exit.o)
 .data          0x0000000000000000        0x0 /Applications/Simplicity Studio.app/Contents/Eclipse/developer/toolchains/gnu_arm/10.2_2020q4/bin/../lib/gcc/arm-none-eabi/10.2.1/../../../../arm-none-eabi/lib/thumb/v6-m/nofp/libnosys.a(_exit.o)
 .bss           0x0000000000000000        0x0 /Applications/Simplicity Studio.app/Contents/Eclipse/developer/toolchains/gnu_arm/10.2_2020q4/bin/../lib/gcc/arm-none-eabi/10.2.1/../../../../arm-none-eabi/lib/thumb/v6-m/nofp/libnosys.a(_exit.o)
 .text          0x0000000000000000        0x0 /Applications/Simplicity Studio.app/Contents/Eclipse/developer/toolchains/gnu_arm/10.2_2020q4/bin/../lib/gcc/arm-none-eabi/10.2.1/thumb/v6-m/nofp/crtend.o
 .data          0x0000000000000000        0x0 /Applications/Simplicity Studio.app/Contents/Eclipse/developer/toolchains/gnu_arm/10.2_2020q4/bin/../lib/gcc/arm-none-eabi/10.2.1/thumb/v6-m/nofp/crtend.o
 .bss           0x0000000000000000        0x0 /Applications/Simplicity Studio.app/Contents/Eclipse/developer/toolchains/gnu_arm/10.2_2020q4/bin/../lib/gcc/arm-none-eabi/10.2.1/thumb/v6-m/nofp/crtend.o
 .rodata        0x0000000000000000       0x24 /Applications/Simplicity Studio.app/Contents/Eclipse/developer/toolchains/gnu_arm/10.2_2020q4/bin/../lib/gcc/arm-none-eabi/10.2.1/thumb/v6-m/nofp/crtend.o
 .text          0x0000000000000000        0x0 /Applications/Simplicity Studio.app/Contents/Eclipse/developer/toolchains/gnu_arm/10.2_2020q4/bin/../lib/gcc/arm-none-eabi/10.2.1/thumb/v6-m/nofp/crtn.o
 .data          0x0000000000000000        0x0 /Applications/Simplicity Studio.app/Contents/Eclipse/developer/toolchains/gnu_arm/10.2_2020q4/bin/../lib/gcc/arm-none-eabi/10.2.1/thumb/v6-m/nofp/crtn.o
 .bss           0x0000000000000000        0x0 /Applications/Simplicity Studio.app/Contents/Eclipse/developer/toolchains/gnu_arm/10.2_2020q4/bin/../lib/gcc/arm-none-eabi/10.2.1/thumb/v6-m/nofp/crtn.o

Memory Configuration

Name             Origin             Length             Attributes
FLASH            0x0000000000000000 0x0000000000010000 xr
RAM              0x0000000020000000 0x0000000000002000 xrw
*default*        0x0000000000000000 0xffffffffffffffff

Linker script and memory map

LOAD /Applications/Simplicity Studio.app/Contents/Eclipse/developer/toolchains/gnu_arm/10.2_2020q4/bin/../lib/gcc/arm-none-eabi/10.2.1/thumb/v6-m/nofp/crti.o
LOAD /Applications/Simplicity Studio.app/Contents/Eclipse/developer/toolchains/gnu_arm/10.2_2020q4/bin/../lib/gcc/arm-none-eabi/10.2.1/thumb/v6-m/nofp/crtbegin.o
LOAD /Applications/Simplicity Studio.app/Contents/Eclipse/developer/toolchains/gnu_arm/10.2_2020q4/bin/../lib/gcc/arm-none-eabi/10.2.1/../../../../arm-none-eabi/lib/thumb/v6-m/nofp/crt0.o
LOAD ./CMSIS/EFM32HG/startup_efm32hg.o
LOAD ./CMSIS/EFM32HG/system_efm32hg.o
LOAD ./emlib/em_cmu.o
LOAD ./emlib/em_core.o
LOAD ./emlib/em_emu.o
LOAD ./emlib/em_gpio.o
LOAD ./emlib/em_leuart.o
LOAD ./emlib/em_system.o
LOAD ./src/main_s0.o
START GROUP
LOAD /Applications/Simplicity Studio.app/Contents/Eclipse/developer/toolchains/gnu_arm/10.2_2020q4/bin/../lib/gcc/arm-none-eabi/10.2.1/thumb/v6-m/nofp/libgcc.a
LOAD /Applications/Simplicity Studio.app/Contents/Eclipse/developer/toolchains/gnu_arm/10.2_2020q4/bin/../lib/gcc/arm-none-eabi/10.2.1/../../../../arm-none-eabi/lib/thumb/v6-m/nofp/libc_nano.a
LOAD /Applications/Simplicity Studio.app/Contents/Eclipse/developer/toolchains/gnu_arm/10.2_2020q4/bin/../lib/gcc/arm-none-eabi/10.2.1/../../../../arm-none-eabi/lib/thumb/v6-m/nofp/libnosys.a
END GROUP
START GROUP
LOAD /Applications/Simplicity Studio.app/Contents/Eclipse/developer/toolchains/gnu_arm/10.2_2020q4/bin/../lib/gcc/arm-none-eabi/10.2.1/thumb/v6-m/nofp/libgcc.a
LOAD /Applications/Simplicity Studio.app/Contents/Eclipse/developer/toolchains/gnu_arm/10.2_2020q4/bin/../lib/gcc/arm-none-eabi/10.2.1/../../../../arm-none-eabi/lib/thumb/v6-m/nofp/libg_nano.a
LOAD /Applications/Simplicity Studio.app/Contents/Eclipse/developer/toolchains/gnu_arm/10.2_2020q4/bin/../lib/gcc/arm-none-eabi/10.2.1/../../../../arm-none-eabi/lib/thumb/v6-m/nofp/libc_nano.a
END GROUP
START GROUP
LOAD /Applications/Simplicity Studio.app/Contents/Eclipse/developer/toolchains/gnu_arm/10.2_2020q4/bin/../lib/gcc/arm-none-eabi/10.2.1/thumb/v6-m/nofp/libgcc.a
LOAD /Applications/Simplicity Studio.app/Contents/Eclipse/developer/toolchains/gnu_arm/10.2_2020q4/bin/../lib/gcc/arm-none-eabi/10.2.1/../../../../arm-none-eabi/lib/thumb/v6-m/nofp/libc_nano.a
END GROUP
LOAD /Applications/Simplicity Studio.app/Contents/Eclipse/developer/toolchains/gnu_arm/10.2_2020q4/bin/../lib/gcc/arm-none-eabi/10.2.1/thumb/v6-m/nofp/crtend.o
LOAD /Applications/Simplicity Studio.app/Contents/Eclipse/developer/toolchains/gnu_arm/10.2_2020q4/bin/../lib/gcc/arm-none-eabi/10.2.1/thumb/v6-m/nofp/crtn.o

.text           0x0000000000000000     0x1e60
 *(.vectors)
 .vectors       0x0000000000000000       0x94 ./CMSIS/EFM32HG/startup_efm32hg.o
                0x0000000000000000                __Vectors
                0x0000000000000094                __Vectors_End = .
                0x0000000000000094                __Vectors_Size = (__Vectors_End - __Vectors)
                0x0000000020000158                __end__ = .
 *(.text*)
 .text          0x0000000000000094       0x48 /Applications/Simplicity Studio.app/Contents/Eclipse/developer/toolchains/gnu_arm/10.2_2020q4/bin/../lib/gcc/arm-none-eabi/10.2.1/thumb/v6-m/nofp/crtbegin.o
 .text          0x00000000000000dc       0x80 /Applications/Simplicity Studio.app/Contents/Eclipse/developer/toolchains/gnu_arm/10.2_2020q4/bin/../lib/gcc/arm-none-eabi/10.2.1/../../../../arm-none-eabi/lib/thumb/v6-m/nofp/crt0.o
                0x00000000000000dc                _stack_init
                0x00000000000000e8                _mainCRTStartup
                0x00000000000000e8                _start
 .text          0x000000000000015c       0x30 ./CMSIS/EFM32HG/startup_efm32hg.o
                0x000000000000015c                Reset_Handler
                0x0000000000000188                USART0_TX_IRQHandler
                0x0000000000000188                I2C0_IRQHandler
                0x0000000000000188                HardFault_Handler
                0x0000000000000188                SysTick_Handler
                0x0000000000000188                USART1_RX_IRQHandler
                0x0000000000000188                PendSV_Handler
                0x0000000000000188                NMI_Handler
                0x0000000000000188                USART1_TX_IRQHandler
                0x0000000000000188                MSC_IRQHandler
                0x0000000000000188                ADC0_IRQHandler
                0x0000000000000188                GPIO_EVEN_IRQHandler
                0x0000000000000188                RTC_IRQHandler
                0x0000000000000188                TIMER0_IRQHandler
                0x0000000000000188                TIMER1_IRQHandler
                0x0000000000000188                Default_Handler
                0x0000000000000188                PCNT0_IRQHandler
                0x0000000000000188                sl_app_properties
                0x0000000000000188                USB_IRQHandler
                0x0000000000000188                ACMP0_IRQHandler
                0x0000000000000188                USART0_RX_IRQHandler
                0x0000000000000188                SVC_Handler
                0x0000000000000188                CMU_IRQHandler
                0x0000000000000188                GPIO_ODD_IRQHandler
                0x0000000000000188                AES_IRQHandler
                0x0000000000000188                VCMP_IRQHandler
                0x0000000000000188                TIMER2_IRQHandler
                0x0000000000000188                DMA_IRQHandler
 .text.SystemCoreClockGet
                0x000000000000018c       0x38 ./CMSIS/EFM32HG/system_efm32hg.o
                0x000000000000018c                SystemCoreClockGet
 .text.SystemMaxCoreClockGet
                0x00000000000001c4       0x10 ./CMSIS/EFM32HG/system_efm32hg.o
                0x00000000000001c4                SystemMaxCoreClockGet
 .text.SystemHFClockGet
                0x00000000000001d4      0x114 ./CMSIS/EFM32HG/system_efm32hg.o
                0x00000000000001d4                SystemHFClockGet
 .text.SystemInit
                0x00000000000002e8       0x18 ./CMSIS/EFM32HG/system_efm32hg.o
                0x00000000000002e8                SystemInit
 .text.SystemLFRCOClockGet
                0x0000000000000300        0xe ./CMSIS/EFM32HG/system_efm32hg.o
                0x0000000000000300                SystemLFRCOClockGet
 .text.SystemULFRCOClockGet
                0x000000000000030e        0xe ./CMSIS/EFM32HG/system_efm32hg.o
                0x000000000000030e                SystemULFRCOClockGet
 .text.SystemLFXOClockGet
                0x000000000000031c       0x14 ./CMSIS/EFM32HG/system_efm32hg.o
                0x000000000000031c                SystemLFXOClockGet
 .text.SL_Log2ToDiv
                0x0000000000000330       0x18 ./emlib/em_cmu.o
 .text.BUS_RegBitWrite
                0x0000000000000348       0x3c ./emlib/em_cmu.o
 .text.BUS_RegBitRead
                0x0000000000000384       0x20 ./emlib/em_cmu.o
 .text.CMU_DivToLog2
                0x00000000000003a4       0x2c ./emlib/em_cmu.o
 .text.SYSTEM_GetProdRev
                0x00000000000003d0       0x18 ./emlib/em_cmu.o
 .text.auxClkGet
                0x00000000000003e8       0xbc ./emlib/em_cmu.o
 .text.dbgClkGet
                0x00000000000004a4       0x48 ./emlib/em_cmu.o
 .text.flashWaitStateControl
                0x00000000000004ec       0x54 ./emlib/em_cmu.o
 .text.flashWaitStateMax
                0x0000000000000540       0x44 ./emlib/em_cmu.o
 .text.CMU_UpdateWaitStates
                0x0000000000000584       0x48 ./emlib/em_cmu.o
                0x0000000000000584                CMU_UpdateWaitStates
 .text.lfClkGet
                0x00000000000005cc      0x118 ./emlib/em_cmu.o
 .text.syncReg  0x00000000000006e4       0x2c ./emlib/em_cmu.o
 .text.usbCClkGet
                0x0000000000000710       0x6c ./emlib/em_cmu.o
 .text.hfperClkSafePrescaler
                0x000000000000077c        0xa ./emlib/em_cmu.o
 .text.hfperClkOptimizedPrescaler
                0x0000000000000786        0xa ./emlib/em_cmu.o
 .text.CMU_ClockDivGet
                0x0000000000000790       0xf0 ./emlib/em_cmu.o
                0x0000000000000790                CMU_ClockDivGet
 .text.CMU_ClockDivSet
                0x0000000000000880      0x170 ./emlib/em_cmu.o
                0x0000000000000880                CMU_ClockDivSet
 .text.CMU_ClockEnable
                0x00000000000009f0       0xb0 ./emlib/em_cmu.o
                0x00000000000009f0                CMU_ClockEnable
 .text.CMU_ClockFreqGet
                0x0000000000000aa0      0x1a4 ./emlib/em_cmu.o
                0x0000000000000aa0                CMU_ClockFreqGet
 .text.CMU_ClockSelectGet
                0x0000000000000c44      0x1f0 ./emlib/em_cmu.o
                0x0000000000000c44                CMU_ClockSelectGet
 .text.CMU_ClockSelectSet
                0x0000000000000e34      0x27c ./emlib/em_cmu.o
                0x0000000000000e34                CMU_ClockSelectSet
 .text.CMU_OscillatorEnable
                0x00000000000010b0       0xd4 ./emlib/em_cmu.o
                0x00000000000010b0                CMU_OscillatorEnable
 .text.CORE_EnterCritical
                0x0000000000001184       0x1e ./emlib/em_core.o
                0x0000000000001184                CORE_EnterCritical
 .text.CORE_ExitCritical
                0x00000000000011a2       0x1a ./emlib/em_core.o
                0x00000000000011a2                CORE_ExitCritical
 .text.SystemCoreClockUpdate
                0x00000000000011bc        0xe ./emlib/em_emu.o
 *fill*         0x00000000000011ca        0x2 
 .text.CMU_Lock
                0x00000000000011cc       0x18 ./emlib/em_emu.o
 .text.CMU_Unlock
                0x00000000000011e4       0x1c ./emlib/em_emu.o
 .text.emState  0x0000000000001200       0xe4 ./emlib/em_emu.o
 .text.getErrataFixEmuE107En
                0x00000000000012e4        0xc ./emlib/em_emu.o
 .text.EMU_EM23PresleepHook
                0x00000000000012f0        0xa ./emlib/em_emu.o
                0x00000000000012f0                EMU_EM23PresleepHook
 .text.EMU_EFPEM23PresleepHook
                0x00000000000012fa        0xa ./emlib/em_emu.o
                0x00000000000012fa                EMU_EFPEM23PresleepHook
 .text.EMU_EM23PostsleepHook
                0x0000000000001304        0xa ./emlib/em_emu.o
                0x0000000000001304                EMU_EM23PostsleepHook
 .text.EMU_EFPEM23PostsleepHook
                0x000000000000130e        0xa ./emlib/em_emu.o
                0x000000000000130e                EMU_EFPEM23PostsleepHook
 .text.EMU_EnterEM2
                0x0000000000001318       0xc0 ./emlib/em_emu.o
                0x0000000000001318                EMU_EnterEM2
 .text.GPIO_PinOutClear
                0x00000000000013d8       0x58 ./emlib/em_gpio.o
 .text.GPIO_PinOutSet
                0x0000000000001430       0x58 ./emlib/em_gpio.o
 .text.GPIO_PinModeSet
                0x0000000000001488      0x154 ./emlib/em_gpio.o
                0x0000000000001488                GPIO_PinModeSet
 .text.LEUART_Sync
                0x00000000000015dc       0x2a ./emlib/em_leuart.o
 *fill*         0x0000000000001606        0x2 
 .text.LEUART_BaudrateSet
                0x0000000000001608       0x74 ./emlib/em_leuart.o
                0x0000000000001608                LEUART_BaudrateSet
 .text.LEUART_FreezeEnable
                0x000000000000167c       0x36 ./emlib/em_leuart.o
                0x000000000000167c                LEUART_FreezeEnable
 .text.LEUART_Init
                0x00000000000016b2       0x6e ./emlib/em_leuart.o
                0x00000000000016b2                LEUART_Init
 .text.LEUART_Rx
                0x0000000000001720       0x22 ./emlib/em_leuart.o
                0x0000000000001720                LEUART_Rx
 .text.LEUART_Tx
                0x0000000000001742       0x34 ./emlib/em_leuart.o
                0x0000000000001742                LEUART_Tx
 *fill*         0x0000000000001776        0x2 
 .text.__NVIC_EnableIRQ
                0x0000000000001778       0x34 ./src/main_s0.o
 .text.LEUART_IntClear
                0x00000000000017ac       0x18 ./src/main_s0.o
 .text.LEUART_IntDisable
                0x00000000000017c4       0x20 ./src/main_s0.o
 .text.LEUART_IntEnable
                0x00000000000017e4       0x1e ./src/main_s0.o
 .text.LEUART_IntGet
                0x0000000000001802       0x14 ./src/main_s0.o
 .text.LEUART_IntSet
                0x0000000000001816       0x18 ./src/main_s0.o
 *fill*         0x000000000000182e        0x2 
 .text.SYSTEM_GetProdRev
                0x0000000000001830       0x18 ./src/main_s0.o
 .text.CHIP_Init
                0x0000000000001848       0x4c ./src/main_s0.o
 .text.initGpio
                0x0000000000001894       0x30 ./src/main_s0.o
                0x0000000000001894                initGpio
 .text.initLeuart
                0x00000000000018c4       0x78 ./src/main_s0.o
                0x00000000000018c4                initLeuart
 .text.LEUART0_IRQHandler
                0x000000000000193c       0xe8 ./src/main_s0.o
                0x000000000000193c                LEUART0_IRQHandler
 .text.main     0x0000000000001a24       0xd4 ./src/main_s0.o
                0x0000000000001a24                main
 .text          0x0000000000001af8      0x114 /Applications/Simplicity Studio.app/Contents/Eclipse/developer/toolchains/gnu_arm/10.2_2020q4/bin/../lib/gcc/arm-none-eabi/10.2.1/thumb/v6-m/nofp/libgcc.a(_udivsi3.o)
                0x0000000000001af8                __udivsi3
                0x0000000000001af8                __aeabi_uidiv
                0x0000000000001c04                __aeabi_uidivmod
 .text          0x0000000000001c0c        0x4 /Applications/Simplicity Studio.app/Contents/Eclipse/developer/toolchains/gnu_arm/10.2_2020q4/bin/../lib/gcc/arm-none-eabi/10.2.1/thumb/v6-m/nofp/libgcc.a(_dvmd_tls.o)
                0x0000000000001c0c                __aeabi_ldiv0
                0x0000000000001c0c                __aeabi_idiv0
 .text          0x0000000000001c10       0x3c /Applications/Simplicity Studio.app/Contents/Eclipse/developer/toolchains/gnu_arm/10.2_2020q4/bin/../lib/gcc/arm-none-eabi/10.2.1/thumb/v6-m/nofp/libgcc.a(_clzsi2.o)
                0x0000000000001c10                __clzsi2
 .text.exit     0x0000000000001c4c       0x2c /Applications/Simplicity Studio.app/Contents/Eclipse/developer/toolchains/gnu_arm/10.2_2020q4/bin/../lib/gcc/arm-none-eabi/10.2.1/../../../../arm-none-eabi/lib/thumb/v6-m/nofp/libc_nano.a(lib_a-exit.o)
                0x0000000000001c4c                exit
 .text.__libc_init_array
                0x0000000000001c78       0x48 /Applications/Simplicity Studio.app/Contents/Eclipse/developer/toolchains/gnu_arm/10.2_2020q4/bin/../lib/gcc/arm-none-eabi/10.2.1/../../../../arm-none-eabi/lib/thumb/v6-m/nofp/libc_nano.a(lib_a-init.o)
                0x0000000000001c78                __libc_init_array
 .text.memset   0x0000000000001cc0       0x10 /Applications/Simplicity Studio.app/Contents/Eclipse/developer/toolchains/gnu_arm/10.2_2020q4/bin/../lib/gcc/arm-none-eabi/10.2.1/../../../../arm-none-eabi/lib/thumb/v6-m/nofp/libc_nano.a(lib_a-memset.o)
                0x0000000000001cc0                memset
 .text._exit    0x0000000000001cd0        0x4 /Applications/Simplicity Studio.app/Contents/Eclipse/developer/toolchains/gnu_arm/10.2_2020q4/bin/../lib/gcc/arm-none-eabi/10.2.1/../../../../arm-none-eabi/lib/thumb/v6-m/nofp/libnosys.a(_exit.o)
                0x0000000000001cd0                _exit
 *(.init)
 .init          0x0000000000001cd4        0x4 /Applications/Simplicity Studio.app/Contents/Eclipse/developer/toolchains/gnu_arm/10.2_2020q4/bin/../lib/gcc/arm-none-eabi/10.2.1/thumb/v6-m/nofp/crti.o
                0x0000000000001cd4                _init
 .init          0x0000000000001cd8        0x8 /Applications/Simplicity Studio.app/Contents/Eclipse/developer/toolchains/gnu_arm/10.2_2020q4/bin/../lib/gcc/arm-none-eabi/10.2.1/thumb/v6-m/nofp/crtn.o
 *(.fini)
 .fini          0x0000000000001ce0        0x4 /Applications/Simplicity Studio.app/Contents/Eclipse/developer/toolchains/gnu_arm/10.2_2020q4/bin/../lib/gcc/arm-none-eabi/10.2.1/thumb/v6-m/nofp/crti.o
                0x0000000000001ce0                _fini
 .fini          0x0000000000001ce4        0x8 /Applications/Simplicity Studio.app/Contents/Eclipse/developer/toolchains/gnu_arm/10.2_2020q4/bin/../lib/gcc/arm-none-eabi/10.2.1/thumb/v6-m/nofp/crtn.o
 *fill*         0x0000000000001cec        0x4 
 .fini.__stub   0x0000000000001cf0       0x10 linker stubs
 *crtbegin.o(.ctors)
 *crtbegin?.o(.ctors)
 *(EXCLUDE_FILE(*crtend.o *crtend?.o) .ctors)
 *(SORT_BY_NAME(.ctors.*))
 *(.ctors)
 *crtbegin.o(.dtors)
 *crtbegin?.o(.dtors)
 *(EXCLUDE_FILE(*crtend.o *crtend?.o) .dtors)
 *(SORT_BY_NAME(.dtors.*))
 *(.dtors)
 *(.rodata*)
 .rodata.CMU_ClockDivGet
                0x0000000000001d00       0x38 ./emlib/em_cmu.o
 .rodata.CMU_ClockDivSet
                0x0000000000001d38       0x38 ./emlib/em_cmu.o
 .rodata.CMU_ClockEnable
                0x0000000000001d70       0x2c ./emlib/em_cmu.o
 .rodata.CMU_ClockSelectGet
                0x0000000000001d9c       0x20 ./emlib/em_cmu.o
 .rodata.CMU_ClockSelectSet
                0x0000000000001dbc       0x68 ./emlib/em_cmu.o
 .rodata.CMU_OscillatorEnable
                0x0000000000001e24       0x18 ./emlib/em_cmu.o
 .rodata        0x0000000000001e3c       0x1a ./src/main_s0.o
 *fill*         0x0000000000001e56        0x2 
 .rodata._global_impure_ptr
                0x0000000000001e58        0x4 /Applications/Simplicity Studio.app/Contents/Eclipse/developer/toolchains/gnu_arm/10.2_2020q4/bin/../lib/gcc/arm-none-eabi/10.2.1/../../../../arm-none-eabi/lib/thumb/v6-m/nofp/libc_nano.a(lib_a-impure.o)
                0x0000000000001e58                _global_impure_ptr
 *(.eh_frame*)
 .eh_frame      0x0000000000001e5c        0x0 /Applications/Simplicity Studio.app/Contents/Eclipse/developer/toolchains/gnu_arm/10.2_2020q4/bin/../lib/gcc/arm-none-eabi/10.2.1/thumb/v6-m/nofp/crtbegin.o
 .eh_frame      0x0000000000001e5c        0x4 /Applications/Simplicity Studio.app/Contents/Eclipse/developer/toolchains/gnu_arm/10.2_2020q4/bin/../lib/gcc/arm-none-eabi/10.2.1/thumb/v6-m/nofp/crtend.o

.glue_7         0x0000000000001e60        0x0
 .glue_7        0x0000000000001e60        0x0 linker stubs

.glue_7t        0x0000000000001e60        0x0
 .glue_7t       0x0000000000001e60        0x0 linker stubs

.vfp11_veneer   0x0000000000001e60        0x0
 .vfp11_veneer  0x0000000000001e60        0x0 linker stubs

.v4_bx          0x0000000000001e60        0x0
 .v4_bx         0x0000000000001e60        0x0 linker stubs

.iplt           0x0000000000001e60        0x0
 .iplt          0x0000000000001e60        0x0 /Applications/Simplicity Studio.app/Contents/Eclipse/developer/toolchains/gnu_arm/10.2_2020q4/bin/../lib/gcc/arm-none-eabi/10.2.1/thumb/v6-m/nofp/crtbegin.o

.ARM.extab
 *(.ARM.extab* .gnu.linkonce.armextab.*)
                0x0000000000001e60                __exidx_start = .

.ARM.exidx      0x0000000000001e60        0x8
 *(.ARM.exidx* .gnu.linkonce.armexidx.*)
 .ARM.exidx     0x0000000000001e60        0x8 /Applications/Simplicity Studio.app/Contents/Eclipse/developer/toolchains/gnu_arm/10.2_2020q4/bin/../lib/gcc/arm-none-eabi/10.2.1/../../../../arm-none-eabi/lib/thumb/v6-m/nofp/crt0.o
                                         0x10 (size before relaxing)
                0x0000000000001e68                __exidx_end = .
                0x0000000000001e68                __etext = .

.rel.dyn        0x0000000000001e68        0x0
 .rel.iplt      0x0000000000001e68        0x0 /Applications/Simplicity Studio.app/Contents/Eclipse/developer/toolchains/gnu_arm/10.2_2020q4/bin/../lib/gcc/arm-none-eabi/10.2.1/thumb/v6-m/nofp/crtbegin.o

.data           0x0000000020000000       0x88 load address 0x0000000000001e68
                0x0000000020000000                __data_start__ = .
 *(vtable)
 *(.data*)
 .data.SystemHFXOClock
                0x0000000020000000        0x4 ./CMSIS/EFM32HG/system_efm32hg.o
 .data.SystemLFXOClock
                0x0000000020000004        0x4 ./CMSIS/EFM32HG/system_efm32hg.o
 .data.SystemCoreClock
                0x0000000020000008        0x4 ./CMSIS/EFM32HG/system_efm32hg.o
                0x0000000020000008                SystemCoreClock
 .data.ushfrcoFreq
                0x000000002000000c        0x4 ./emlib/em_cmu.o
 .data.impure_data
                0x0000000020000010       0x60 /Applications/Simplicity Studio.app/Contents/Eclipse/developer/toolchains/gnu_arm/10.2_2020q4/bin/../lib/gcc/arm-none-eabi/10.2.1/../../../../arm-none-eabi/lib/thumb/v6-m/nofp/libc_nano.a(lib_a-impure.o)
                0x0000000020000070                . = ALIGN (0x4)
 *(.ram)
 .ram           0x0000000020000070       0x10 ./emlib/em_emu.o
                0x0000000020000080                . = ALIGN (0x4)
                0x0000000020000080                PROVIDE (__preinit_array_start = .)
 *(.preinit_array)
                0x0000000020000080                PROVIDE (__preinit_array_end = .)
                0x0000000020000080                . = ALIGN (0x4)
                0x0000000020000080                PROVIDE (__init_array_start = .)
 *(SORT_BY_NAME(.init_array.*))
 *(.init_array)
 .init_array    0x0000000020000080        0x4 /Applications/Simplicity Studio.app/Contents/Eclipse/developer/toolchains/gnu_arm/10.2_2020q4/bin/../lib/gcc/arm-none-eabi/10.2.1/thumb/v6-m/nofp/crtbegin.o
                0x0000000020000084                PROVIDE (__init_array_end = .)
                0x0000000020000084                . = ALIGN (0x4)
                [!provide]                        PROVIDE (__fini_array_start = .)
 *(SORT_BY_NAME(.fini_array.*))
 *(.fini_array)
 .fini_array    0x0000000020000084        0x4 /Applications/Simplicity Studio.app/Contents/Eclipse/developer/toolchains/gnu_arm/10.2_2020q4/bin/../lib/gcc/arm-none-eabi/10.2.1/thumb/v6-m/nofp/crtbegin.o
                [!provide]                        PROVIDE (__fini_array_end = .)
 *(.jcr*)
                0x0000000020000088                . = ALIGN (0x4)
                0x0000000020000088                __data_end__ = .

.igot.plt       0x0000000020000088        0x0 load address 0x0000000000001ef0
 .igot.plt      0x0000000020000088        0x0 /Applications/Simplicity Studio.app/Contents/Eclipse/developer/toolchains/gnu_arm/10.2_2020q4/bin/../lib/gcc/arm-none-eabi/10.2.1/thumb/v6-m/nofp/crtbegin.o

.bss            0x0000000020000088       0xd0 load address 0x0000000000001ef0
                0x0000000020000088                . = ALIGN (0x4)
                0x0000000020000088                __bss_start__ = .
 *(.bss*)
 .bss           0x0000000020000088       0x1c /Applications/Simplicity Studio.app/Contents/Eclipse/developer/toolchains/gnu_arm/10.2_2020q4/bin/../lib/gcc/arm-none-eabi/10.2.1/thumb/v6-m/nofp/crtbegin.o
 .bss.cmuStatus.1
                0x00000000200000a4        0x4 ./emlib/em_emu.o
 .bss.hfClock.0
                0x00000000200000a8        0x1 ./emlib/em_emu.o
 *fill*         0x00000000200000a9        0x3 
 .bss.rxDataReady
                0x00000000200000ac        0x4 ./src/main_s0.o
 .bss.rxBuffer  0x00000000200000b0       0x50 ./src/main_s0.o
 .bss.txBuffer  0x0000000020000100       0x50 ./src/main_s0.o
 .bss.rxIndex.1
                0x0000000020000150        0x4 ./src/main_s0.o
 .bss.txIndex.0
                0x0000000020000154        0x4 ./src/main_s0.o
 *(COMMON)
                0x0000000020000158                . = ALIGN (0x4)
                0x0000000020000158                __bss_end__ = .

.heap           0x0000000020000158      0x400
                0x0000000020000158                __HeapBase = .
                0x0000000020000158                __end__ = .
                0x0000000020000158                end = __end__
                0x0000000020000158                _end = __end__
 *(.heap*)
 .heap          0x0000000020000158      0x400 ./CMSIS/EFM32HG/startup_efm32hg.o
                0x0000000020000558                __HeapLimit = .

.stack_dummy    0x0000000020000158      0x400
 *(.stack*)
 .stack         0x0000000020000158      0x400 ./CMSIS/EFM32HG/startup_efm32hg.o
                0x0000000020002000                __StackTop = (ORIGIN (RAM) + LENGTH (RAM))
                0x0000000020001c00                __StackLimit = (__StackTop - SIZEOF (.stack_dummy))
                0x0000000020002000                PROVIDE (__stack = __StackTop)
                0x0000000000000001                ASSERT ((__StackLimit >= __HeapLimit), region RAM overflowed with stack)
                0x0000000000000001                ASSERT ((LENGTH (FLASH) >= (__etext + SIZEOF (.data))), FLASH memory overflowed !)
OUTPUT(SLSTK3400A_EFM32HG_leuart_echo.axf elf32-littlearm)
LOAD linker stubs

.ARM.attributes
                0x0000000000000000       0x28
 .ARM.attributes
                0x0000000000000000       0x1e /Applications/Simplicity Studio.app/Contents/Eclipse/developer/toolchains/gnu_arm/10.2_2020q4/bin/../lib/gcc/arm-none-eabi/10.2.1/thumb/v6-m/nofp/crti.o
 .ARM.attributes
                0x000000000000001e       0x2c /Applications/Simplicity Studio.app/Contents/Eclipse/developer/toolchains/gnu_arm/10.2_2020q4/bin/../lib/gcc/arm-none-eabi/10.2.1/thumb/v6-m/nofp/crtbegin.o
 .ARM.attributes
                0x000000000000004a       0x1b /Applications/Simplicity Studio.app/Contents/Eclipse/developer/toolchains/gnu_arm/10.2_2020q4/bin/../lib/gcc/arm-none-eabi/10.2.1/../../../../arm-none-eabi/lib/thumb/v6-m/nofp/crt0.o
 .ARM.attributes
                0x0000000000000065       0x1b ./CMSIS/EFM32HG/startup_efm32hg.o
 .ARM.attributes
                0x0000000000000080       0x2c ./CMSIS/EFM32HG/system_efm32hg.o
 .ARM.attributes
                0x00000000000000ac       0x2c ./emlib/em_cmu.o
 .ARM.attributes
                0x00000000000000d8       0x2c ./emlib/em_core.o
 .ARM.attributes
                0x0000000000000104       0x2c ./emlib/em_emu.o
 .ARM.attributes
                0x0000000000000130       0x2c ./emlib/em_gpio.o
 .ARM.attributes
                0x000000000000015c       0x2c ./emlib/em_leuart.o
 .ARM.attributes
                0x0000000000000188       0x2c ./src/main_s0.o
 .ARM.attributes
                0x00000000000001b4       0x1e /Applications/Simplicity Studio.app/Contents/Eclipse/developer/toolchains/gnu_arm/10.2_2020q4/bin/../lib/gcc/arm-none-eabi/10.2.1/thumb/v6-m/nofp/libgcc.a(_udivsi3.o)
 .ARM.attributes
                0x00000000000001d2       0x1e /Applications/Simplicity Studio.app/Contents/Eclipse/developer/toolchains/gnu_arm/10.2_2020q4/bin/../lib/gcc/arm-none-eabi/10.2.1/thumb/v6-m/nofp/libgcc.a(_dvmd_tls.o)
 .ARM.attributes
                0x00000000000001f0       0x1e /Applications/Simplicity Studio.app/Contents/Eclipse/developer/toolchains/gnu_arm/10.2_2020q4/bin/../lib/gcc/arm-none-eabi/10.2.1/thumb/v6-m/nofp/libgcc.a(_clzsi2.o)
 .ARM.attributes
                0x000000000000020e       0x2c /Applications/Simplicity Studio.app/Contents/Eclipse/developer/toolchains/gnu_arm/10.2_2020q4/bin/../lib/gcc/arm-none-eabi/10.2.1/../../../../arm-none-eabi/lib/thumb/v6-m/nofp/libc_nano.a(lib_a-exit.o)
 .ARM.attributes
                0x000000000000023a       0x2c /Applications/Simplicity Studio.app/Contents/Eclipse/developer/toolchains/gnu_arm/10.2_2020q4/bin/../lib/gcc/arm-none-eabi/10.2.1/../../../../arm-none-eabi/lib/thumb/v6-m/nofp/libc_nano.a(lib_a-impure.o)
 .ARM.attributes
                0x0000000000000266       0x2c /Applications/Simplicity Studio.app/Contents/Eclipse/developer/toolchains/gnu_arm/10.2_2020q4/bin/../lib/gcc/arm-none-eabi/10.2.1/../../../../arm-none-eabi/lib/thumb/v6-m/nofp/libc_nano.a(lib_a-init.o)
 .ARM.attributes
                0x0000000000000292       0x2c /Applications/Simplicity Studio.app/Contents/Eclipse/developer/toolchains/gnu_arm/10.2_2020q4/bin/../lib/gcc/arm-none-eabi/10.2.1/../../../../arm-none-eabi/lib/thumb/v6-m/nofp/libc_nano.a(lib_a-memset.o)
 .ARM.attributes
                0x00000000000002be       0x2c /Applications/Simplicity Studio.app/Contents/Eclipse/developer/toolchains/gnu_arm/10.2_2020q4/bin/../lib/gcc/arm-none-eabi/10.2.1/../../../../arm-none-eabi/lib/thumb/v6-m/nofp/libnosys.a(_exit.o)
 .ARM.attributes
                0x00000000000002ea       0x2c /Applications/Simplicity Studio.app/Contents/Eclipse/developer/toolchains/gnu_arm/10.2_2020q4/bin/../lib/gcc/arm-none-eabi/10.2.1/thumb/v6-m/nofp/crtend.o
 .ARM.attributes
                0x0000000000000316       0x1e /Applications/Simplicity Studio.app/Contents/Eclipse/developer/toolchains/gnu_arm/10.2_2020q4/bin/../lib/gcc/arm-none-eabi/10.2.1/thumb/v6-m/nofp/crtn.o

.comment        0x0000000000000000       0x4d
 .comment       0x0000000000000000       0x4d ./CMSIS/EFM32HG/system_efm32hg.o
                                         0x4e (size before relaxing)
 .comment       0x000000000000004d       0x4e ./emlib/em_cmu.o
 .comment       0x000000000000004d       0x4e ./emlib/em_core.o
 .comment       0x000000000000004d       0x4e ./emlib/em_emu.o
 .comment       0x000000000000004d       0x4e ./emlib/em_gpio.o
 .comment       0x000000000000004d       0x4e ./emlib/em_leuart.o
 .comment       0x000000000000004d       0x4e ./src/main_s0.o

.debug_line     0x0000000000000000     0x3821
 .debug_line    0x0000000000000000       0xe7 ./CMSIS/EFM32HG/startup_efm32hg.o
 .debug_line    0x00000000000000e7      0x46f ./CMSIS/EFM32HG/system_efm32hg.o
 .debug_line    0x0000000000000556     0x11cf ./emlib/em_cmu.o
 .debug_line    0x0000000000001725      0x843 ./emlib/em_core.o
 .debug_line    0x0000000000001f68      0x773 ./emlib/em_emu.o
 .debug_line    0x00000000000026db      0x621 ./emlib/em_gpio.o
 .debug_line    0x0000000000002cfc      0x586 ./emlib/em_leuart.o
 .debug_line    0x0000000000003282      0x59f ./src/main_s0.o

.debug_info     0x0000000000000000     0x4d6b
 .debug_info    0x0000000000000000       0x26 ./CMSIS/EFM32HG/startup_efm32hg.o
 .debug_info    0x0000000000000026      0x5db ./CMSIS/EFM32HG/system_efm32hg.o
 .debug_info    0x0000000000000601     0x14d3 ./emlib/em_cmu.o
 .debug_info    0x0000000000001ad4      0xb50 ./emlib/em_core.o
 .debug_info    0x0000000000002624      0xb2c ./emlib/em_emu.o
 .debug_info    0x0000000000003150      0x6e8 ./emlib/em_gpio.o
 .debug_info    0x0000000000003838      0x858 ./emlib/em_leuart.o
 .debug_info    0x0000000000004090      0xcdb ./src/main_s0.o

.debug_abbrev   0x0000000000000000      0xfa4
 .debug_abbrev  0x0000000000000000       0x14 ./CMSIS/EFM32HG/startup_efm32hg.o
 .debug_abbrev  0x0000000000000014      0x203 ./CMSIS/EFM32HG/system_efm32hg.o
 .debug_abbrev  0x0000000000000217      0x2de ./emlib/em_cmu.o
 .debug_abbrev  0x00000000000004f5      0x24d ./emlib/em_core.o
 .debug_abbrev  0x0000000000000742      0x248 ./emlib/em_emu.o
 .debug_abbrev  0x000000000000098a      0x1f3 ./emlib/em_gpio.o
 .debug_abbrev  0x0000000000000b7d      0x1d9 ./emlib/em_leuart.o
 .debug_abbrev  0x0000000000000d56      0x24e ./src/main_s0.o

.debug_aranges  0x0000000000000000      0x540
 .debug_aranges
                0x0000000000000000       0x20 ./CMSIS/EFM32HG/startup_efm32hg.o
 .debug_aranges
                0x0000000000000020       0x68 ./CMSIS/EFM32HG/system_efm32hg.o
 .debug_aranges
                0x0000000000000088      0x188 ./emlib/em_cmu.o
 .debug_aranges
                0x0000000000000210       0xe8 ./emlib/em_core.o
 .debug_aranges
                0x00000000000002f8       0xd0 ./emlib/em_emu.o
 .debug_aranges
                0x00000000000003c8       0x78 ./emlib/em_gpio.o
 .debug_aranges
                0x0000000000000440       0x88 ./emlib/em_leuart.o
 .debug_aranges
                0x00000000000004c8       0x78 ./src/main_s0.o

.debug_str      0x0000000000000000     0x2043
 .debug_str     0x0000000000000000       0xf9 ./CMSIS/EFM32HG/startup_efm32hg.o
 .debug_str     0x00000000000000f9      0x440 ./CMSIS/EFM32HG/system_efm32hg.o
                                        0x4e7 (size before relaxing)
 .debug_str     0x0000000000000539      0xb2b ./emlib/em_cmu.o
                                        0xe7a (size before relaxing)
 .debug_str     0x0000000000001064      0x4db ./emlib/em_core.o
                                        0x746 (size before relaxing)
 .debug_str     0x000000000000153f      0x2c0 ./emlib/em_emu.o
                                        0x8e5 (size before relaxing)
 .debug_str     0x00000000000017ff      0x432 ./emlib/em_gpio.o
                                        0x66e (size before relaxing)
 .debug_str     0x0000000000001c31      0x327 ./emlib/em_leuart.o
                                        0x71f (size before relaxing)
 .debug_str     0x0000000000001f58       0xeb ./src/main_s0.o
                                        0xb95 (size before relaxing)

.debug_loc      0x0000000000000000     0x1d74
 .debug_loc     0x0000000000000000      0x1e8 ./CMSIS/EFM32HG/system_efm32hg.o
 .debug_loc     0x00000000000001e8      0x998 ./emlib/em_cmu.o
 .debug_loc     0x0000000000000b80      0x574 ./emlib/em_core.o
 .debug_loc     0x00000000000010f4      0x448 ./emlib/em_emu.o
 .debug_loc     0x000000000000153c      0x2a0 ./emlib/em_gpio.o
 .debug_loc     0x00000000000017dc      0x310 ./emlib/em_leuart.o
 .debug_loc     0x0000000000001aec      0x288 ./src/main_s0.o

.debug_ranges   0x0000000000000000      0x4b0
 .debug_ranges  0x0000000000000000       0x58 ./CMSIS/EFM32HG/system_efm32hg.o
 .debug_ranges  0x0000000000000058      0x178 ./emlib/em_cmu.o
 .debug_ranges  0x00000000000001d0       0xd8 ./emlib/em_core.o
 .debug_ranges  0x00000000000002a8       0xc0 ./emlib/em_emu.o
 .debug_ranges  0x0000000000000368       0x68 ./emlib/em_gpio.o
 .debug_ranges  0x00000000000003d0       0x78 ./emlib/em_leuart.o
 .debug_ranges  0x0000000000000448       0x68 ./src/main_s0.o

.debug_frame    0x0000000000000000     0x1278
 .debug_frame   0x0000000000000000      0x138 ./CMSIS/EFM32HG/system_efm32hg.o
 .debug_frame   0x0000000000000138      0x5b0 ./emlib/em_cmu.o
 .debug_frame   0x00000000000006e8      0x33c ./emlib/em_core.o
 .debug_frame   0x0000000000000a24      0x2b8 ./emlib/em_emu.o
 .debug_frame   0x0000000000000cdc      0x190 ./emlib/em_gpio.o
 .debug_frame   0x0000000000000e6c      0x1d0 ./emlib/em_leuart.o
 .debug_frame   0x000000000000103c      0x188 ./src/main_s0.o
 .debug_frame   0x00000000000011c4       0x20 /Applications/Simplicity Studio.app/Contents/Eclipse/developer/toolchains/gnu_arm/10.2_2020q4/bin/../lib/gcc/arm-none-eabi/10.2.1/thumb/v6-m/nofp/libgcc.a(_udivsi3.o)
 .debug_frame   0x00000000000011e4       0x28 /Applications/Simplicity Studio.app/Contents/Eclipse/developer/toolchains/gnu_arm/10.2_2020q4/bin/../lib/gcc/arm-none-eabi/10.2.1/../../../../arm-none-eabi/lib/thumb/v6-m/nofp/libc_nano.a(lib_a-exit.o)
 .debug_frame   0x000000000000120c       0x2c /Applications/Simplicity Studio.app/Contents/Eclipse/developer/toolchains/gnu_arm/10.2_2020q4/bin/../lib/gcc/arm-none-eabi/10.2.1/../../../../arm-none-eabi/lib/thumb/v6-m/nofp/libc_nano.a(lib_a-init.o)
 .debug_frame   0x0000000000001238       0x20 /Applications/Simplicity Studio.app/Contents/Eclipse/developer/toolchains/gnu_arm/10.2_2020q4/bin/../lib/gcc/arm-none-eabi/10.2.1/../../../../arm-none-eabi/lib/thumb/v6-m/nofp/libc_nano.a(lib_a-memset.o)
 .debug_frame   0x0000000000001258       0x20 /Applications/Simplicity Studio.app/Contents/Eclipse/developer/toolchains/gnu_arm/10.2_2020q4/bin/../lib/gcc/arm-none-eabi/10.2.1/../../../../arm-none-eabi/lib/thumb/v6-m/nofp/libnosys.a(_exit.o)
